Component: ARM Compiler 5.06 update 6 (build 750) Tool: armlink [4d35ed]

==============================================================================

Section Cross References

    startup_stm32f429xx.o(RESET) refers to startup_stm32f429xx.o(STACK) for __initial_sp
    startup_stm32f429xx.o(RESET) refers to startup_stm32f429xx.o(.text) for Reset_Handler
    startup_stm32f429xx.o(RESET) refers to stm32f4xx_it.o(i.NMI_Handler) for NMI_Handler
    startup_stm32f429xx.o(RESET) refers to stm32f4xx_it.o(i.HardFault_Handler) for HardFault_Handler
    startup_stm32f429xx.o(RESET) refers to stm32f4xx_it.o(i.MemManage_Handler) for MemManage_Handler
    startup_stm32f429xx.o(RESET) refers to stm32f4xx_it.o(i.BusFault_Handler) for BusFault_Handler
    startup_stm32f429xx.o(RESET) refers to stm32f4xx_it.o(i.UsageFault_Handler) for UsageFault_Handler
    startup_stm32f429xx.o(RESET) refers to stm32f4xx_it.o(i.SVC_Handler) for SVC_Handler
    startup_stm32f429xx.o(RESET) refers to stm32f4xx_it.o(i.DebugMon_Handler) for DebugMon_Handler
    startup_stm32f429xx.o(RESET) refers to stm32f4xx_it.o(i.PendSV_Handler) for PendSV_Handler
    startup_stm32f429xx.o(RESET) refers to stm32f4xx_it.o(i.SysTick_Handler) for SysTick_Handler
    startup_stm32f429xx.o(RESET) refers to stm32f4xx_it.o(i.USART1_IRQHandler) for USART1_IRQHandler
    startup_stm32f429xx.o(RESET) refers to stm32f4xx_it.o(i.DMA2_Stream2_IRQHandler) for DMA2_Stream2_IRQHandler
    startup_stm32f429xx.o(RESET) refers to stm32f4xx_it.o(i.OTG_HS_IRQHandler) for OTG_HS_IRQHandler
    startup_stm32f429xx.o(.text) refers to system_stm32f4xx.o(i.SystemInit) for SystemInit
    startup_stm32f429xx.o(.text) refers to entry.o(.ARM.Collect$$$$00000000) for __main
    main.o(i.SystemClock_Config) refers to memseta.o(.text) for __aeabi_memclr4
    main.o(i.SystemClock_Config) refers to stm32f4xx_hal_rcc.o(i.HAL_RCC_OscConfig) for HAL_RCC_OscConfig
    main.o(i.SystemClock_Config) refers to stm32f4xx_hal_rcc.o(i.HAL_RCC_ClockConfig) for HAL_RCC_ClockConfig
    main.o(i.main) refers to stm32f4xx_hal.o(i.HAL_Init) for HAL_Init
    main.o(i.main) refers to main.o(i.SystemClock_Config) for SystemClock_Config
    main.o(i.main) refers to gpio.o(i.MX_GPIO_Init) for MX_GPIO_Init
    main.o(i.main) refers to dma.o(i.MX_DMA_Init) for MX_DMA_Init
    main.o(i.main) refers to usart.o(i.MX_USART1_UART_Init) for MX_USART1_UART_Init
    main.o(i.main) refers to usb_device.o(i.MX_USB_DEVICE_Init) for MX_USB_DEVICE_Init
    main.o(i.main) refers to stm32f4xx_hal_uart.o(i.HAL_UART_Receive_DMA) for HAL_UART_Receive_DMA
    main.o(i.main) refers to printf2.o(i.__0printf$2) for __2printf
    main.o(i.main) refers to stm32f4xx_hal.o(i.HAL_Delay) for HAL_Delay
    main.o(i.main) refers to usbd_customhid.o(i.USBD_CUSTOM_HID_SendReport) for USBD_CUSTOM_HID_SendReport
    main.o(i.main) refers to usart.o(.bss) for huart1
    main.o(i.main) refers to usart.o(.bss) for uart_recv_buf
    main.o(i.main) refers to usart.o(.data) for uart_recv_flag
    main.o(i.main) refers to main.o(.data) for .data
    main.o(i.main) refers to usb_device.o(.bss) for hUsbDeviceHS
    gpio.o(i.MX_GPIO_Init) refers to memseta.o(.text) for __aeabi_memclr4
    gpio.o(i.MX_GPIO_Init) refers to stm32f4xx_hal_gpio.o(i.HAL_GPIO_WritePin) for HAL_GPIO_WritePin
    gpio.o(i.MX_GPIO_Init) refers to stm32f4xx_hal_gpio.o(i.HAL_GPIO_Init) for HAL_GPIO_Init
    dma.o(i.MX_DMA_Init) refers to stm32f4xx_hal_cortex.o(i.HAL_NVIC_SetPriority) for HAL_NVIC_SetPriority
    dma.o(i.MX_DMA_Init) refers to stm32f4xx_hal_cortex.o(i.HAL_NVIC_EnableIRQ) for HAL_NVIC_EnableIRQ
    usart.o(i.HAL_UART_MspDeInit) refers to stm32f4xx_hal_gpio.o(i.HAL_GPIO_DeInit) for HAL_GPIO_DeInit
    usart.o(i.HAL_UART_MspDeInit) refers to stm32f4xx_hal_dma.o(i.HAL_DMA_DeInit) for HAL_DMA_DeInit
    usart.o(i.HAL_UART_MspDeInit) refers to stm32f4xx_hal_cortex.o(i.HAL_NVIC_DisableIRQ) for HAL_NVIC_DisableIRQ
    usart.o(i.HAL_UART_MspInit) refers to memseta.o(.text) for __aeabi_memclr4
    usart.o(i.HAL_UART_MspInit) refers to stm32f4xx_hal_gpio.o(i.HAL_GPIO_Init) for HAL_GPIO_Init
    usart.o(i.HAL_UART_MspInit) refers to stm32f4xx_hal_dma.o(i.HAL_DMA_Init) for HAL_DMA_Init
    usart.o(i.HAL_UART_MspInit) refers to main.o(i.Error_Handler) for Error_Handler
    usart.o(i.HAL_UART_MspInit) refers to stm32f4xx_hal_cortex.o(i.HAL_NVIC_SetPriority) for HAL_NVIC_SetPriority
    usart.o(i.HAL_UART_MspInit) refers to stm32f4xx_hal_cortex.o(i.HAL_NVIC_EnableIRQ) for HAL_NVIC_EnableIRQ
    usart.o(i.HAL_UART_MspInit) refers to usart.o(.bss) for .bss
    usart.o(i.MX_USART1_UART_Init) refers to stm32f4xx_hal_uart.o(i.HAL_UART_Init) for HAL_UART_Init
    usart.o(i.MX_USART1_UART_Init) refers to main.o(i.Error_Handler) for Error_Handler
    usart.o(i.MX_USART1_UART_Init) refers to usart.o(.bss) for .bss
    usart.o(i.fputc) refers to stm32f4xx_hal_uart.o(i.HAL_UART_Transmit) for HAL_UART_Transmit
[...]
    i.HAL_RCC_OscConfig                      0x08001600   Section        0  stm32f4xx_hal_rcc.o(i.HAL_RCC_OscConfig)
    i.HAL_SYSTICK_Config                     0x0800191c   Section        0  stm32f4xx_hal_cortex.o(i.HAL_SYSTICK_Config)
    i.HAL_UART_DMAStop                       0x08001944   Section        0  stm32f4xx_hal_uart.o(i.HAL_UART_DMAStop)
    i.HAL_UART_ErrorCallback                 0x0800199c   Section        0  stm32f4xx_hal_uart.o(i.HAL_UART_ErrorCallback)
    i.HAL_UART_IRQHandler                    0x080019a0   Section        0  stm32f4xx_hal_uart.o(i.HAL_UART_IRQHandler)
    i.HAL_UART_Init                          0x08001ab0   Section        0  stm32f4xx_hal_uart.o(i.HAL_UART_Init)
    i.HAL_UART_MspInit                       0x08001b14   Section        0  usart.o(i.HAL_UART_MspInit)
    i.HAL_UART_Receive_DMA                   0x08001bcc   Section        0  stm32f4xx_hal_uart.o(i.HAL_UART_Receive_DMA)
    i.HAL_UART_RxCpltCallback                0x08001c64   Section        0  stm32f4xx_hal_uart.o(i.HAL_UART_RxCpltCallback)
    i.HAL_UART_RxHalfCpltCallback            0x08001c66   Section        0  stm32f4xx_hal_uart.o(i.HAL_UART_RxHalfCpltCallback)
    i.HAL_UART_Transmit                      0x08001c68   Section        0  stm32f4xx_hal_uart.o(i.HAL_UART_Transmit)
    i.HAL_UART_TxCpltCallback                0x08001d22   Section        0  stm32f4xx_hal_uart.o(i.HAL_UART_TxCpltCallback)
    i.HardFault_Handler                      0x08001d24   Section        0  stm32f4xx_it.o(i.HardFault_Handler)
    i.IntToUnicode                           0x08001d28   Section        0  usbd_desc.o(i.IntToUnicode)
    IntToUnicode                             0x08001d29   Thumb Code    56  usbd_desc.o(i.IntToUnicode)
    i.MX_DMA_Init                            0x08001d60   Section        0  dma.o(i.MX_DMA_Init)
    i.MX_GPIO_Init                           0x08001d8c   Section        0  gpio.o(i.MX_GPIO_Init)
    i.MX_USART1_UART_Init                    0x08001df8   Section        0  usart.o(i.MX_USART1_UART_Init)
    i.MX_USB_DEVICE_Init                     0x08001e30   Section        0  usb_device.o(i.MX_USB_DEVICE_Init)
    i.MemManage_Handler                      0x08001e84   Section        0  stm32f4xx_it.o(i.MemManage_Handler)
    i.NMI_Handler                            0x08001e86   Section        0  stm32f4xx_it.o(i.NMI_Handler)
    i.OTG_HS_IRQHandler                      0x08001e88   Section        0  stm32f4xx_it.o(i.OTG_HS_IRQHandler)
    i.PCD_EP_OutXfrComplete_int              0x08001e94   Section        0  stm32f4xx_hal_pcd.o(i.PCD_EP_OutXfrComplete_int)
    PCD_EP_OutXfrComplete_int                0x08001e95   Thumb Code   212  stm32f4xx_hal_pcd.o(i.PCD_EP_OutXfrComplete_int)
    i.PCD_WriteEmptyTxFifo                   0x08001f70   Section        0  stm32f4xx_hal_pcd.o(i.PCD_WriteEmptyTxFifo)
    PCD_WriteEmptyTxFifo                     0x08001f71   Thumb Code   162  stm32f4xx_hal_pcd.o(i.PCD_WriteEmptyTxFifo)
    i.PendSV_Handler                         0x08002012   Section        0  stm32f4xx_it.o(i.PendSV_Handler)
    i.SVC_Handler                            0x08002014   Section        0  stm32f4xx_it.o(i.SVC_Handler)
    i.SysTick_Handler                        0x08002016   Section        0  stm32f4xx_it.o(i.SysTick_Handler)
    i.SystemClock_Config                     0x0800201c   Section        0  main.o(i.SystemClock_Config)
    i.SystemInit                             0x080020a0   Section        0  system_stm32f4xx.o(i.SystemInit)
    i.UART_DMAAbortOnError                   0x080020f4   Section        0  stm32f4xx_hal_uart.o(i.UART_DMAAbortOnError)
    UART_DMAAbortOnError                     0x080020f5   Thumb Code    16  stm32f4xx_hal_uart.o(i.UART_DMAAbortOnError)
    i.UART_DMAError                          0x08002104   Section        0  stm32f4xx_hal_uart.o(i.UART_DMAError)
    UART_DMAError                            0x08002105   Thumb Code    74  stm32f4xx_hal_uart.o(i.UART_DMAError)
    i.UART_DMAReceiveCplt                    0x0800214e   Section        0  stm32f4xx_hal_uart.o(i.UART_DMAReceiveCplt)
    UART_DMAReceiveCplt                      0x0800214f   Thumb Code    60  stm32f4xx_hal_uart.o(i.UART_DMAReceiveCplt)
    i.UART_DMARxHalfCplt                     0x0800218a   Section        0  stm32f4xx_hal_uart.o(i.UART_DMARxHalfCplt)
    UART_DMARxHalfCplt                       0x0800218b   Thumb Code    10  stm32f4xx_hal_uart.o(i.UART_DMARxHalfCplt)
    i.UART_EndRxTransfer                     0x08002194   Section        0  stm32f4xx_hal_uart.o(i.UART_EndRxTransfer)
    UART_EndRxTransfer                       0x08002195   Thumb Code    28  stm32f4xx_hal_uart.o(i.UART_EndRxTransfer)
    i.UART_EndTxTransfer                     0x080021b0   Section        0  stm32f4xx_hal_uart.o(i.UART_EndTxTransfer)
    UART_EndTxTransfer                       0x080021b1   Thumb Code    18  stm32f4xx_hal_uart.o(i.UART_EndTxTransfer)
    i.UART_Receive_IT                        0x080021c2   Section        0  stm32f4xx_hal_uart.o(i.UART_Receive_IT)
    UART_Receive_IT                          0x080021c3   Thumb Code   150  stm32f4xx_hal_uart.o(i.UART_Receive_IT)
    i.UART_SetConfig                         0x08002258   Section        0  stm32f4xx_hal_uart.o(i.UART_SetConfig)
    UART_SetConfig                           0x08002259   Thumb Code   676  stm32f4xx_hal_uart.o(i.UART_SetConfig)
    i.UART_Transmit_IT                       0x08002504   Section        0  stm32f4xx_hal_uart.o(i.UART_Transmit_IT)
    UART_Transmit_IT                         0x08002505   Thumb Code    98  stm32f4xx_hal_uart.o(i.UART_Transmit_IT)
    i.UART_WaitOnFlagUntilTimeout            0x08002566   Section        0  stm32f4xx_hal_uart.o(i.UART_WaitOnFlagUntilTimeout)
    UART_WaitOnFlagUntilTimeout              0x08002567   Thumb Code   100  stm32f4xx_hal_uart.o(i.UART_WaitOnFlagUntilTimeout)
    i.USART1_IRQHandler                      0x080025cc   Section        0  stm32f4xx_it.o(i.USART1_IRQHandler)
    i.USBD_CUSTOM_HID_DataIn                 0x0800260c   Section        0  usbd_customhid.o(i.USBD_CUSTOM_HID_DataIn)
    USBD_CUSTOM_HID_DataIn                   0x0800260d   Thumb Code    14  usbd_customhid.o(i.USBD_CUSTOM_HID_DataIn)
    i.USBD_CUSTOM_HID_DataOut                0x0800261a   Section        0  usbd_customhid.o(i.USBD_CUSTOM_HID_DataOut)
    USBD_CUSTOM_HID_DataOut                  0x0800261b   Thumb Code    36  usbd_customhid.o(i.USBD_CUSTOM_HID_DataOut)
    i.USBD_CUSTOM_HID_DeInit                 0x0800263e   Section        0  usbd_customhid.o(i.USBD_CUSTOM_HID_DeInit)
    USBD_CUSTOM_HID_DeInit                   0x0800263f   Thumb Code    56  usbd_customhid.o(i.USBD_CUSTOM_HID_DeInit)
    i.USBD_CUSTOM_HID_EP0_RxReady            0x08002676   Section        0  usbd_customhid.o(i.USBD_CUSTOM_HID_EP0_RxReady)
    USBD_CUSTOM_HID_EP0_RxReady              0x08002677   Thumb Code    34  usbd_customhid.o(i.USBD_CUSTOM_HID_EP0_RxReady)
    i.USBD_CUSTOM_HID_GetDeviceQualifierDesc 0x08002698   Section        0  usbd_customhid.o(i.USBD_CUSTOM_HID_GetDeviceQualifierDesc)
    USBD_CUSTOM_HID_GetDeviceQualifierDesc   0x08002699   Thumb Code     8  usbd_customhid.o(i.USBD_CUSTOM_HID_GetDeviceQualifierDesc)
    i.USBD_CUSTOM_HID_GetFSCfgDesc           0x080026a4   Section        0  usbd_customhid.o(i.USBD_CUSTOM_HID_GetFSCfgDesc)
    USBD_CUSTOM_HID_GetFSCfgDesc             0x080026a5   Thumb Code     8  usbd_customhid.o(i.USBD_CUSTOM_HID_GetFSCfgDesc)
    i.USBD_CUSTOM_HID_GetHSCfgDesc           0x080026b0   Section        0  usbd_customhid.o(i.USBD_CUSTOM_HID_GetHSCfgDesc)
    USBD_CUSTOM_HID_GetHSCfgDesc             0x080026b1   Thumb Code     8  usbd_customhid.o(i.USBD_CUSTOM_HID_GetHSCfgDesc)
    i.USBD_CUSTOM_HID_GetOtherSpeedCfgDesc   0x080026bc   Section        0  usbd_customhid.o(i.USBD_CUSTOM_HID_GetOtherSpeedCfgDesc)
    USBD_CUSTOM_HID_GetOtherSpeedCfgDesc     0x080026bd   Thumb Code     8  usbd_customhid.o(i.USBD_CUSTOM_HID_GetOtherSpeedCfgDesc)
    i.USBD_CUSTOM_HID_Init                   0x080026c8   Section        0  usbd_customhid.o(i.USBD_CUSTOM_HID_Init)
    USBD_CUSTOM_HID_Init                     0x080026c9   Thumb Code    84  usbd_customhid.o(i.USBD_CUSTOM_HID_Init)
    i.USBD_CUSTOM_HID_RegisterInterface      0x0800271c   Section        0  usbd_customhid.o(i.USBD_CUSTOM_HID_RegisterInterface)
    i.USBD_CUSTOM_HID_SendReport             0x0800272c   Section        0  usbd_customhid.o(i.USBD_CUSTOM_HID_SendReport)
    i.USBD_CUSTOM_HID_Setup                  0x08002758   Section        0  usbd_customhid.o(i.USBD_CUSTOM_HID_Setup)
    USBD_CUSTOM_HID_Setup                    0x08002759   Thumb Code   218  usbd_customhid.o(i.USBD_CUSTOM_HID_Setup)
    i.USBD_ClrClassConfig                    0x08002838   Section        0  usbd_core.o(i.USBD_ClrClassConfig)
    i.USBD_CtlContinueRx                     0x08002846   Section        0  usbd_ioreq.o(i.USBD_CtlContinueRx)
    i.USBD_CtlContinueSendData               0x08002856   Section        0  usbd_ioreq.o(i.USBD_CtlContinueSendData)
    i.USBD_CtlError                          0x08002866   Section        0  usbd_ctlreq.o(i.USBD_CtlError)
    i.USBD_CtlPrepareRx                      0x0800287c   Section        0  usbd_ioreq.o(i.USBD_CtlPrepareRx)
    i.USBD_CtlReceiveStatus                  0x0800289a   Section        0  usbd_ioreq.o(i.USBD_CtlReceiveStatus)
    i.USBD_CtlSendData                       0x080028b0   Section        0  usbd_ioreq.o(i.USBD_CtlSendData)
    i.USBD_CtlSendStatus                     0x080028ca   Section        0  usbd_ioreq.o(i.USBD_CtlSendStatus)
    i.USBD_GetDescriptor                     0x080028e0   Section        0  usbd_ctlreq.o(i.USBD_GetDescriptor)
    USBD_GetDescriptor                       0x080028e1   Thumb Code   232  usbd_ctlreq.o(i.USBD_GetDescriptor)
    i.USBD_GetString                         0x080029c8   Section        0  usbd_ctlreq.o(i.USBD_GetString)
    i.USBD_Get_USB_Status                    0x08002a10   Section        0  usbd_conf.o(i.USBD_Get_USB_Status)
    i.USBD_HS_ConfigStrDescriptor            0x08002a28   Section        0  usbd_desc.o(i.USBD_HS_ConfigStrDescriptor)
    i.USBD_HS_DeviceDescriptor               0x08002a50   Section        0  usbd_desc.o(i.USBD_HS_DeviceDescriptor)
    i.USBD_HS_InterfaceStrDescriptor         0x08002a5c   Section        0  usbd_desc.o(i.USBD_HS_InterfaceStrDescriptor)
    i.USBD_HS_LangIDStrDescriptor            0x08002a88   Section        0  usbd_desc.o(i.USBD_HS_LangIDStrDescriptor)
    i.USBD_HS_ManufacturerStrDescriptor      0x08002a94   Section        0  usbd_desc.o(i.USBD_HS_ManufacturerStrDescriptor)
    i.USBD_HS_ProductStrDescriptor           0x08002abc   Section        0  usbd_desc.o(i.USBD_HS_ProductStrDescriptor)
    i.USBD_HS_SerialStrDescriptor            0x08002af0   Section        0  usbd_desc.o(i.USBD_HS_SerialStrDescriptor)
    i.USBD_Init                              0x08002b28   Section        0  usbd_core.o(i.USBD_Init)
    i.USBD_LL_ClearStallEP                   0x08002b88   Section        0  usbd_conf.o(i.USBD_LL_ClearStallEP)
    i.USBD_LL_CloseEP                        0x08002b9a   Section        0  usbd_conf.o(i.USBD_LL_CloseEP)
    i.USBD_LL_DataInStage                    0x08002bac   Section        0  usbd_core.o(i.USBD_LL_DataInStage)
    i.USBD_LL_DataOutStage                   0x08002c72   Section        0  usbd_core.o(i.USBD_LL_DataOutStage)
    i.USBD_LL_DevConnected                   0x08002cf4   Section        0  usbd_core.o(i.USBD_LL_DevConnected)
    i.USBD_LL_DevDisconnected                0x08002cf8   Section        0  usbd_core.o(i.USBD_LL_DevDisconnected)
    i.USBD_LL_Init                           0x08002d10   Section        0  usbd_conf.o(i.USBD_LL_Init)
    i.USBD_LL_IsStallEP                      0x08002d78   Section        0  usbd_conf.o(i.USBD_LL_IsStallEP)
    i.USBD_LL_IsoINIncomplete                0x08002d98   Section        0  usbd_core.o(i.USBD_LL_IsoINIncomplete)
    i.USBD_LL_IsoOUTIncomplete               0x08002d9c   Section        0  usbd_core.o(i.USBD_LL_IsoOUTIncomplete)
    i.USBD_LL_OpenEP                         0x08002da0   Section        0  usbd_conf.o(i.USBD_LL_OpenEP)
    i.USBD_LL_PrepareReceive                 0x08002db8   Section        0  usbd_conf.o(i.USBD_LL_PrepareReceive)
    i.USBD_LL_Reset                          0x08002dca   Section        0  usbd_core.o(i.USBD_LL_Reset)
    i.USBD_LL_Resume                         0x08002e1a   Section        0  usbd_core.o(i.USBD_LL_Resume)
    i.USBD_LL_SOF                            0x08002e26   Section        0  usbd_core.o(i.USBD_LL_SOF)
    i.USBD_LL_SetSpeed                       0x08002e3e   Section        0  usbd_core.o(i.USBD_LL_SetSpeed)
    i.USBD_LL_SetUSBAddress                  0x08002e44   Section        0  usbd_conf.o(i.USBD_LL_SetUSBAddress)
    i.USBD_LL_SetupStage                     0x08002e56   Section        0  usbd_core.o(i.USBD_LL_SetupStage)
    i.USBD_LL_StallEP                        0x08002eb0   Section        0  usbd_conf.o(i.USBD_LL_StallEP)
    i.USBD_LL_Start                          0x08002ec2   Section        0  usbd_conf.o(i.USBD_LL_Start)
    i.USBD_LL_Suspend                        0x08002ed4   Section        0  usbd_core.o(i.USBD_LL_Suspend)
    i.USBD_LL_Transmit                       0x08002ee6   Section        0  usbd_conf.o(i.USBD_LL_Transmit)
    i.USBD_ParseSetupRequest                 0x08002ef8   Section        0  usbd_ctlreq.o(i.USBD_ParseSetupRequest)
    i.USBD_RegisterClass                     0x08002f20   Section        0  usbd_core.o(i.USBD_RegisterClass)
    i.USBD_SetClassConfig                    0x08002f68   Section        0  usbd_core.o(i.USBD_SetClassConfig)
    i.USBD_SetConfig                         0x08002f80   Section        0  usbd_ctlreq.o(i.USBD_SetConfig)
    USBD_SetConfig                           0x08002f81   Thumb Code   128  usbd_ctlreq.o(i.USBD_SetConfig)
    i.USBD_Start                             0x08003004   Section        0  usbd_core.o(i.USBD_Start)
    i.USBD_StdDevReq                         0x0800300e   Section        0  usbd_ctlreq.o(i.USBD_StdDevReq)
    i.USBD_StdEPReq                          0x08003120   Section        0  usbd_ctlreq.o(i.USBD_StdEPReq)
    i.USBD_StdItfReq                         0x08003270   Section        0  usbd_ctlreq.o(i.USBD_StdItfReq)
    i.USB_ActivateEndpoint                   0x080032c0   Section        0  stm32f4xx_ll_usb.o(i.USB_ActivateEndpoint)
    i.USB_ActivateSetup                      0x08003340   Section        0  stm32f4xx_ll_usb.o(i.USB_ActivateSetup)
    i.USB_CoreInit                           0x08003374   Section        0  stm32f4xx_ll_usb.o(i.USB_CoreInit)
    i.USB_CoreReset                          0x080033e8   Section        0  stm32f4xx_ll_usb.o(i.USB_CoreReset)
    USB_CoreReset                            0x080033e9   Thumb Code    50  stm32f4xx_ll_usb.o(i.USB_CoreReset)
    i.USB_DeactivateEndpoint                 0x08003420   Section        0  stm32f4xx_ll_usb.o(i.USB_DeactivateEndpoint)
    i.USB_DevConnect                         0x080034a0   Section        0  stm32f4xx_ll_usb.o(i.USB_DevConnect)
    i.USB_DevDisconnect                      0x080034b8   Section        0  stm32f4xx_ll_usb.o(i.USB_DevDisconnect)
    i.USB_DevInit                            0x080034d0   Section        0  stm32f4xx_ll_usb.o(i.USB_DevInit)
    i.USB_DisableGlobalInt                   0x0800365c   Section        0  stm32f4xx_ll_usb.o(i.USB_DisableGlobalInt)
    i.USB_EP0StartXfer                       0x08003668   Section        0  stm32f4xx_ll_usb.o(i.USB_EP0StartXfer)
    i.USB_EP0_OutStart                       0x08003774   Section        0  stm32f4xx_ll_usb.o(i.USB_EP0_OutStart)
    i.USB_EPClearStall                       0x080037cc   Section        0  stm32f4xx_ll_usb.o(i.USB_EPClearStall)
    i.USB_EPSetStall                         0x08003824   Section        0  stm32f4xx_ll_usb.o(i.USB_EPSetStall)
    i.USB_EPStartXfer                        0x0800387c   Section        0  stm32f4xx_ll_usb.o(i.USB_EPStartXfer)
    i.USB_EnableGlobalInt                    0x08003a44   Section        0  stm32f4xx_ll_usb.o(i.USB_EnableGlobalInt)
    i.USB_FlushRxFifo                        0x08003a50   Section        0  stm32f4xx_ll_usb.o(i.USB_FlushRxFifo)
    i.USB_FlushTxFifo                        0x08003a70   Section        0  stm32f4xx_ll_usb.o(i.USB_FlushTxFifo)
    i.USB_GetDevSpeed                        0x08003a94   Section        0  stm32f4xx_ll_usb.o(i.USB_GetDevSpeed)
    i.USB_GetMode                            0x08003aae   Section        0  stm32f4xx_ll_usb.o(i.USB_GetMode)
    i.USB_ReadDevAllInEpInterrupt            0x08003ab6   Section        0  stm32f4xx_ll_usb.o(i.USB_ReadDevAllInEpInterrupt)
    i.USB_ReadDevAllOutEpInterrupt           0x08003ac4   Section        0  stm32f4xx_ll_usb.o(i.USB_ReadDevAllOutEpInterrupt)
    i.USB_ReadDevInEPInterrupt               0x08003ad2   Section        0  stm32f4xx_ll_usb.o(i.USB_ReadDevInEPInterrupt)
    i.USB_ReadDevOutEPInterrupt              0x08003af6   Section        0  stm32f4xx_ll_usb.o(i.USB_ReadDevOutEPInterrupt)
    i.USB_ReadInterrupts                     0x08003b06   Section        0  stm32f4xx_ll_usb.o(i.USB_ReadInterrupts)
    i.USB_ReadPacket                         0x08003b0e   Section        0  stm32f4xx_ll_usb.o(i.USB_ReadPacket)
    i.USB_SetCurrentMode                     0x08003b2a   Section        0  stm32f4xx_ll_usb.o(i.USB_SetCurrentMode)
    i.USB_SetDevAddress                      0x08003b58   Section        0  stm32f4xx_ll_usb.o(i.USB_SetDevAddress)
    i.USB_SetTurnaroundTime                  0x08003b7c   Section        0  stm32f4xx_ll_usb.o(i.USB_SetTurnaroundTime)
    i.USB_WritePacket                        0x08003c64   Section        0  stm32f4xx_ll_usb.o(i.USB_WritePacket)
    i.UsageFault_Handler                     0x08003c88   Section        0  stm32f4xx_it.o(i.UsageFault_Handler)
    i.__0printf$2                            0x08003c8c   Section        0  printf2.o(i.__0printf$2)
    i.__NVIC_SetPriority                     0x08003cac   Section        0  stm32f4xx_hal_cortex.o(i.__NVIC_SetPriority)
    __NVIC_SetPriority                       0x08003cad   Thumb Code    32  stm32f4xx_hal_cortex.o(i.__NVIC_SetPriority)
    i.__scatterload_copy                     0x08003ccc   Section       14  handlers.o(i.__scatterload_copy)
    i.__scatterload_null                     0x08003cda   Section        2  handlers.o(i.__scatterload_null)
    i.__scatterload_zeroinit                 0x08003cdc   Section       14  handlers.o(i.__scatterload_zeroinit)
    i._printf_core                           0x08003cea   Section        0  printf2.o(i._printf_core)
    _printf_core                             0x08003ceb   Thumb Code   214  printf2.o(i._printf_core)
    i.fputc                                  0x08003dc0   Section        0  usart.o(i.fputc)
    i.free                                   0x08003dd8   Section        0  malloc.o(i.free)
    i.main                                   0x08003e28   Section        0  main.o(i.main)
    i.malloc                                 0x08003eb8   Section        0  malloc.o(i.malloc)
    .constdata                               0x08003f24   Section        8  stm32f4xx_hal_dma.o(.constdata)
    flagBitshiftOffset                       0x08003f24   Data           8  stm32f4xx_hal_dma.o(.constdata)
    .constdata                               0x08003f2c   Section       16  system_stm32f4xx.o(.constdata)
    .constdata                               0x08003f3c   Section        8  system_stm32f4xx.o(.constdata)
    .data                                    0x20000000   Section        4  main.o(.data)
    .data                                    0x20000004   Section        1  usart.o(.data)
    .data                                    0x20000008   Section       28  usbd_desc.o(.data)
    .data                                    0x20000024   Section       50  usbd_desc.o(.data)
    .data                                    0x20000058   Section       52  usbd_custom_hid_if.o(.data)
    CUSTOM_HID_ReportDesc_HS                 0x20000058   Data          52  usbd_custom_hid_if.o(.data)
    .data                                    0x2000008c   Section       16  usbd_custom_hid_if.o(.data)
    .data                                    0x2000009c   Section       12  stm32f4xx_hal.o(.data)
    .data                                    0x200000a8   Section        4  system_stm32f4xx.o(.data)
    .data                                    0x200000ac   Section        1  usbd_ctlreq.o(.data)
    cfgidx                                   0x200000ac   Data           1  usbd_ctlreq.o(.data)
    .data                                    0x200000b0   Section       56  usbd_customhid.o(.data)
    .data                                    0x200000e8   Section      154  usbd_customhid.o(.data)
    USBD_CUSTOM_HID_CfgFSDesc                0x200000e8   Data          41  usbd_customhid.o(.data)
    USBD_CUSTOM_HID_CfgHSDesc                0x20000114   Data          41  usbd_customhid.o(.data)
    USBD_CUSTOM_HID_OtherSpeedCfgDesc        0x20000140   Data          41  usbd_customhid.o(.data)
    USBD_CUSTOM_HID_Desc                     0x2000016c   Data           9  usbd_customhid.o(.data)
    USBD_CUSTOM_HID_DeviceQualifierDesc      0x20000178   Data          10  usbd_customhid.o(.data)
    .data                                    0x20000184   Section        4  stdout.o(.data)
    .data                                    0x20000188   Section        4  mvars.o(.data)
    .data                                    0x2000018c   Section        4  mvars.o(.data)
    .bss                                     0x20000190   Section     1024  usart.o(.bss)
    .bss                                     0x20000590   Section      160  usart.o(.bss)
    .bss                                     0x20000630   Section      668  usb_device.o(.bss)
    .bss                                     0x200008cc   Section     1032  usbd_conf.o(.bss)
    .bss                                     0x20000cd4   Section      512  usbd_desc.o(.bss)
    HEAP                                     0x20000ed8   Section      512  startup_stm32f429xx.o(HEAP)
    STACK                                    0x200010d8   Section     1024  startup_stm32f429xx.o(STACK)

    Global Symbols

    Symbol Name                              Value     Ov Type        Size  Object(Section)

    BuildAttributes$$THM_ISAv4$E$P$D$K$B$S$7EM$VFPi3$EXTD16$VFPS$VFMA$PE$A:L22UL41UL21$X:L11$S22US41US21$IEEE1$IW$USESV6$~STKCKD$USESV7$~SHL$OSPACE$ROPI$EBA8$MICROLIB$REQ8$PRES8$EABIv2 0x00000000   Number         0  anon$$obj.o ABSOLUTE
    __ARM_use_no_argv                        0x00000000   Number         0  main.o ABSOLUTE
    _printf_a                                0x00000000   Number         0  stubs.o ABSOLUTE
    _printf_c                                0x00000000   Number         0  stubs.o ABSOLUTE
    _printf_charcount                        0x00000000   Number         0  stubs.o ABSOLUTE
    _printf_d                                0x00000000   Number         0  stubs.o ABSOLUTE
    _printf_e                                0x00000000   Number         0  stubs.o ABSOLUTE
    _printf_f                                0x00000000   Number         0  stubs.o ABSOLUTE
    _printf_flags                            0x00000000   Number         0  stubs.o ABSOLUTE
    _printf_fp_dec                           0x00000000   Number         0  stubs.o ABSOLUTE
    _printf_fp_hex                           0x00000000   Number         0  stubs.o ABSOLUTE
    _printf_g                                0x00000000   Number         0  stubs.o ABSOLUTE
    _printf_i                                0x00000000   Number         0  stubs.o ABSOLUTE
    _printf_int_dec                          0x00000000   Number         0  stubs.o ABSOLUTE
    _printf_l                                0x00000000   Number         0  stubs.o ABSOLUTE
    _printf_lc                               0x00000000   Number         0  stubs.o ABSOLUTE
    _printf_ll                               0x00000000   Number         0  stubs.o ABSOLUTE
    _printf_lld                              0x00000000   Number         0  stubs.o ABSOLUTE
    _printf_lli                              0x00000000   Number         0  stubs.o ABSOLUTE
    _printf_llo                              0x00000000   Number         0  stubs.o ABSOLUTE
    _printf_llu                              0x00000000   Number         0  stubs.o ABSOLUTE
    _printf_llx                              0x00000000   Number         0  stubs.o ABSOLUTE
    _printf_longlong_dec                     0x00000000   Number         0  stubs.o ABSOLUTE
    _printf_longlong_hex                     0x00000000   Number         0  stubs.o ABSOLUTE
    _printf_longlong_oct                     0x00000000   Number         0  stubs.o ABSOLUTE
    _printf_ls                               0x00000000   Number         0  stubs.o ABSOLUTE
    _printf_mbtowc                           0x00000000   Number         0  stubs.o ABSOLUTE
    _printf_n                                0x00000000   Number         0  stubs.o ABSOLUTE
    _printf_o                                0x00000000   Number         0  stubs.o ABSOLUTE
    _printf_p                                0x00000000   Number         0  stubs.o ABSOLUTE
    _printf_percent                          0x00000000   Number         0  stubs.o ABSOLUTE
    _printf_pre_padding                      0x00000000   Number         0  stubs.o ABSOLUTE
    _printf_return_value                     0x00000000   Number         0  stubs.o ABSOLUTE
    _printf_s                                0x00000000   Number         0  stubs.o ABSOLUTE
    _printf_sizespec                         0x00000000   Number         0  stubs.o ABSOLUTE
    _printf_str                              0x00000000   Number         0  stubs.o ABSOLUTE
    _printf_truncate_signed                  0x00000000   Number         0  stubs.o ABSOLUTE
    _printf_truncate_unsigned                0x00000000   Number         0  stubs.o ABSOLUTE
    _printf_u                                0x00000000   Number         0  stubs.o ABSOLUTE
    _printf_wc                               0x00000000   Number         0  stubs.o ABSOLUTE
    _printf_wctomb                           0x00000000   Number         0  stubs.o ABSOLUTE
    _printf_widthprec                        0x00000000   Number         0  stubs.o ABSOLUTE
    _printf_x                                0x00000000   Number         0  stubs.o ABSOLUTE
    __cpp_initialize__aeabi_                  - Undefined Weak Reference
    __cxa_finalize                            - Undefined Weak Reference
    _clock_init                               - Undefined Weak Reference
    _microlib_exit                            - Undefined Weak Reference
    __Vectors_Size                           0x000001ac   Number         0  startup_stm32f429xx.o ABSOLUTE
    __Vectors                                0x08000000   Data           4  startup_stm32f429xx.o(RESET)
    __Vectors_End                            0x080001ac   Data           0  startup_stm32f429xx.o(RESET)
    __main                                   0x080001ad   Thumb Code     0  entry.o(.ARM.Collect$$$$00000000)
    _main_stk                                0x080001ad   Thumb Code     0  entry2.o(.ARM.Collect$$$$00000001)
    _main_scatterload                        0x080001b1   Thumb Code     0  entry5.o(.ARM.Collect$$$$00000004)
    __main_after_scatterload                 0x080001b5   Thumb Code     0  entry5.o(.ARM.Collect$$$$00000004)
    _main_clock                              0x080001b5   Thumb Code     0  entry7b.o(.ARM.Collect$$$$00000008)
    _main_cpp_init                           0x080001b5   Thumb Code     0  entry8b.o(.ARM.Collect$$$$0000000A)
    _main_init                               0x080001b5   Thumb Code     0  entry9a.o(.ARM.Collect$$$$0000000B)
    __rt_final_cpp                           0x080001bd   Thumb Code     0  entry10a.o(.ARM.Collect$$$$0000000D)
    __rt_final_exit                          0x080001bd   Thumb Code     0  entry11a.o(.ARM.Collect$$$$0000000F)
    Reset_Handler                            0x080001c1   Thumb Code     8  startup_stm32f429xx.o(.text)
    ADC_IRQHandler                           0x080001db   Thumb Code     0  startup_stm32f429xx.o(.text)
    CAN1_RX0_IRQHandler                      0x080001db   Thumb Code     0  startup_stm32f429xx.o(.text)
    CAN1_RX1_IRQHandler                      0x080001db   Thumb Code     0  startup_stm32f429xx.o(.text)
    CAN1_SCE_IRQHandler                      0x080001db   Thumb Code     0  startup_stm32f429xx.o(.text)
    CAN1_TX_IRQHandler                       0x080001db   Thumb Code     0  startup_stm32f429xx.o(.text)
    CAN2_RX0_IRQHandler                      0x080001db   Thumb Code     0  startup_stm32f429xx.o(.text)
    CAN2_RX1_IRQHandler                      0x080001db   Thumb Code     0  startup_stm32f429xx.o(.text)
    CAN2_SCE_IRQHandler                      0x080001db   Thumb Code     0  startup_stm32f429xx.o(.text)
    CAN2_TX_IRQHandler                       0x080001db   Thumb Code     0  startup_stm32f429xx.o(.text)
    DCMI_IRQHandler                          0x080001db   Thumb Code     0  startup_stm32f429xx.o(.text)
    DMA1_Stream0_IRQHandler                  0x080001db   Thumb Code     0  startup_stm32f429xx.o(.text)
    DMA1_Stream1_IRQHandler                  0x080001db   Thumb Code     0  startup_stm32f429xx.o(.text)
    DMA1_Stream2_IRQHandler                  0x080001db   Thumb Code     0  startup_stm32f429xx.o(.text)
    DMA1_Stream3_IRQHandler                  0x080001db   Thumb Code     0  startup_stm32f429xx.o(.text)
    DMA1_Stream4_IRQHandler                  0x080001db   Thumb Code     0  startup_stm32f429xx.o(.text)
    DMA1_Stream5_IRQHandler                  0x080001db   Thumb Code     0  startup_stm32f429xx.o(.text)
    DMA1_Stream6_IRQHandler                  0x080001db   Thumb Code     0  startup_stm32f429xx.o(.text)
    DMA1_Stream7_IRQHandler                  0x080001db   Thumb Code     0  startup_stm32f429xx.o(.text)
    DMA2D_IRQHandler                         0x080001db   Thumb Code     0  startup_stm32f429xx.o(.text)
    DMA2_Stream0_IRQHandler                  0x080001db   Thumb Code     0  startup_stm32f429xx.o(.text)
    DMA2_Stream1_IRQHandler                  0x080001db   Thumb Code     0  startup_stm32f429xx.o(.text)
    DMA2_Stream3_IRQHandler                  0x080001db   Thumb Code     0  startup_stm32f429xx.o(.text)
    DMA2_Stream4_IRQHandler                  0x080001db   Thumb Code     0  startup_stm32f429xx.o(.text)
    DMA2_Stream5_IRQHandler                  0x080001db   Thumb Code     0  startup_stm32f429xx.o(.text)
    DMA2_Stream6_IRQHandler                  0x080001db   Thumb Code     0  startup_stm32f429xx.o(.text)
    DMA2_Stream7_IRQHandler                  0x080001db   Thumb Code     0  startup_stm32f429xx.o(.text)
    ETH_IRQHandler                           0x080001db   Thumb Code     0  startup_stm32f429xx.o(.text)
    ETH_WKUP_IRQHandler                      0x080001db   Thumb Code     0  startup_stm32f429xx.o(.text)
    EXTI0_IRQHandler                         0x080001db   Thumb Code     0  startup_stm32f429xx.o(.text)
    EXTI15_10_IRQHandler                     0x080001db   Thumb Code     0  startup_stm32f429xx.o(.text)
    EXTI1_IRQHandler                         0x080001db   Thumb Code     0  startup_stm32f429xx.o(.text)
    EXTI2_IRQHandler                         0x080001db   Thumb Code     0  startup_stm32f429xx.o(.text)
    EXTI3_IRQHandler                         0x080001db   Thumb Code     0  startup_stm32f429xx.o(.text)
    EXTI4_IRQHandler                         0x080001db   Thumb Code     0  startup_stm32f429xx.o(.text)
    EXTI9_5_IRQHandler                       0x080001db   Thumb Code     0  startup_stm32f429xx.o(.text)
    FLASH_IRQHandler                         0x080001db   Thumb Code     0  startup_stm32f429xx.o(.text)
    FMC_IRQHandler                           0x080001db   Thumb Code     0  startup_stm32f429xx.o(.text)
    FPU_IRQHandler                           0x080001db   Thumb Code     0  startup_stm32f429xx.o(.text)
    HASH_RNG_IRQHandler                      0x080001db   Thumb Code     0  startup_stm32f429xx.o(.text)
    I2C1_ER_IRQHandler                       0x080001db   Thumb Code     0  startup_stm32f429xx.o(.text)
    I2C1_EV_IRQHandler                       0x080001db   Thumb Code     0  startup_stm32f429xx.o(.text)
    I2C2_ER_IRQHandler                       0x080001db   Thumb Code     0  startup_stm32f429xx.o(.text)
    I2C2_EV_IRQHandler                       0x080001db   Thumb Code     0  startup_stm32f429xx.o(.text)
    I2C3_ER_IRQHandler                       0x080001db   Thumb Code     0  startup_stm32f429xx.o(.text)
    I2C3_EV_IRQHandler                       0x080001db   Thumb Code     0  startup_stm32f429xx.o(.text)
    LTDC_ER_IRQHandler                       0x080001db   Thumb Code     0  startup_stm32f429xx.o(.text)
    LTDC_IRQHandler                          0x080001db   Thumb Code     0  startup_stm32f429xx.o(.text)
    OTG_FS_IRQHandler                        0x080001db   Thumb Code     0  startup_stm32f429xx.o(.text)
    OTG_FS_WKUP_IRQHandler                   0x080001db   Thumb Code     0  startup_stm32f429xx.o(.text)
    OTG_HS_EP1_IN_IRQHandler                 0x080001db   Thumb Code     0  startup_stm32f429xx.o(.text)
    OTG_HS_EP1_OUT_IRQHandler                0x080001db   Thumb Code     0  startup_stm32f429xx.o(.text)
    OTG_HS_WKUP_IRQHandler                   0x080001db   Thumb Code     0  startup_stm32f429xx.o(.text)
    PVD_IRQHandler                           0x080001db   Thumb Code     0  startup_stm32f429xx.o(.text)
    RCC_IRQHandler                           0x080001db   Thumb Code     0  startup_stm32f429xx.o(.text)
    RTC_Alarm_IRQHandler                     0x080001db   Thumb Code     0  startup_stm32f429xx.o(.text)
    RTC_WKUP_IRQHandler                      0x080001db   Thumb Code     0  startup_stm32f429xx.o(.text)
    SAI1_IRQHandler                          0x080001db   Thumb Code     0  startup_stm32f429xx.o(.text)
    SDIO_IRQHandler                          0x080001db   Thumb Code     0  startup_stm32f429xx.o(.text)
    SPI1_IRQHandler                          0x080001db   Thumb Code     0  startup_stm32f429xx.o(.text)
    SPI2_IRQHandler                          0x080001db   Thumb Code     0  startup_stm32f429xx.o(.text)
    SPI3_IRQHandler                          0x080001db   Thumb Code     0  startup_stm32f429xx.o(.text)
    SPI4_IRQHandler                          0x080001db   Thumb Code     0  startup_stm32f429xx.o(.text)
    SPI5_IRQHandler                          0x080001db   Thumb Code     0  startup_stm32f429xx.o(.text)
    SPI6_IRQHandler                          0x080001db   Thumb Code     0  startup_stm32f429xx.o(.text)
    TAMP_STAMP_IRQHandler                    0x080001db   Thumb Code     0  startup_stm32f429xx.o(.text)
    TIM1_BRK_TIM9_IRQHandler                 0x080001db   Thumb Code     0  startup_stm32f429xx.o(.text)
    TIM1_CC_IRQHandler                       0x080001db   Thumb Code     0  startup_stm32f429xx.o(.text)
    TIM1_TRG_COM_TIM11_IRQHandler            0x080001db   Thumb Code     0  startup_stm32f429xx.o(.text)
    TIM1_UP_TIM10_IRQHandler                 0x080001db   Thumb Code     0  startup_stm32f429xx.o(.text)
    TIM2_IRQHandler                          0x080001db   Thumb Code     0  startup_stm32f429xx.o(.text)
    TIM3_IRQHandler                          0x080001db   Thumb Code     0  startup_stm32f429xx.o(.text)
    TIM4_IRQHandler                          0x080001db   Thumb Code     0  startup_stm32f429xx.o(.text)
    TIM5_IRQHandler                          0x080001db   Thumb Code     0  startup_stm32f429xx.o(.text)
    TIM6_DAC_IRQHandler                      0x080001db   Thumb Code     0  startup_stm32f429xx.o(.text)
    TIM7_IRQHandler                          0x080001db   Thumb Code     0  startup_stm32f429xx.o(.text)
    TIM8_BRK_TIM12_IRQHandler                0x080001db   Thumb Code     0  startup_stm32f429xx.o(.text)
    TIM8_CC_IRQHandler                       0x080001db   Thumb Code     0  startup_stm32f429xx.o(.text)
    TIM8_TRG_COM_TIM14_IRQHandler            0x080001db   Thumb Code     0  startup_stm32f429xx.o(.text)
    TIM8_UP_TIM13_IRQHandler                 0x080001db   Thumb Code     0  startup_stm32f429xx.o(.text)
    UART4_IRQHandler                         0x080001db   Thumb Code     0  startup_stm32f429xx.o(.text)
    UART5_IRQHandler                         0x080001db   Thumb Code     0  startup_stm32f429xx.o(.text)
    UART7_IRQHandler                         0x080001db   Thumb Code     0  startup_stm32f429xx.o(.text)
    UART8_IRQHandler                         0x080001db   Thumb Code     0  startup_stm32f429xx.o(.text)
    USART2_IRQHandler                        0x080001db   Thumb Code     0  startup_stm32f429xx.o(.text)
    USART3_IRQHandler                        0x080001db   Thumb Code     0  startup_stm32f429xx.o(.text)
    USART6_IRQHandler                        0x080001db   Thumb Code     0  startup_stm32f429xx.o(.text)
    WWDG_IRQHandler                          0x080001db   Thumb Code     0  startup_stm32f429xx.o(.text)
    __aeabi_uldivmod                         0x080001e5   Thumb Code    98  uldiv.o(.text)
    __aeabi_memcpy                           0x08000247   Thumb Code    36  memcpya.o(.text)
    __aeabi_memcpy4                          0x08000247   Thumb Code     0  memcpya.o(.text)
    __aeabi_memcpy8                          0x08000247   Thumb Code     0  memcpya.o(.text)
    __aeabi_memset                           0x0800026b   Thumb Code    14  memseta.o(.text)
    __aeabi_memset4                          0x0800026b   Thumb Code     0  memseta.o(.text)
    __aeabi_memset8                          0x0800026b   Thumb Code     0  memseta.o(.text)
    __aeabi_memclr                           0x08000279   Thumb Code     4  memseta.o(.text)
    __aeabi_memclr4                          0x08000279   Thumb Code     0  memseta.o(.text)
    __aeabi_memclr8                          0x08000279   Thumb Code     0  memseta.o(.text)
    _memset$wrapper                          0x0800027d   Thumb Code    18  memseta.o(.text)
    __aeabi_llsl                             0x0800028f   Thumb Code    30  llshl.o(.text)
    _ll_shift_l                              0x0800028f   Thumb Code     0  llshl.o(.text)
    __aeabi_llsr                             0x080002ad   Thumb Code    32  llushr.o(.text)
    _ll_ushift_r                             0x080002ad   Thumb Code     0  llushr.o(.text)
    __scatterload                            0x080002cd   Thumb Code    28  init.o(.text)
    __scatterload_rt2                        0x080002cd   Thumb Code     0  init.o(.text)
    __decompress                             0x080002f1   Thumb Code     0  __dczerorl2.o(.text)
    __decompress1                            0x080002f1   Thumb Code    86  __dczerorl2.o(.text)
    BusFault_Handler                         0x08000347   Thumb Code     2  stm32f4xx_it.o(i.BusFault_Handler)
    DMA2_Stream2_IRQHandler                  0x08000355   Thumb Code     6  stm32f4xx_it.o(i.DMA2_Stream2_IRQHandler)
    DebugMon_Handler                         0x08000405   Thumb Code     2  stm32f4xx_it.o(i.DebugMon_Handler)
    Error_Handler                            0x08000407   Thumb Code     2  main.o(i.Error_Handler)
    HAL_DMA_Abort                            0x08000409   Thumb Code   142  stm32f4xx_hal_dma.o(i.HAL_DMA_Abort)
    HAL_DMA_Abort_IT                         0x08000497   Thumb Code    36  stm32f4xx_hal_dma.o(i.HAL_DMA_Abort_IT)
    HAL_DMA_IRQHandler                       0x080004bd   Thumb Code   412  stm32f4xx_hal_dma.o(i.HAL_DMA_IRQHandler)
    HAL_DMA_Init                             0x0800065d   Thumb Code   206  stm32f4xx_hal_dma.o(i.HAL_DMA_Init)
    HAL_DMA_Start_IT                         0x08000731   Thumb Code   120  stm32f4xx_hal_dma.o(i.HAL_DMA_Start_IT)
    HAL_Delay                                0x080007a9   Thumb Code    32  stm32f4xx_hal.o(i.HAL_Delay)
    HAL_GPIO_Init                            0x080007cd   Thumb Code   408  stm32f4xx_hal_gpio.o(i.HAL_GPIO_Init)
    HAL_GPIO_WritePin                        0x08000999   Thumb Code    10  stm32f4xx_hal_gpio.o(i.HAL_GPIO_WritePin)
    HAL_GetTick                              0x080009a5   Thumb Code     6  stm32f4xx_hal.o(i.HAL_GetTick)
    HAL_IncTick                              0x080009b1   Thumb Code    12  stm32f4xx_hal.o(i.HAL_IncTick)
    HAL_Init                                 0x080009c1   Thumb Code    48  stm32f4xx_hal.o(i.HAL_Init)
    HAL_InitTick                             0x080009f5   Thumb Code    54  stm32f4xx_hal.o(i.HAL_InitTick)
    HAL_MspInit                              0x08000a35   Thumb Code    42  stm32f4xx_hal_msp.o(i.HAL_MspInit)
    HAL_NVIC_EnableIRQ                       0x08000a65   Thumb Code    26  stm32f4xx_hal_cortex.o(i.HAL_NVIC_EnableIRQ)
    HAL_NVIC_SetPriority                     0x08000a81   Thumb Code    60  stm32f4xx_hal_cortex.o(i.HAL_NVIC_SetPriority)
    HAL_NVIC_SetPriorityGrouping             0x08000ac1   Thumb Code    26  stm32f4xx_hal_cortex.o(i.HAL_NVIC_SetPriorityGrouping)
    HAL_PCDEx_LPM_Callback                   0x08000ae5   Thumb Code     2  stm32f4xx_hal_pcd_ex.o(i.HAL_PCDEx_LPM_Callback)
    HAL_PCDEx_SetRxFiFo                      0x08000ae7   Thumb Code     8  stm32f4xx_hal_pcd_ex.o(i.HAL_PCDEx_SetRxFiFo)
    HAL_PCDEx_SetTxFiFo                      0x08000aef   Thumb Code    68  stm32f4xx_hal_pcd_ex.o(i.HAL_PCDEx_SetTxFiFo)
    HAL_PCD_ConnectCallback                  0x08000b33   Thumb Code     8  usbd_conf.o(i.HAL_PCD_ConnectCallback)
    HAL_PCD_DataInStageCallback              0x08000b3b   Thumb Code    18  usbd_conf.o(i.HAL_PCD_DataInStageCallback)
    HAL_PCD_DataOutStageCallback             0x08000b4d   Thumb Code    20  usbd_conf.o(i.HAL_PCD_DataOutStageCallback)
    HAL_PCD_DisconnectCallback               0x08000b61   Thumb Code     8  usbd_conf.o(i.HAL_PCD_DisconnectCallback)
    HAL_PCD_EP_Close                         0x08000b69   Thumb Code    76  stm32f4xx_hal_pcd.o(i.HAL_PCD_EP_Close)
    HAL_PCD_EP_ClrStall                      0x08000bb5   Thumb Code    92  stm32f4xx_hal_pcd.o(i.HAL_PCD_EP_ClrStall)
    HAL_PCD_EP_Open                          0x08000c11   Thumb Code    96  stm32f4xx_hal_pcd.o(i.HAL_PCD_EP_Open)
    HAL_PCD_EP_Receive                       0x08000c71   Thumb Code    72  stm32f4xx_hal_pcd.o(i.HAL_PCD_EP_Receive)
    HAL_PCD_EP_SetStall                      0x08000cb9   Thumb Code   116  stm32f4xx_hal_pcd.o(i.HAL_PCD_EP_SetStall)
    HAL_PCD_EP_Transmit                      0x08000d2d   Thumb Code    64  stm32f4xx_hal_pcd.o(i.HAL_PCD_EP_Transmit)
    HAL_PCD_IRQHandler                       0x08000d6d   Thumb Code  1124  stm32f4xx_hal_pcd.o(i.HAL_PCD_IRQHandler)
    HAL_PCD_ISOINIncompleteCallback          0x080011d9   Thumb Code     8  usbd_conf.o(i.HAL_PCD_ISOINIncompleteCallback)
    HAL_PCD_ISOOUTIncompleteCallback         0x080011e1   Thumb Code     8  usbd_conf.o(i.HAL_PCD_ISOOUTIncompleteCallback)
    HAL_PCD_Init                             0x080011e9   Thumb Code   218  stm32f4xx_hal_pcd.o(i.HAL_PCD_Init)
    HAL_PCD_MspInit                          0x080012c5   Thumb Code   106  usbd_conf.o(i.HAL_PCD_MspInit)
    HAL_PCD_ResetCallback                    0x0800133d   Thumb Code    44  usbd_conf.o(i.HAL_PCD_ResetCallback)
    HAL_PCD_ResumeCallback                   0x08001369   Thumb Code     8  usbd_conf.o(i.HAL_PCD_ResumeCallback)
    HAL_PCD_SOFCallback                      0x08001371   Thumb Code     8  usbd_conf.o(i.HAL_PCD_SOFCallback)
    HAL_PCD_SetAddress                       0x08001379   Thumb Code    40  stm32f4xx_hal_pcd.o(i.HAL_PCD_SetAddress)
    HAL_PCD_SetupStageCallback               0x080013a1   Thumb Code    14  usbd_conf.o(i.HAL_PCD_SetupStageCallback)
    HAL_PCD_Start                            0x080013af   Thumb Code    66  stm32f4xx_hal_pcd.o(i.HAL_PCD_Start)
    HAL_PCD_SuspendCallback                  0x080013f1   Thumb Code    44  usbd_conf.o(i.HAL_PCD_SuspendCallback)
    HAL_RCC_ClockConfig                      0x08001421   Thumb Code   286  stm32f4xx_hal_rcc.o(i.HAL_RCC_ClockConfig)
    HAL_RCC_GetHCLKFreq                      0x08001551   Thumb Code     6  stm32f4xx_hal_rcc.o(i.HAL_RCC_GetHCLKFreq)
    HAL_RCC_GetPCLK1Freq                     0x0800155d   Thumb Code    20  stm32f4xx_hal_rcc.o(i.HAL_RCC_GetPCLK1Freq)
    HAL_RCC_GetPCLK2Freq                     0x0800157d   Thumb Code    20  stm32f4xx_hal_rcc.o(i.HAL_RCC_GetPCLK2Freq)
    HAL_RCC_GetSysClockFreq                  0x0800159d   Thumb Code    88  stm32f4xx_hal_rcc.o(i.HAL_RCC_GetSysClockFreq)
    HAL_RCC_OscConfig                        0x08001601   Thumb Code   770  stm32f4xx_hal_rcc.o(i.HAL_RCC_OscConfig)
    HAL_SYSTICK_Config                       0x0800191d   Thumb Code    40  stm32f4xx_hal_cortex.o(i.HAL_SYSTICK_Config)
    HAL_UART_DMAStop                         0x08001945   Thumb Code    88  stm32f4xx_hal_uart.o(i.HAL_UART_DMAStop)
    HAL_UART_ErrorCallback                   0x0800199d   Thumb Code     2  stm32f4xx_hal_uart.o(i.HAL_UART_ErrorCallback)
    HAL_UART_IRQHandler                      0x080019a1   Thumb Code   266  stm32f4xx_hal_uart.o(i.HAL_UART_IRQHandler)
    HAL_UART_Init                            0x08001ab1   Thumb Code    98  stm32f4xx_hal_uart.o(i.HAL_UART_Init)
    HAL_UART_MspInit                         0x08001b15   Thumb Code   162  usart.o(i.HAL_UART_MspInit)
    HAL_UART_Receive_DMA                     0x08001bcd   Thumb Code   138  stm32f4xx_hal_uart.o(i.HAL_UART_Receive_DMA)
    HAL_UART_RxCpltCallback                  0x08001c65   Thumb Code     2  stm32f4xx_hal_uart.o(i.HAL_UART_RxCpltCallback)
    HAL_UART_RxHalfCpltCallback              0x08001c67   Thumb Code     2  stm32f4xx_hal_uart.o(i.HAL_UART_RxHalfCpltCallback)
    HAL_UART_Transmit                        0x08001c69   Thumb Code   186  stm32f4xx_hal_uart.o(i.HAL_UART_Transmit)
    HAL_UART_TxCpltCallback                  0x08001d23   Thumb Code     2  stm32f4xx_hal_uart.o(i.HAL_UART_TxCpltCallback)
    HardFault_Handler                        0x08001d25   Thumb Code     2  stm32f4xx_it.o(i.HardFault_Handler)
    MX_DMA_Init                              0x08001d61   Thumb Code    40  dma.o(i.MX_DMA_Init)
    MX_GPIO_Init                             0x08001d8d   Thumb Code   100  gpio.o(i.MX_GPIO_Init)
    MX_USART1_UART_Init                      0x08001df9   Thumb Code    48  usart.o(i.MX_USART1_UART_Init)
    MX_USB_DEVICE_Init                       0x08001e31   Thumb Code    66  usb_device.o(i.MX_USB_DEVICE_Init)
    MemManage_Handler                        0x08001e85   Thumb Code     2  stm32f4xx_it.o(i.MemManage_Handler)
    NMI_Handler                              0x08001e87   Thumb Code     2  stm32f4xx_it.o(i.NMI_Handler)
    OTG_HS_IRQHandler                        0x08001e89   Thumb Code     6  stm32f4xx_it.o(i.OTG_HS_IRQHandler)
    PendSV_Handler                           0x08002013   Thumb Code     2  stm32f4xx_it.o(i.PendSV_Handler)
    SVC_Handler                              0x08002015   Thumb Code     2  stm32f4xx_it.o(i.SVC_Handler)
    SysTick_Handler                          0x08002017   Thumb Code     4  stm32f4xx_it.o(i.SysTick_Handler)
    SystemClock_Config                       0x0800201d   Thumb Code   124  main.o(i.SystemClock_Config)
    SystemInit                               0x080020a1   Thumb Code    66  system_stm32f4xx.o(i.SystemInit)
    USART1_IRQHandler                        0x080025cd   Thumb Code    52  stm32f4xx_it.o(i.USART1_IRQHandler)
    USBD_CUSTOM_HID_RegisterInterface        0x0800271d   Thumb Code    16  usbd_customhid.o(i.USBD_CUSTOM_HID_RegisterInterface)
    USBD_CUSTOM_HID_SendReport               0x0800272d   Thumb Code    44  usbd_customhid.o(i.USBD_CUSTOM_HID_SendReport)
    USBD_ClrClassConfig                      0x08002839   Thumb Code    14  usbd_core.o(i.USBD_ClrClassConfig)
    USBD_CtlContinueRx                       0x08002847   Thumb Code    16  usbd_ioreq.o(i.USBD_CtlContinueRx)
    USBD_CtlContinueSendData                 0x08002857   Thumb Code    16  usbd_ioreq.o(i.USBD_CtlContinueSendData)
    USBD_CtlError                            0x08002867   Thumb Code    22  usbd_ctlreq.o(i.USBD_CtlError)
    USBD_CtlPrepareRx                        0x0800287d   Thumb Code    30  usbd_ioreq.o(i.USBD_CtlPrepareRx)
    USBD_CtlReceiveStatus                    0x0800289b   Thumb Code    22  usbd_ioreq.o(i.USBD_CtlReceiveStatus)
    USBD_CtlSendData                         0x080028b1   Thumb Code    26  usbd_ioreq.o(i.USBD_CtlSendData)
    USBD_CtlSendStatus                       0x080028cb   Thumb Code    22  usbd_ioreq.o(i.USBD_CtlSendStatus)
    USBD_GetString                           0x080029c9   Thumb Code    72  usbd_ctlreq.o(i.USBD_GetString)
    USBD_Get_USB_Status                      0x08002a11   Thumb Code    24  usbd_conf.o(i.USBD_Get_USB_Status)
    USBD_HS_ConfigStrDescriptor              0x08002a29   Thumb Code    16  usbd_desc.o(i.USBD_HS_ConfigStrDescriptor)
    USBD_HS_DeviceDescriptor                 0x08002a51   Thumb Code     8  usbd_desc.o(i.USBD_HS_DeviceDescriptor)
    USBD_HS_InterfaceStrDescriptor           0x08002a5d   Thumb Code    16  usbd_desc.o(i.USBD_HS_InterfaceStrDescriptor)
    USBD_HS_LangIDStrDescriptor              0x08002a89   Thumb Code     8  usbd_desc.o(i.USBD_HS_LangIDStrDescriptor)
    USBD_HS_ManufacturerStrDescriptor        0x08002a95   Thumb Code    16  usbd_desc.o(i.USBD_HS_ManufacturerStrDescriptor)
    USBD_HS_ProductStrDescriptor             0x08002abd   Thumb Code    16  usbd_desc.o(i.USBD_HS_ProductStrDescriptor)
    USBD_HS_SerialStrDescriptor              0x08002af1   Thumb Code    48  usbd_desc.o(i.USBD_HS_SerialStrDescriptor)
    USBD_Init                                0x08002b29   Thumb Code    60  usbd_core.o(i.USBD_Init)
    USBD_LL_ClearStallEP                     0x08002b89   Thumb Code    18  usbd_conf.o(i.USBD_LL_ClearStallEP)
    USBD_LL_CloseEP                          0x08002b9b   Thumb Code    18  usbd_conf.o(i.USBD_LL_CloseEP)
    USBD_LL_DataInStage                      0x08002bad   Thumb Code   198  usbd_core.o(i.USBD_LL_DataInStage)
    USBD_LL_DataOutStage                     0x08002c73   Thumb Code   130  usbd_core.o(i.USBD_LL_DataOutStage)
    USBD_LL_DevConnected                     0x08002cf5   Thumb Code     4  usbd_core.o(i.USBD_LL_DevConnected)
    USBD_LL_DevDisconnected                  0x08002cf9   Thumb Code    22  usbd_core.o(i.USBD_LL_DevDisconnected)
    USBD_LL_Init                             0x08002d11   Thumb Code    96  usbd_conf.o(i.USBD_LL_Init)
    USBD_LL_IsStallEP                        0x08002d79   Thumb Code    32  usbd_conf.o(i.USBD_LL_IsStallEP)
    USBD_LL_IsoINIncomplete                  0x08002d99   Thumb Code     4  usbd_core.o(i.USBD_LL_IsoINIncomplete)
    USBD_LL_IsoOUTIncomplete                 0x08002d9d   Thumb Code     4  usbd_core.o(i.USBD_LL_IsoOUTIncomplete)
    USBD_LL_OpenEP                           0x08002da1   Thumb Code    24  usbd_conf.o(i.USBD_LL_OpenEP)
    USBD_LL_PrepareReceive                   0x08002db9   Thumb Code    18  usbd_conf.o(i.USBD_LL_PrepareReceive)
    USBD_LL_Reset                            0x08002dcb   Thumb Code    80  usbd_core.o(i.USBD_LL_Reset)
    USBD_LL_Resume                           0x08002e1b   Thumb Code    12  usbd_core.o(i.USBD_LL_Resume)
    USBD_LL_SOF                              0x08002e27   Thumb Code    24  usbd_core.o(i.USBD_LL_SOF)
    USBD_LL_SetSpeed                         0x08002e3f   Thumb Code     6  usbd_core.o(i.USBD_LL_SetSpeed)
    USBD_LL_SetUSBAddress                    0x08002e45   Thumb Code    18  usbd_conf.o(i.USBD_LL_SetUSBAddress)
    USBD_LL_SetupStage                       0x08002e57   Thumb Code    90  usbd_core.o(i.USBD_LL_SetupStage)
    USBD_LL_StallEP                          0x08002eb1   Thumb Code    18  usbd_conf.o(i.USBD_LL_StallEP)
    USBD_LL_Start                            0x08002ec3   Thumb Code    18  usbd_conf.o(i.USBD_LL_Start)
    USBD_LL_Suspend                          0x08002ed5   Thumb Code    18  usbd_core.o(i.USBD_LL_Suspend)
    USBD_LL_Transmit                         0x08002ee7   Thumb Code    18  usbd_conf.o(i.USBD_LL_Transmit)
    USBD_ParseSetupRequest                   0x08002ef9   Thumb Code    40  usbd_ctlreq.o(i.USBD_ParseSetupRequest)
    USBD_RegisterClass                       0x08002f21   Thumb Code    36  usbd_core.o(i.USBD_RegisterClass)
    USBD_SetClassConfig                      0x08002f69   Thumb Code    22  usbd_core.o(i.USBD_SetClassConfig)
    USBD_Start                               0x08003005   Thumb Code    10  usbd_core.o(i.USBD_Start)
    USBD_StdDevReq                           0x0800300f   Thumb Code   274  usbd_ctlreq.o(i.USBD_StdDevReq)
    USBD_StdEPReq                            0x08003121   Thumb Code   336  usbd_ctlreq.o(i.USBD_StdEPReq)
    USBD_StdItfReq                           0x08003271   Thumb Code    78  usbd_ctlreq.o(i.USBD_StdItfReq)
    USB_ActivateEndpoint                     0x080032c1   Thumb Code   122  stm32f4xx_ll_usb.o(i.USB_ActivateEndpoint)
    USB_ActivateSetup                        0x08003341   Thumb Code    52  stm32f4xx_ll_usb.o(i.USB_ActivateSetup)
    USB_CoreInit                             0x08003375   Thumb Code   112  stm32f4xx_ll_usb.o(i.USB_CoreInit)
    USB_DeactivateEndpoint                   0x08003421   Thumb Code   118  stm32f4xx_ll_usb.o(i.USB_DeactivateEndpoint)
    USB_DevConnect                           0x080034a1   Thumb Code    24  stm32f4xx_ll_usb.o(i.USB_DevConnect)
    USB_DevDisconnect                        0x080034b9   Thumb Code    24  stm32f4xx_ll_usb.o(i.USB_DevDisconnect)
    USB_DevInit                              0x080034d1   Thumb Code   378  stm32f4xx_ll_usb.o(i.USB_DevInit)
    USB_DisableGlobalInt                     0x0800365d   Thumb Code    12  stm32f4xx_ll_usb.o(i.USB_DisableGlobalInt)
    USB_EP0StartXfer                         0x08003669   Thumb Code   262  stm32f4xx_ll_usb.o(i.USB_EP0StartXfer)
    USB_EP0_OutStart                         0x08003775   Thumb Code    84  stm32f4xx_ll_usb.o(i.USB_EP0_OutStart)
    USB_EPClearStall                         0x080037cd   Thumb Code    88  stm32f4xx_ll_usb.o(i.USB_EPClearStall)
    USB_EPSetStall                           0x08003825   Thumb Code    88  stm32f4xx_ll_usb.o(i.USB_EPSetStall)
    USB_EPStartXfer                          0x0800387d   Thumb Code   450  stm32f4xx_ll_usb.o(i.USB_EPStartXfer)
    USB_EnableGlobalInt                      0x08003a45   Thumb Code    12  stm32f4xx_ll_usb.o(i.USB_EnableGlobalInt)
    USB_FlushRxFifo                          0x08003a51   Thumb Code    28  stm32f4xx_ll_usb.o(i.USB_FlushRxFifo)
    USB_FlushTxFifo                          0x08003a71   Thumb Code    32  stm32f4xx_ll_usb.o(i.USB_FlushTxFifo)
    USB_GetDevSpeed                          0x08003a95   Thumb Code    26  stm32f4xx_ll_usb.o(i.USB_GetDevSpeed)
    USB_GetMode                              0x08003aaf   Thumb Code     8  stm32f4xx_ll_usb.o(i.USB_GetMode)
    USB_ReadDevAllInEpInterrupt              0x08003ab7   Thumb Code    14  stm32f4xx_ll_usb.o(i.USB_ReadDevAllInEpInterrupt)
    USB_ReadDevAllOutEpInterrupt             0x08003ac5   Thumb Code    14  stm32f4xx_ll_usb.o(i.USB_ReadDevAllOutEpInterrupt)
    USB_ReadDevInEPInterrupt                 0x08003ad3   Thumb Code    36  stm32f4xx_ll_usb.o(i.USB_ReadDevInEPInterrupt)
    USB_ReadDevOutEPInterrupt                0x08003af7   Thumb Code    16  stm32f4xx_ll_usb.o(i.USB_ReadDevOutEPInterrupt)
    USB_ReadInterrupts                       0x08003b07   Thumb Code     8  stm32f4xx_ll_usb.o(i.USB_ReadInterrupts)
    USB_ReadPacket                           0x08003b0f   Thumb Code    28  stm32f4xx_ll_usb.o(i.USB_ReadPacket)
    USB_SetCurrentMode                       0x08003b2b   Thumb Code    46  stm32f4xx_ll_usb.o(i.USB_SetCurrentMode)
    USB_SetDevAddress                        0x08003b59   Thumb Code    34  stm32f4xx_ll_usb.o(i.USB_SetDevAddress)
    USB_SetTurnaroundTime                    0x08003b7d   Thumb Code   158  stm32f4xx_ll_usb.o(i.USB_SetTurnaroundTime)
    USB_WritePacket                          0x08003c65   Thumb Code    36  stm32f4xx_ll_usb.o(i.USB_WritePacket)
    UsageFault_Handler                       0x08003c89   Thumb Code     2  stm32f4xx_it.o(i.UsageFault_Handler)
    __0printf$2                              0x08003c8d   Thumb Code    22  printf2.o(i.__0printf$2)
    __1printf$2                              0x08003c8d   Thumb Code     0  printf2.o(i.__0printf$2)
    __2printf                                0x08003c8d   Thumb Code     0  printf2.o(i.__0printf$2)
    __scatterload_copy                       0x08003ccd   Thumb Code    14  handlers.o(i.__scatterload_copy)
    __scatterload_null                       0x08003cdb   Thumb Code     2  handlers.o(i.__scatterload_null)
    __scatterload_zeroinit                   0x08003cdd   Thumb Code    14  handlers.o(i.__scatterload_zeroinit)
    fputc                                    0x08003dc1   Thumb Code    18  usart.o(i.fputc)
    free                                     0x08003dd9   Thumb Code    76  malloc.o(i.free)
    main                                     0x08003e29   Thumb Code   106  main.o(i.main)
    malloc                                   0x08003eb9   Thumb Code    92  malloc.o(i.malloc)
    AHBPrescTable                            0x08003f2c   Data          16  system_stm32f4xx.o(.constdata)
    APBPrescTable                            0x08003f3c   Data           8  system_stm32f4xx.o(.constdata)
    Region$$Table$$Base                      0x08003f44   Number         0  anon$$obj.o(Region$$Table)
    Region$$Table$$Limit                     0x08003f64   Number         0  anon$$obj.o(Region$$Table)
    mouseHID                                 0x20000000   Data           4  main.o(.data)
    uart_recv_flag                           0x20000004   Data           1  usart.o(.data)
    HS_Desc                                  0x20000008   Data          28  usbd_desc.o(.data)
    USBD_LangIDDesc                          0x20000024   Data           4  usbd_desc.o(.data)
    USBD_HS_DeviceDesc                       0x20000028   Data          18  usbd_desc.o(.data)
    USBD_StringSerial                        0x2000003c   Data          26  usbd_desc.o(.data)
    USBD_CustomHID_fops_HS                   0x2000008c   Data          16  usbd_custom_hid_if.o(.data)
    uwTickFreq                               0x2000009c   Data           1  stm32f4xx_hal.o(.data)
    uwTickPrio                               0x200000a0   Data           4  stm32f4xx_hal.o(.data)
    uwTick                                   0x200000a4   Data           4  stm32f4xx_hal.o(.data)
    SystemCoreClock                          0x200000a8   Data           4  system_stm32f4xx.o(.data)
    USBD_CUSTOM_HID                          0x200000b0   Data          56  usbd_customhid.o(.data)
    __stdout                                 0x20000184   Data           4  stdout.o(.data)
    __microlib_freelist                      0x20000188   Data           4  mvars.o(.data)
    __microlib_freelist_initialised          0x2000018c   Data           4  mvars.o(.data)
    uart_recv_buf                            0x20000190   Data        1024  usart.o(.bss)
    huart1                                   0x20000590   Data          64  usart.o(.bss)
    hdma_usart1_rx                           0x200005d0   Data          96  usart.o(.bss)
    hUsbDeviceHS                             0x20000630   Data         668  usb_device.o(.bss)
    hpcd_USB_OTG_HS                          0x200008cc   Data        1032  usbd_conf.o(.bss)
    USBD_StrDesc                             0x20000cd4   Data         512  usbd_desc.o(.bss)
    __heap_base                              0x20000ed8   Data           0  startup_stm32f429xx.o(HEAP)
    __heap_limit                             0x200010d8   Data           0  startup_stm32f429xx.o(HEAP)
    __initial_sp                             0x200014d8   Data           0  startup_stm32f429xx.o(STACK)



==============================================================================

Memory Map of the image

  Image Entry point : 0x080001ad

  Load Region LR_IROM1 (Base: 0x08000000, Size: 0x000040f4, Max: 0x00100000, ABSOLUTE, COMPRESSED[0x00004038])

    Execution Region ER_IROM1 (Exec base: 0x08000000, Load base: 0x08000000, Size: 0x00003f64, Max: 0x00100000, ABSOLUTE)

    Exec Addr    Load Addr    Size         Type   Attr      Idx    E Section Name        Object

    0x08000000   0x08000000   0x000001ac   Data   RO            3    RESET               startup_stm32f429xx.o
    0x080001ac   0x080001ac   0x00000000   Code   RO         3287  * .ARM.Collect$$$$00000000  mc_w.l(entry.o)
    0x080001ac   0x080001ac   0x00000004   Code   RO         3587    .ARM.Collect$$$$00000001  mc_w.l(entry2.o)
    0x080001b0   0x080001b0   0x00000004   Code   RO         3590    .ARM.Collect$$$$00000004  mc_w.l(entry5.o)
    0x080001b4   0x080001b4   0x00000000   Code   RO         3592    .ARM.Collect$$$$00000008  mc_w.l(entry7b.o)
    0x080001b4   0x080001b4   0x00000000   Code   RO         3594    .ARM.Collect$$$$0000000A  mc_w.l(entry8b.o)
    0x080001b4   0x080001b4   0x00000008   Code   RO         3595    .ARM.Collect$$$$0000000B  mc_w.l(entry9a.o)
    0x080001bc   0x080001bc   0x00000000   Code   RO         3597    .ARM.Collect$$$$0000000D  mc_w.l(entry10a.o)
    0x080001bc   0x080001bc   0x00000000   Code   RO         3599    .ARM.Collect$$$$0000000F  mc_w.l(entry11a.o)
    0x080001bc   0x080001bc   0x00000004   Code   RO         3588    .ARM.Collect$$$$00002712  mc_w.l(entry2.o)
    0x080001c0   0x080001c0   0x00000024   Code   RO            4    .text               startup_stm32f429xx.o
    0x080001e4   0x080001e4   0x00000062   Code   RO         3290    .text               mc_w.l(uldiv.o)
    0x08000246   0x08000246   0x00000024   Code   RO         3292    .text               mc_w.l(memcpya.o)
    0x0800026a   0x0800026a   0x00000024   Code   RO         3294    .text               mc_w.l(memseta.o)
    0x0800028e   0x0800028e   0x0000001e   Code   RO         3604    .text               mc_w.l(llshl.o)
    0x080002ac   0x080002ac   0x00000020   Code   RO         3606    .text               mc_w.l(llushr.o)
    0x080002cc   0x080002cc   0x00000024   Code   RO         3621    .text               mc_w.l(init.o)
    0x080002f0   0x080002f0   0x00000056   Code   RO         3635    .text               mc_w.l(__dczerorl2.o)
    0x08000346   0x08000346   0x00000002   Code   RO          649    i.BusFault_Handler  stm32f4xx_it.o
    0x08000348   0x08000348   0x00000004   Code   RO          608    i.CUSTOM_HID_DeInit_HS  usbd_custom_hid_if.o
    0x0800034c   0x0800034c   0x00000004   Code   RO          609    i.CUSTOM_HID_Init_HS  usbd_custom_hid_if.o
    0x08000350   0x08000350   0x00000004   Code   RO          610    i.CUSTOM_HID_OutEvent_HS  usbd_custom_hid_if.o
    0x08000354   0x08000354   0x0000000c   Code   RO          650    i.DMA2_Stream2_IRQHandler  stm32f4xx_it.o
    0x08000360   0x08000360   0x00000028   Code   RO         2202    i.DMA_CalcBaseAndBitshift  stm32f4xx_hal_dma.o
    0x08000388   0x08000388   0x00000054   Code   RO         2203    i.DMA_CheckFifoParam  stm32f4xx_hal_dma.o
    0x080003dc   0x080003dc   0x00000028   Code   RO         2204    i.DMA_SetConfig     stm32f4xx_hal_dma.o
    0x08000404   0x08000404   0x00000002   Code   RO          651    i.DebugMon_Handler  stm32f4xx_it.o
    0x08000406   0x08000406   0x00000002   Code   RO           13    i.Error_Handler     main.o
    0x08000408   0x08000408   0x0000008e   Code   RO         2205    i.HAL_DMA_Abort     stm32f4xx_hal_dma.o
    0x08000496   0x08000496   0x00000024   Code   RO         2206    i.HAL_DMA_Abort_IT  stm32f4xx_hal_dma.o
    0x080004ba   0x080004ba   0x00000002   PAD
    0x080004bc   0x080004bc   0x000001a0   Code   RO         2210    i.HAL_DMA_IRQHandler  stm32f4xx_hal_dma.o
    0x0800065c   0x0800065c   0x000000d4   Code   RO         2211    i.HAL_DMA_Init      stm32f4xx_hal_dma.o
    0x08000730   0x08000730   0x00000078   Code   RO         2215    i.HAL_DMA_Start_IT  stm32f4xx_hal_dma.o
    0x080007a8   0x080007a8   0x00000024   Code   RO         2642    i.HAL_Delay         stm32f4xx_hal.o
    0x080007cc   0x080007cc   0x000001cc   Code   RO         2098    i.HAL_GPIO_Init     stm32f4xx_hal_gpio.o
    0x08000998   0x08000998   0x0000000a   Code   RO         2102    i.HAL_GPIO_WritePin  stm32f4xx_hal_gpio.o
    0x080009a2   0x080009a2   0x00000002   PAD
    0x080009a4   0x080009a4   0x0000000c   Code   RO         2650    i.HAL_GetTick       stm32f4xx_hal.o
    0x080009b0   0x080009b0   0x00000010   Code   RO         2656    i.HAL_IncTick       stm32f4xx_hal.o
    0x080009c0   0x080009c0   0x00000034   Code   RO         2657    i.HAL_Init          stm32f4xx_hal.o
    0x080009f4   0x080009f4   0x00000040   Code   RO         2658    i.HAL_InitTick      stm32f4xx_hal.o
    0x08000a34   0x08000a34   0x00000030   Code   RO          743    i.HAL_MspInit       stm32f4xx_hal_msp.o
    0x08000a64   0x08000a64   0x0000001a   Code   RO         2505    i.HAL_NVIC_EnableIRQ  stm32f4xx_hal_cortex.o
    0x08000a7e   0x08000a7e   0x00000002   PAD
    0x08000a80   0x08000a80   0x00000040   Code   RO         2511    i.HAL_NVIC_SetPriority  stm32f4xx_hal_cortex.o
    0x08000ac0   0x08000ac0   0x00000024   Code   RO         2512    i.HAL_NVIC_SetPriorityGrouping  stm32f4xx_hal_cortex.o
    0x08000ae4   0x08000ae4   0x00000002   Code   RO          988    i.HAL_PCDEx_LPM_Callback  stm32f4xx_hal_pcd_ex.o
    0x08000ae6   0x08000ae6   0x00000008   Code   RO          989    i.HAL_PCDEx_SetRxFiFo  stm32f4xx_hal_pcd_ex.o
    0x08000aee   0x08000aee   0x00000044   Code   RO          990    i.HAL_PCDEx_SetTxFiFo  stm32f4xx_hal_pcd_ex.o
    0x08000b32   0x08000b32   0x00000008   Code   RO          327    i.HAL_PCD_ConnectCallback  usbd_conf.o
    0x08000b3a   0x08000b3a   0x00000012   Code   RO          328    i.HAL_PCD_DataInStageCallback  usbd_conf.o
    0x08000b4c   0x08000b4c   0x00000014   Code   RO          329    i.HAL_PCD_DataOutStageCallback  usbd_conf.o
    0x08000b60   0x08000b60   0x00000008   Code   RO          330    i.HAL_PCD_DisconnectCallback  usbd_conf.o
    0x08000b68   0x08000b68   0x0000004c   Code   RO          776    i.HAL_PCD_EP_Close  stm32f4xx_hal_pcd.o
    0x08000bb4   0x08000bb4   0x0000005c   Code   RO          777    i.HAL_PCD_EP_ClrStall  stm32f4xx_hal_pcd.o
    0x08000c10   0x08000c10   0x00000060   Code   RO          780    i.HAL_PCD_EP_Open   stm32f4xx_hal_pcd.o
    0x08000c70   0x08000c70   0x00000048   Code   RO          781    i.HAL_PCD_EP_Receive  stm32f4xx_hal_pcd.o
    0x08000cb8   0x08000cb8   0x00000074   Code   RO          782    i.HAL_PCD_EP_SetStall  stm32f4xx_hal_pcd.o
    0x08000d2c   0x08000d2c   0x00000040   Code   RO          783    i.HAL_PCD_EP_Transmit  stm32f4xx_hal_pcd.o
    0x08000d6c   0x08000d6c   0x0000046c   Code   RO          785    i.HAL_PCD_IRQHandler  stm32f4xx_hal_pcd.o
    0x080011d8   0x080011d8   0x00000008   Code   RO          331    i.HAL_PCD_ISOINIncompleteCallback  usbd_conf.o
    0x080011e0   0x080011e0   0x00000008   Code   RO          332    i.HAL_PCD_ISOOUTIncompleteCallback  usbd_conf.o
    0x080011e8   0x080011e8   0x000000da   Code   RO          788    i.HAL_PCD_Init      stm32f4xx_hal_pcd.o
    0x080012c2   0x080012c2   0x00000002   PAD
    0x080012c4   0x080012c4   0x00000078   Code   RO          334    i.HAL_PCD_MspInit   usbd_conf.o
    0x0800133c   0x0800133c   0x0000002c   Code   RO          335    i.HAL_PCD_ResetCallback  usbd_conf.o
    0x08001368   0x08001368   0x00000008   Code   RO          336    i.HAL_PCD_ResumeCallback  usbd_conf.o
    0x08001370   0x08001370   0x00000008   Code   RO          337    i.HAL_PCD_SOFCallback  usbd_conf.o
    0x08001378   0x08001378   0x00000028   Code   RO          794    i.HAL_PCD_SetAddress  stm32f4xx_hal_pcd.o
    0x080013a0   0x080013a0   0x0000000e   Code   RO          338    i.HAL_PCD_SetupStageCallback  usbd_conf.o
    0x080013ae   0x080013ae   0x00000042   Code   RO          796    i.HAL_PCD_Start     stm32f4xx_hal_pcd.o
    0x080013f0   0x080013f0   0x00000030   Code   RO          339    i.HAL_PCD_SuspendCallback  usbd_conf.o
    0x08001420   0x08001420   0x00000130   Code   RO         1692    i.HAL_RCC_ClockConfig  stm32f4xx_hal_rcc.o
    0x08001550   0x08001550   0x0000000c   Code   RO         1697    i.HAL_RCC_GetHCLKFreq  stm32f4xx_hal_rcc.o
    0x0800155c   0x0800155c   0x00000020   Code   RO         1699    i.HAL_RCC_GetPCLK1Freq  stm32f4xx_hal_rcc.o
    0x0800157c   0x0800157c   0x00000020   Code   RO         1700    i.HAL_RCC_GetPCLK2Freq  stm32f4xx_hal_rcc.o
    0x0800159c   0x0800159c   0x00000064   Code   RO         1701    i.HAL_RCC_GetSysClockFreq  stm32f4xx_hal_rcc.o
    0x08001600   0x08001600   0x0000031c   Code   RO         1704    i.HAL_RCC_OscConfig  stm32f4xx_hal_rcc.o
    0x0800191c   0x0800191c   0x00000028   Code   RO         2516    i.HAL_SYSTICK_Config  stm32f4xx_hal_cortex.o
    0x08001944   0x08001944   0x00000058   Code   RO         1384    i.HAL_UART_DMAStop  stm32f4xx_hal_uart.o
    0x0800199c   0x0800199c   0x00000002   Code   RO         1386    i.HAL_UART_ErrorCallback  stm32f4xx_hal_uart.o
    0x0800199e   0x0800199e   0x00000002   PAD
    0x080019a0   0x080019a0   0x00000110   Code   RO         1389    i.HAL_UART_IRQHandler  stm32f4xx_hal_uart.o
    0x08001ab0   0x08001ab0   0x00000062   Code   RO         1390    i.HAL_UART_Init     stm32f4xx_hal_uart.o
    0x08001b12   0x08001b12   0x00000002   PAD
    0x08001b14   0x08001b14   0x000000b8   Code   RO          243    i.HAL_UART_MspInit  usart.o
    0x08001bcc   0x08001bcc   0x00000098   Code   RO         1394    i.HAL_UART_Receive_DMA  stm32f4xx_hal_uart.o
    0x08001c64   0x08001c64   0x00000002   Code   RO         1396    i.HAL_UART_RxCpltCallback  stm32f4xx_hal_uart.o
    0x08001c66   0x08001c66   0x00000002   Code   RO         1397    i.HAL_UART_RxHalfCpltCallback  stm32f4xx_hal_uart.o
    0x08001c68   0x08001c68   0x000000ba   Code   RO         1398    i.HAL_UART_Transmit  stm32f4xx_hal_uart.o
    0x08001d22   0x08001d22   0x00000002   Code   RO         1401    i.HAL_UART_TxCpltCallback  stm32f4xx_hal_uart.o
    0x08001d24   0x08001d24   0x00000002   Code   RO          652    i.HardFault_Handler  stm32f4xx_it.o
    0x08001d26   0x08001d26   0x00000002   PAD
    0x08001d28   0x08001d28   0x00000038   Code   RO          522    i.IntToUnicode      usbd_desc.o
    0x08001d60   0x08001d60   0x0000002c   Code   RO          218    i.MX_DMA_Init       dma.o
    0x08001d8c   0x08001d8c   0x0000006c   Code   RO          194    i.MX_GPIO_Init      gpio.o
    0x08001df8   0x08001df8   0x00000038   Code   RO          244    i.MX_USART1_UART_Init  usart.o
    0x08001e30   0x08001e30   0x00000054   Code   RO          292    i.MX_USB_DEVICE_Init  usb_device.o
    0x08001e84   0x08001e84   0x00000002   Code   RO          653    i.MemManage_Handler  stm32f4xx_it.o
    0x08001e86   0x08001e86   0x00000002   Code   RO          654    i.NMI_Handler       stm32f4xx_it.o
    0x08001e88   0x08001e88   0x0000000c   Code   RO          655    i.OTG_HS_IRQHandler  stm32f4xx_it.o
    0x08001e94   0x08001e94   0x000000dc   Code   RO          799    i.PCD_EP_OutXfrComplete_int  stm32f4xx_hal_pcd.o
    0x08001f70   0x08001f70   0x000000a2   Code   RO          800    i.PCD_WriteEmptyTxFifo  stm32f4xx_hal_pcd.o
    0x08002012   0x08002012   0x00000002   Code   RO          656    i.PendSV_Handler    stm32f4xx_it.o
    0x08002014   0x08002014   0x00000002   Code   RO          657    i.SVC_Handler       stm32f4xx_it.o
    0x08002016   0x08002016   0x00000004   Code   RO          658    i.SysTick_Handler   stm32f4xx_it.o
    0x0800201a   0x0800201a   0x00000002   PAD
    0x0800201c   0x0800201c   0x00000084   Code   RO           14    i.SystemClock_Config  main.o
    0x080020a0   0x080020a0   0x00000054   Code   RO         2903    i.SystemInit        system_stm32f4xx.o
    0x080020f4   0x080020f4   0x00000010   Code   RO         1403    i.UART_DMAAbortOnError  stm32f4xx_hal_uart.o
    0x08002104   0x08002104   0x0000004a   Code   RO         1404    i.UART_DMAError     stm32f4xx_hal_uart.o
    0x0800214e   0x0800214e   0x0000003c   Code   RO         1405    i.UART_DMAReceiveCplt  stm32f4xx_hal_uart.o
    0x0800218a   0x0800218a   0x0000000a   Code   RO         1407    i.UART_DMARxHalfCplt  stm32f4xx_hal_uart.o
    0x08002194   0x08002194   0x0000001c   Code   RO         1413    i.UART_EndRxTransfer  stm32f4xx_hal_uart.o
    0x080021b0   0x080021b0   0x00000012   Code   RO         1414    i.UART_EndTxTransfer  stm32f4xx_hal_uart.o
    0x080021c2   0x080021c2   0x00000096   Code   RO         1415    i.UART_Receive_IT   stm32f4xx_hal_uart.o
    0x08002258   0x08002258   0x000002ac   Code   RO         1416    i.UART_SetConfig    stm32f4xx_hal_uart.o
    0x08002504   0x08002504   0x00000062   Code   RO         1417    i.UART_Transmit_IT  stm32f4xx_hal_uart.o
    0x08002566   0x08002566   0x00000064   Code   RO         1418    i.UART_WaitOnFlagUntilTimeout  stm32f4xx_hal_uart.o
    0x080025ca   0x080025ca   0x00000002   PAD
    0x080025cc   0x080025cc   0x00000040   Code   RO          659    i.USART1_IRQHandler  stm32f4xx_it.o
    0x0800260c   0x0800260c   0x0000000e   Code   RO         3203    i.USBD_CUSTOM_HID_DataIn  usbd_customhid.o
    0x0800261a   0x0800261a   0x00000024   Code   RO         3204    i.USBD_CUSTOM_HID_DataOut  usbd_customhid.o
    0x0800263e   0x0800263e   0x00000038   Code   RO         3205    i.USBD_CUSTOM_HID_DeInit  usbd_customhid.o
    0x08002676   0x08002676   0x00000022   Code   RO         3206    i.USBD_CUSTOM_HID_EP0_RxReady  usbd_customhid.o
    0x08002698   0x08002698   0x0000000c   Code   RO         3207    i.USBD_CUSTOM_HID_GetDeviceQualifierDesc  usbd_customhid.o
    0x080026a4   0x080026a4   0x0000000c   Code   RO         3208    i.USBD_CUSTOM_HID_GetFSCfgDesc  usbd_customhid.o
    0x080026b0   0x080026b0   0x0000000c   Code   RO         3209    i.USBD_CUSTOM_HID_GetHSCfgDesc  usbd_customhid.o
    0x080026bc   0x080026bc   0x0000000c   Code   RO         3210    i.USBD_CUSTOM_HID_GetOtherSpeedCfgDesc  usbd_customhid.o
    0x080026c8   0x080026c8   0x00000054   Code   RO         3211    i.USBD_CUSTOM_HID_Init  usbd_customhid.o
    0x0800271c   0x0800271c   0x00000010   Code   RO         3212    i.USBD_CUSTOM_HID_RegisterInterface  usbd_customhid.o
    0x0800272c   0x0800272c   0x0000002c   Code   RO         3213    i.USBD_CUSTOM_HID_SendReport  usbd_customhid.o
    0x08002758   0x08002758   0x000000e0   Code   RO         3214    i.USBD_CUSTOM_HID_Setup  usbd_customhid.o
    0x08002838   0x08002838   0x0000000e   Code   RO         2940    i.USBD_ClrClassConfig  usbd_core.o
    0x08002846   0x08002846   0x00000010   Code   RO         3143    i.USBD_CtlContinueRx  usbd_ioreq.o
    0x08002856   0x08002856   0x00000010   Code   RO         3144    i.USBD_CtlContinueSendData  usbd_ioreq.o
    0x08002866   0x08002866   0x00000016   Code   RO         3078    i.USBD_CtlError     usbd_ctlreq.o
    0x0800287c   0x0800287c   0x0000001e   Code   RO         3145    i.USBD_CtlPrepareRx  usbd_ioreq.o
    0x0800289a   0x0800289a   0x00000016   Code   RO         3146    i.USBD_CtlReceiveStatus  usbd_ioreq.o
    0x080028b0   0x080028b0   0x0000001a   Code   RO         3147    i.USBD_CtlSendData  usbd_ioreq.o
    0x080028ca   0x080028ca   0x00000016   Code   RO         3148    i.USBD_CtlSendStatus  usbd_ioreq.o
    0x080028e0   0x080028e0   0x000000e8   Code   RO         3079    i.USBD_GetDescriptor  usbd_ctlreq.o
    0x080029c8   0x080029c8   0x00000048   Code   RO         3080    i.USBD_GetString    usbd_ctlreq.o
    0x08002a10   0x08002a10   0x00000018   Code   RO          340    i.USBD_Get_USB_Status  usbd_conf.o
    0x08002a28   0x08002a28   0x00000028   Code   RO          523    i.USBD_HS_ConfigStrDescriptor  usbd_desc.o
    0x08002a50   0x08002a50   0x0000000c   Code   RO          524    i.USBD_HS_DeviceDescriptor  usbd_desc.o
    0x08002a5c   0x08002a5c   0x0000002c   Code   RO          525    i.USBD_HS_InterfaceStrDescriptor  usbd_desc.o
    0x08002a88   0x08002a88   0x0000000c   Code   RO          526    i.USBD_HS_LangIDStrDescriptor  usbd_desc.o
    0x08002a94   0x08002a94   0x00000028   Code   RO          527    i.USBD_HS_ManufacturerStrDescriptor  usbd_desc.o
    0x08002abc   0x08002abc   0x00000034   Code   RO          528    i.USBD_HS_ProductStrDescriptor  usbd_desc.o
    0x08002af0   0x08002af0   0x00000038   Code   RO          529    i.USBD_HS_SerialStrDescriptor  usbd_desc.o
    0x08002b28   0x08002b28   0x00000060   Code   RO         2942    i.USBD_Init         usbd_core.o
    0x08002b88   0x08002b88   0x00000012   Code   RO          341    i.USBD_LL_ClearStallEP  usbd_conf.o
    0x08002b9a   0x08002b9a   0x00000012   Code   RO          342    i.USBD_LL_CloseEP   usbd_conf.o
    0x08002bac   0x08002bac   0x000000c6   Code   RO         2943    i.USBD_LL_DataInStage  usbd_core.o
    0x08002c72   0x08002c72   0x00000082   Code   RO         2944    i.USBD_LL_DataOutStage  usbd_core.o
    0x08002cf4   0x08002cf4   0x00000004   Code   RO         2945    i.USBD_LL_DevConnected  usbd_core.o
    0x08002cf8   0x08002cf8   0x00000016   Code   RO         2946    i.USBD_LL_DevDisconnected  usbd_core.o
    0x08002d0e   0x08002d0e   0x00000002   PAD
    0x08002d10   0x08002d10   0x00000068   Code   RO          347    i.USBD_LL_Init      usbd_conf.o
    0x08002d78   0x08002d78   0x00000020   Code   RO          348    i.USBD_LL_IsStallEP  usbd_conf.o
    0x08002d98   0x08002d98   0x00000004   Code   RO         2947    i.USBD_LL_IsoINIncomplete  usbd_core.o
    0x08002d9c   0x08002d9c   0x00000004   Code   RO         2948    i.USBD_LL_IsoOUTIncomplete  usbd_core.o
    0x08002da0   0x08002da0   0x00000018   Code   RO          349    i.USBD_LL_OpenEP    usbd_conf.o
    0x08002db8   0x08002db8   0x00000012   Code   RO          350    i.USBD_LL_PrepareReceive  usbd_conf.o
    0x08002dca   0x08002dca   0x00000050   Code   RO         2949    i.USBD_LL_Reset     usbd_core.o
    0x08002e1a   0x08002e1a   0x0000000c   Code   RO         2950    i.USBD_LL_Resume    usbd_core.o
    0x08002e26   0x08002e26   0x00000018   Code   RO         2951    i.USBD_LL_SOF       usbd_core.o
    0x08002e3e   0x08002e3e   0x00000006   Code   RO         2952    i.USBD_LL_SetSpeed  usbd_core.o
    0x08002e44   0x08002e44   0x00000012   Code   RO          351    i.USBD_LL_SetUSBAddress  usbd_conf.o
    0x08002e56   0x08002e56   0x0000005a   Code   RO         2953    i.USBD_LL_SetupStage  usbd_core.o
    0x08002eb0   0x08002eb0   0x00000012   Code   RO          352    i.USBD_LL_StallEP   usbd_conf.o
    0x08002ec2   0x08002ec2   0x00000012   Code   RO          353    i.USBD_LL_Start     usbd_conf.o
    0x08002ed4   0x08002ed4   0x00000012   Code   RO         2954    i.USBD_LL_Suspend   usbd_core.o
    0x08002ee6   0x08002ee6   0x00000012   Code   RO          355    i.USBD_LL_Transmit  usbd_conf.o
    0x08002ef8   0x08002ef8   0x00000028   Code   RO         3081    i.USBD_ParseSetupRequest  usbd_ctlreq.o
    0x08002f20   0x08002f20   0x00000048   Code   RO         2955    i.USBD_RegisterClass  usbd_core.o
    0x08002f68   0x08002f68   0x00000016   Code   RO         2957    i.USBD_SetClassConfig  usbd_core.o
    0x08002f7e   0x08002f7e   0x00000002   PAD
    0x08002f80   0x08002f80   0x00000084   Code   RO         3082    i.USBD_SetConfig    usbd_ctlreq.o
    0x08003004   0x08003004   0x0000000a   Code   RO         2958    i.USBD_Start        usbd_core.o
    0x0800300e   0x0800300e   0x00000112   Code   RO         3083    i.USBD_StdDevReq    usbd_ctlreq.o
    0x08003120   0x08003120   0x00000150   Code   RO         3084    i.USBD_StdEPReq     usbd_ctlreq.o
    0x08003270   0x08003270   0x0000004e   Code   RO         3085    i.USBD_StdItfReq    usbd_ctlreq.o
    0x080032be   0x080032be   0x00000002   PAD
    0x080032c0   0x080032c0   0x00000080   Code   RO         1030    i.USB_ActivateEndpoint  stm32f4xx_ll_usb.o
    0x08003340   0x08003340   0x00000034   Code   RO         1032    i.USB_ActivateSetup  stm32f4xx_ll_usb.o
    0x08003374   0x08003374   0x00000074   Code   RO         1034    i.USB_CoreInit      stm32f4xx_ll_usb.o
    0x080033e8   0x080033e8   0x00000038   Code   RO         1035    i.USB_CoreReset     stm32f4xx_ll_usb.o
    0x08003420   0x08003420   0x00000080   Code   RO         1038    i.USB_DeactivateEndpoint  stm32f4xx_ll_usb.o
    0x080034a0   0x080034a0   0x00000018   Code   RO         1039    i.USB_DevConnect    stm32f4xx_ll_usb.o
    0x080034b8   0x080034b8   0x00000018   Code   RO         1040    i.USB_DevDisconnect  stm32f4xx_ll_usb.o
    0x080034d0   0x080034d0   0x0000018c   Code   RO         1041    i.USB_DevInit       stm32f4xx_ll_usb.o
    0x0800365c   0x0800365c   0x0000000c   Code   RO         1042    i.USB_DisableGlobalInt  stm32f4xx_ll_usb.o
    0x08003668   0x08003668   0x0000010c   Code   RO         1045    i.USB_EP0StartXfer  stm32f4xx_ll_usb.o
    0x08003774   0x08003774   0x00000058   Code   RO         1046    i.USB_EP0_OutStart  stm32f4xx_ll_usb.o
    0x080037cc   0x080037cc   0x00000058   Code   RO         1047    i.USB_EPClearStall  stm32f4xx_ll_usb.o
    0x08003824   0x08003824   0x00000058   Code   RO         1048    i.USB_EPSetStall    stm32f4xx_ll_usb.o
    0x0800387c   0x0800387c   0x000001c8   Code   RO         1049    i.USB_EPStartXfer   stm32f4xx_ll_usb.o
    0x08003a44   0x08003a44   0x0000000c   Code   RO         1050    i.USB_EnableGlobalInt  stm32f4xx_ll_usb.o
    0x08003a50   0x08003a50   0x00000020   Code   RO         1051    i.USB_FlushRxFifo   stm32f4xx_ll_usb.o
    0x08003a70   0x08003a70   0x00000024   Code   RO         1052    i.USB_FlushTxFifo   stm32f4xx_ll_usb.o
    0x08003a94   0x08003a94   0x0000001a   Code   RO         1054    i.USB_GetDevSpeed   stm32f4xx_ll_usb.o
    0x08003aae   0x08003aae   0x00000008   Code   RO         1056    i.USB_GetMode       stm32f4xx_ll_usb.o
    0x08003ab6   0x08003ab6   0x0000000e   Code   RO         1063    i.USB_ReadDevAllInEpInterrupt  stm32f4xx_ll_usb.o
    0x08003ac4   0x08003ac4   0x0000000e   Code   RO         1064    i.USB_ReadDevAllOutEpInterrupt  stm32f4xx_ll_usb.o
    0x08003ad2   0x08003ad2   0x00000024   Code   RO         1065    i.USB_ReadDevInEPInterrupt  stm32f4xx_ll_usb.o
    0x08003af6   0x08003af6   0x00000010   Code   RO         1066    i.USB_ReadDevOutEPInterrupt  stm32f4xx_ll_usb.o
    0x08003b06   0x08003b06   0x00000008   Code   RO         1067    i.USB_ReadInterrupts  stm32f4xx_ll_usb.o
    0x08003b0e   0x08003b0e   0x0000001c   Code   RO         1068    i.USB_ReadPacket    stm32f4xx_ll_usb.o
    0x08003b2a   0x08003b2a   0x0000002e   Code   RO         1070    i.USB_SetCurrentMode  stm32f4xx_ll_usb.o
    0x08003b58   0x08003b58   0x00000022   Code   RO         1071    i.USB_SetDevAddress  stm32f4xx_ll_usb.o
    0x08003b7a   0x08003b7a   0x00000002   PAD
    0x08003b7c   0x08003b7c   0x000000e8   Code   RO         1073    i.USB_SetTurnaroundTime  stm32f4xx_ll_usb.o
    0x08003c64   0x08003c64   0x00000024   Code   RO         1076    i.USB_WritePacket   stm32f4xx_ll_usb.o
    0x08003c88   0x08003c88   0x00000002   Code   RO          660    i.UsageFault_Handler  stm32f4xx_it.o
    0x08003c8a   0x08003c8a   0x00000002   PAD
    0x08003c8c   0x08003c8c   0x00000020   Code   RO         3365    i.__0printf$2       mc_w.l(printf2.o)
    0x08003cac   0x08003cac   0x00000020   Code   RO         2518    i.__NVIC_SetPriority  stm32f4xx_hal_cortex.o
    0x08003ccc   0x08003ccc   0x0000000e   Code   RO         3629    i.__scatterload_copy  mc_w.l(handlers.o)
    0x08003cda   0x08003cda   0x00000002   Code   RO         3630    i.__scatterload_null  mc_w.l(handlers.o)
    0x08003cdc   0x08003cdc   0x0000000e   Code   RO         3631    i.__scatterload_zeroinit  mc_w.l(handlers.o)
    0x08003cea   0x08003cea   0x000000d6   Code   RO         3372    i._printf_core      mc_w.l(printf2.o)
    0x08003dc0   0x08003dc0   0x00000018   Code   RO          245    i.fputc             usart.o
    0x08003dd8   0x08003dd8   0x00000050   Code   RO         3559    i.free              mc_w.l(malloc.o)
    0x08003e28   0x08003e28   0x00000090   Code   RO           15    i.main              main.o
    0x08003eb8   0x08003eb8   0x0000006c   Code   RO         3560    i.malloc            mc_w.l(malloc.o)
    0x08003f24   0x08003f24   0x00000008   Data   RO         2217    .constdata          stm32f4xx_hal_dma.o
    0x08003f2c   0x08003f2c   0x00000010   Data   RO         2904    .constdata          system_stm32f4xx.o
    0x08003f3c   0x08003f3c   0x00000008   Data   RO         2905    .constdata          system_stm32f4xx.o
    0x08003f44   0x08003f44   0x00000020   Data   RO         3627    Region$$Table       anon$$obj.o


    Execution Region RW_IRAM1 (Exec base: 0x20000000, Load base: 0x08003f64, Size: 0x000014d8, Max: 0x00030000, ABSOLUTE, COMPRESSED[0x000000d4])

    Exec Addr    Load Addr    Size         Type   Attr      Idx    E Section Name        Object

    0x20000000   COMPRESSED   0x00000004   Data   RW           17    .data               main.o
    0x20000004   COMPRESSED   0x00000001   Data   RW          248    .data               usart.o
    0x20000005   COMPRESSED   0x00000003   PAD
    0x20000008   COMPRESSED   0x0000001c   Data   RW          531    .data               usbd_desc.o
    0x20000024   COMPRESSED   0x00000032   Data   RW          532    .data               usbd_desc.o
    0x20000056   COMPRESSED   0x00000002   PAD
    0x20000058   COMPRESSED   0x00000034   Data   RW          611    .data               usbd_custom_hid_if.o
    0x2000008c   COMPRESSED   0x00000010   Data   RW          612    .data               usbd_custom_hid_if.o
    0x2000009c   COMPRESSED   0x0000000c   Data   RW         2664    .data               stm32f4xx_hal.o
    0x200000a8   COMPRESSED   0x00000004   Data   RW         2906    .data               system_stm32f4xx.o
    0x200000ac   COMPRESSED   0x00000001   Data   RW         3086    .data               usbd_ctlreq.o
    0x200000ad   COMPRESSED   0x00000003   PAD
    0x200000b0   COMPRESSED   0x00000038   Data   RW         3215    .data               usbd_customhid.o
    0x200000e8   COMPRESSED   0x0000009a   Data   RW         3216    .data               usbd_customhid.o
    0x20000182   COMPRESSED   0x00000002   PAD
    0x20000184   COMPRESSED   0x00000004   Data   RW         3601    .data               mc_w.l(stdout.o)
    0x20000188   COMPRESSED   0x00000004   Data   RW         3608    .data               mc_w.l(mvars.o)
    0x2000018c   COMPRESSED   0x00000004   Data   RW         3609    .data               mc_w.l(mvars.o)
    0x20000190        -       0x00000400   Zero   RW          246    .bss                usart.o
    0x20000590        -       0x000000a0   Zero   RW          247    .bss                usart.o
    0x20000630        -       0x0000029c   Zero   RW          293    .bss                usb_device.o
    0x200008cc        -       0x00000408   Zero   RW          356    .bss                usbd_conf.o
    0x20000cd4        -       0x00000200   Zero   RW          530    .bss                usbd_desc.o
    0x20000ed4   COMPRESSED   0x00000004   PAD
    0x20000ed8        -       0x00000200   Zero   RW            2    HEAP                startup_stm32f429xx.o
    0x200010d8        -       0x00000400   Zero   RW            1    STACK               startup_stm32f429xx.o


==============================================================================

Image component sizes


      Code (inc. data)   RO Data    RW Data    ZI Data      Debug   Object Name

        44          4          0          0          0        742   dma.o
       108          8          0          0          0        875   gpio.o
       278         46          0          4          0     738567   main.o
        36          8        428          0       1536        832   startup_stm32f429xx.o
       180         28          0         12          0       4537   stm32f4xx_hal.o
       198         14          0          0          0      33911   stm32f4xx_hal_cortex.o
      1090         16          8          0          0       7306   stm32f4xx_hal_dma.o
       470         52          0          0          0       2424   stm32f4xx_hal_gpio.o
        48          6          0          0          0        818   stm32f4xx_hal_msp.o
      2354         16          0          0          0      12241   stm32f4xx_hal_pcd.o
        78          0          0          0          0       2377   stm32f4xx_hal_pcd_ex.o
      1276         86          0          0          0       5592   stm32f4xx_hal_rcc.o
      2042         28          0          0          0      13975   stm32f4xx_hal_uart.o
       108         24          0          0          0       5909   stm32f4xx_it.o
      2502        142          0          0          0      22535   stm32f4xx_ll_usb.o
        84         18         24          4          0       1143   system_stm32f4xx.o
       264         36          0          1       1184       2350   usart.o
        84         18          0          0        668        768   usb_device.o
       622         26          0          0       1032      14208   usbd_conf.o
       806         72          0          0          0      12261   usbd_core.o
      1186         28          0          1          0       8072   usbd_ctlreq.o
        12          0          0         68          0       2004   usbd_custom_hid_if.o
       556         32          0        210          0      11091   usbd_customhid.o
       312        128          0         78        512       5889   usbd_desc.o
       132          0          0          0          0       4472   usbd_ioreq.o

    ----------------------------------------------------------------------
     14898        836        492        388       4936     914899   Object Totals
         0          0         32          0          0          0   (incl. Generated)
        28          0          0         10          4          0   (incl. Padding)

    ----------------------------------------------------------------------

      Code (inc. data)   RO Data    RW Data    ZI Data      Debug   Library Member Name

        86          0          0          0          0          0   __dczerorl2.o
         0          0          0          0          0          0   entry.o
         0          0          0          0          0          0   entry10a.o
         0          0          0          0          0          0   entry11a.o
         8          4          0          0          0          0   entry2.o
         4          0          0          0          0          0   entry5.o
         0          0          0          0          0          0   entry7b.o
         0          0          0          0          0          0   entry8b.o
         8          4          0          0          0          0   entry9a.o
        30          0          0          0          0          0   handlers.o
        36          8          0          0          0         68   init.o
        30          0          0          0          0         68   llshl.o
        32          0          0          0          0         68   llushr.o
       188         20          0          0          0        160   malloc.o
        36          0          0          0          0         68   memcpya.o
        36          0          0          0          0        108   memseta.o
         0          0          0          8          0          0   mvars.o
       246         10          0          0          0        176   printf2.o
         0          0          0          4          0          0   stdout.o
        98          0          0          0          0         92   uldiv.o

    ----------------------------------------------------------------------
       838         46          0         12          0        808   Library Totals
         0          0          0          0          0          0   (incl. Padding)

    ----------------------------------------------------------------------

      Code (inc. data)   RO Data    RW Data    ZI Data      Debug   Library Name

       838         46          0         12          0        808   mc_w.l

    ----------------------------------------------------------------------
       838         46          0         12          0        808   Library Totals

    ----------------------------------------------------------------------

==============================================================================


      Code (inc. data)   RO Data    RW Data    ZI Data      Debug   

     15736        882        492        400       4936     897527   Grand Totals
     15736        882        492        212       4936     897527   ELF Image Totals (compressed)
     15736        882        492        212          0          0   ROM Totals

==============================================================================

    Total RO  Size (Code + RO Data)                16228 (  15.85kB)
    Total RW  Size (RW Data + ZI Data)              5336 (   5.21kB)
    Total ROM Size (Code + RO Data + RW Data)      16440 (  16.05kB)

==============================================================================

