Component: ARM Compiler 5.06 update 6 (build 750) Tool: armlink [4d35ed]

==============================================================================

Section Cross References

    startup_stm32f429xx.o(RESET) refers to startup_stm32f429xx.o(STACK) for __initial_sp
    startup_stm32f429xx.o(RESET) refers to startup_stm32f429xx.o(.text) for Reset_Handler
    startup_stm32f429xx.o(RESET) refers to stm32f4xx_it.o(i.NMI_Handler) for NMI_Handler
    startup_stm32f429xx.o(RESET) refers to stm32f4xx_it.o(i.HardFault_Handler) for HardFault_Handler
    startup_stm32f429xx.o(RESET) refers to stm32f4xx_it.o(i.MemManage_Handler) for MemManage_Handler
    startup_stm32f429xx.o(RESET) refers to stm32f4xx_it.o(i.BusFault_Handler) for BusFault_Handler
    startup_stm32f429xx.o(RESET) refers to stm32f4xx_it.o(i.UsageFault_Handler) for UsageFault_Handler
    startup_stm32f429xx.o(RESET) refers to stm32f4xx_it.o(i.SVC_Handler) for SVC_Handler
    startup_stm32f429xx.o(RESET) refers to stm32f4xx_it.o(i.DebugMon_Handler) for DebugMon_Handler
    startup_stm32f429xx.o(RESET) refers to stm32f4xx_it.o(i.PendSV_Handler) for PendSV_Handler
    startup_stm32f429xx.o(RESET) refers to stm32f4xx_it.o(i.SysTick_Handler) for SysTick_Handler
    startup_stm32f429xx.o(RESET) refers to stm32f4xx_it.o(i.USART1_IRQHandler) for USART1_IRQHandler
    startup_stm32f429xx.o(RESET) refers to stm32f4xx_it.o(i.DMA2_Stream2_IRQHandler) for DMA2_Stream2_IRQHandler
    startup_stm32f429xx.o(RESET) refers to stm32f4xx_it.o(i.OTG_HS_IRQHandler) for OTG_HS_IRQHandler
    startup_stm32f429xx.o(.text) refers to system_stm32f4xx.o(i.SystemInit) for SystemInit
    startup_stm32f429xx.o(.text) refers to entry.o(.ARM.Collect$$$$00000000) for __main
    main.o(i.Error_Handler) refers to printfb.o(i.__0printf$bare) for __2printf
    main.o(i.SystemClock_Config) refers to memseta.o(.text) for __aeabi_memclr4
    main.o(i.SystemClock_Config) refers to stm32f4xx_hal_rcc.o(i.HAL_RCC_OscConfig) for HAL_RCC_OscConfig
    main.o(i.SystemClock_Config) refers to printfb.o(i.__0printf$bare) for __2printf
    main.o(i.SystemClock_Config) refers to stm32f4xx_hal_rcc.o(i.HAL_RCC_ClockConfig) for HAL_RCC_ClockConfig
    main.o(i.SystemClock_Config) refers to main.o(i.Error_Handler) for i.Error_Handler
    main.o(i.main) refers to memcpya.o(.text) for __aeabi_memcpy4
    main.o(i.main) refers to stm32f4xx_hal.o(i.HAL_Init) for HAL_Init
    main.o(i.main) refers to main.o(i.SystemClock_Config) for SystemClock_Config
    main.o(i.main) refers to gpio.o(i.MX_GPIO_Init) for MX_GPIO_Init
    main.o(i.main) refers to dma.o(i.MX_DMA_Init) for MX_DMA_Init
    main.o(i.main) refers to usart.o(i.MX_USART1_UART_Init) for MX_USART1_UART_Init
    main.o(i.main) refers to fatfs.o(i.MX_FATFS_Init) for MX_FATFS_Init
    main.o(i.main) refers to usb_host.o(i.MX_USB_HOST_Init) for MX_USB_HOST_Init
    main.o(i.main) refers to stm32f4xx_hal_uart.o(i.HAL_UART_Receive_DMA) for HAL_UART_Receive_DMA
    main.o(i.main) refers to printfb.o(i.__0printf$bare) for __2printf
    main.o(i.main) refers to usb_host.o(i.MX_USB_HOST_Process) for MX_USB_HOST_Process
    main.o(i.main) refers to ff.o(i.f_mount) for f_mount
    main.o(i.main) refers to ff.o(i.f_open) for f_open
    main.o(i.main) refers to ff.o(i.f_write) for f_write
    main.o(i.main) refers to ff.o(i.f_close) for f_close
    main.o(i.main) refers to usart.o(.bss) for huart1
    main.o(i.main) refers to usart.o(.bss) for uart_recv_buf
    main.o(i.main) refers to usb_host.o(.data) for Appli_state
    main.o(i.main) refers to fatfs.o(.data) for USBHPath
    main.o(i.main) refers to fatfs.o(.bss) for USBHFatFS
    main.o(i.main) refers to fatfs.o(.bss) for USBHFile
    main.o(i.main) refers to main.o(i.Error_Handler) for i.Error_Handler
    gpio.o(i.MX_GPIO_Init) refers to memseta.o(.text) for __aeabi_memclr4
    gpio.o(i.MX_GPIO_Init) refers to stm32f4xx_hal_gpio.o(i.HAL_GPIO_WritePin) for HAL_GPIO_WritePin
    gpio.o(i.MX_GPIO_Init) refers to stm32f4xx_hal_gpio.o(i.HAL_GPIO_Init) for HAL_GPIO_Init
    dma.o(i.MX_DMA_Init) refers to stm32f4xx_hal_cortex.o(i.HAL_NVIC_SetPriority) for HAL_NVIC_SetPriority
    dma.o(i.MX_DMA_Init) refers to stm32f4xx_hal_cortex.o(i.HAL_NVIC_EnableIRQ) for HAL_NVIC_EnableIRQ
    usbh_diskio.o(i.USBH_ioctl) refers to usbh_msc.o(i.USBH_MSC_GetLUNInfo) for USBH_MSC_GetLUNInfo
    usbh_diskio.o(i.USBH_ioctl) refers to usb_host.o(.bss) for hUsbHostHS
    usbh_diskio.o(i.USBH_read) refers to usbh_msc.o(i.USBH_MSC_Read) for USBH_MSC_Read
    usbh_diskio.o(i.USBH_read) refers to usbh_msc.o(i.USBH_MSC_GetLUNInfo) for USBH_MSC_GetLUNInfo
    usbh_diskio.o(i.USBH_read) refers to usb_host.o(.bss) for hUsbHostHS
    usbh_diskio.o(i.USBH_status) refers to usbh_msc.o(i.USBH_MSC_UnitIsReady) for USBH_MSC_UnitIsReady
    usbh_diskio.o(i.USBH_status) refers to usb_host.o(.bss) for hUsbHostHS
[...]
    USBH_MSC_Process                         0x08003111   Thumb Code   638  usbh_msc.o(i.USBH_MSC_Process)
    i.USBH_MSC_RdWrProcess                   0x08003390   Section        0  usbh_msc.o(i.USBH_MSC_RdWrProcess)
    USBH_MSC_RdWrProcess                     0x08003391   Thumb Code   142  usbh_msc.o(i.USBH_MSC_RdWrProcess)
    i.USBH_MSC_Read                          0x0800341e   Section        0  usbh_msc.o(i.USBH_MSC_Read)
    i.USBH_MSC_SCSI_Inquiry                  0x080034a8   Section        0  usbh_msc_scsi.o(i.USBH_MSC_SCSI_Inquiry)
    i.USBH_MSC_SCSI_Read                     0x0800357c   Section        0  usbh_msc_scsi.o(i.USBH_MSC_SCSI_Read)
    i.USBH_MSC_SCSI_ReadCapacity             0x080035fc   Section        0  usbh_msc_scsi.o(i.USBH_MSC_SCSI_ReadCapacity)
    i.USBH_MSC_SCSI_RequestSense             0x08003676   Section        0  usbh_msc_scsi.o(i.USBH_MSC_SCSI_RequestSense)
    i.USBH_MSC_SCSI_TestUnitReady            0x08003708   Section        0  usbh_msc_scsi.o(i.USBH_MSC_SCSI_TestUnitReady)
    i.USBH_MSC_SCSI_Write                    0x08003754   Section        0  usbh_msc_scsi.o(i.USBH_MSC_SCSI_Write)
    i.USBH_MSC_SOFProcess                    0x080037d4   Section        0  usbh_msc.o(i.USBH_MSC_SOFProcess)
    USBH_MSC_SOFProcess                      0x080037d5   Thumb Code     4  usbh_msc.o(i.USBH_MSC_SOFProcess)
    i.USBH_MSC_UnitIsReady                   0x080037d8   Section        0  usbh_msc.o(i.USBH_MSC_UnitIsReady)
    i.USBH_MSC_Write                         0x080037fe   Section        0  usbh_msc.o(i.USBH_MSC_Write)
    i.USBH_OpenPipe                          0x08003888   Section        0  usbh_pipes.o(i.USBH_OpenPipe)
    i.USBH_ParseCfgDesc                      0x0800389c   Section        0  usbh_ctlreq.o(i.USBH_ParseCfgDesc)
    USBH_ParseCfgDesc                        0x0800389d   Thumb Code   220  usbh_ctlreq.o(i.USBH_ParseCfgDesc)
    i.USBH_Process                           0x08003978   Section        0  usbh_core.o(i.USBH_Process)
    i.USBH_RegisterClass                     0x08003b18   Section        0  usbh_core.o(i.USBH_RegisterClass)
    i.USBH_SelectInterface                   0x08003b34   Section        0  usbh_core.o(i.USBH_SelectInterface)
    i.USBH_SetAddress                        0x08003b4a   Section        0  usbh_ctlreq.o(i.USBH_SetAddress)
    i.USBH_SetCfg                            0x08003b66   Section        0  usbh_ctlreq.o(i.USBH_SetCfg)
    i.USBH_SetFeature                        0x08003b82   Section        0  usbh_ctlreq.o(i.USBH_SetFeature)
    i.USBH_Start                             0x08003b9e   Section        0  usbh_core.o(i.USBH_Start)
    i.USBH_UserProcess                       0x08003bb4   Section        0  usb_host.o(i.USBH_UserProcess)
    USBH_UserProcess                         0x08003bb5   Thumb Code    28  usb_host.o(i.USBH_UserProcess)
    i.USBH_initialize                        0x08003bd4   Section        0  usbh_diskio.o(i.USBH_initialize)
    i.USBH_ioctl                             0x08003bd8   Section        0  usbh_diskio.o(i.USBH_ioctl)
    i.USBH_read                              0x08003c3c   Section        0  usbh_diskio.o(i.USBH_read)
    i.USBH_status                            0x08003c80   Section        0  usbh_diskio.o(i.USBH_status)
    i.USBH_write                             0x08003c98   Section        0  usbh_diskio.o(i.USBH_write)
    i.USB_CoreInit                           0x08003ce4   Section        0  stm32f4xx_ll_usb.o(i.USB_CoreInit)
    i.USB_CoreReset                          0x08003d58   Section        0  stm32f4xx_ll_usb.o(i.USB_CoreReset)
    USB_CoreReset                            0x08003d59   Thumb Code    50  stm32f4xx_ll_usb.o(i.USB_CoreReset)
    i.USB_DisableGlobalInt                   0x08003d90   Section        0  stm32f4xx_ll_usb.o(i.USB_DisableGlobalInt)
    i.USB_DoPing                             0x08003d9c   Section        0  stm32f4xx_ll_usb.o(i.USB_DoPing)
    i.USB_DriveVbus                          0x08003dc0   Section        0  stm32f4xx_ll_usb.o(i.USB_DriveVbus)
    i.USB_EnableGlobalInt                    0x08003dec   Section        0  stm32f4xx_ll_usb.o(i.USB_EnableGlobalInt)
    i.USB_FlushRxFifo                        0x08003df8   Section        0  stm32f4xx_ll_usb.o(i.USB_FlushRxFifo)
    i.USB_FlushTxFifo                        0x08003e18   Section        0  stm32f4xx_ll_usb.o(i.USB_FlushTxFifo)
    i.USB_GetCurrentFrame                    0x08003e3c   Section        0  stm32f4xx_ll_usb.o(i.USB_GetCurrentFrame)
    i.USB_GetHostSpeed                       0x08003e44   Section        0  stm32f4xx_ll_usb.o(i.USB_GetHostSpeed)
    i.USB_GetMode                            0x08003e52   Section        0  stm32f4xx_ll_usb.o(i.USB_GetMode)
    i.USB_HC_Halt                            0x08003e5a   Section        0  stm32f4xx_ll_usb.o(i.USB_HC_Halt)
    i.USB_HC_Init                            0x08003f1c   Section        0  stm32f4xx_ll_usb.o(i.USB_HC_Init)
    i.USB_HC_ReadInterrupt                   0x0800400c   Section        0  stm32f4xx_ll_usb.o(i.USB_HC_ReadInterrupt)
    i.USB_HC_StartXfer                       0x08004014   Section        0  stm32f4xx_ll_usb.o(i.USB_HC_StartXfer)
    i.USB_HostInit                           0x08004164   Section        0  stm32f4xx_ll_usb.o(i.USB_HostInit)
    i.USB_InitFSLSPClkSel                    0x0800423c   Section        0  stm32f4xx_ll_usb.o(i.USB_InitFSLSPClkSel)
    i.USB_ReadInterrupts                     0x08004272   Section        0  stm32f4xx_ll_usb.o(i.USB_ReadInterrupts)
    i.USB_ReadPacket                         0x0800427a   Section        0  stm32f4xx_ll_usb.o(i.USB_ReadPacket)
    i.USB_ResetPort                          0x08004296   Section        0  stm32f4xx_ll_usb.o(i.USB_ResetPort)
    i.USB_SetCurrentMode                     0x080042c8   Section        0  stm32f4xx_ll_usb.o(i.USB_SetCurrentMode)
    i.USB_StopHost                           0x080042f8   Section        0  stm32f4xx_ll_usb.o(i.USB_StopHost)
    i.USB_WritePacket                        0x08004376   Section        0  stm32f4xx_ll_usb.o(i.USB_WritePacket)
    i.UsageFault_Handler                     0x0800439a   Section        0  stm32f4xx_it.o(i.UsageFault_Handler)
    i.__0printf$bare                         0x0800439c   Section        0  printfb.o(i.__0printf$bare)
    i.__NVIC_SetPriority                     0x080043ac   Section        0  stm32f4xx_hal_cortex.o(i.__NVIC_SetPriority)
    __NVIC_SetPriority                       0x080043ad   Thumb Code    32  stm32f4xx_hal_cortex.o(i.__NVIC_SetPriority)
    i.__scatterload_copy                     0x080043cc   Section       14  handlers.o(i.__scatterload_copy)
    i.__scatterload_null                     0x080043da   Section        2  handlers.o(i.__scatterload_null)
    i.__scatterload_zeroinit                 0x080043dc   Section       14  handlers.o(i.__scatterload_zeroinit)
    i._printf_core                           0x080043ea   Section        0  printfb.o(i._printf_core)
    _printf_core                             0x080043eb   Thumb Code    34  printfb.o(i._printf_core)
    i.check_fs                               0x0800440c   Section        0  ff.o(i.check_fs)
    check_fs                                 0x0800440d   Thumb Code   102  ff.o(i.check_fs)
    i.chk_chr                                0x0800447c   Section        0  ff.o(i.chk_chr)
    chk_chr                                  0x0800447d   Thumb Code    16  ff.o(i.chk_chr)
    i.chk_lock                               0x0800448c   Section        0  ff.o(i.chk_lock)
    chk_lock                                 0x0800448d   Thumb Code    86  ff.o(i.chk_lock)
    i.clear_lock                             0x080044e8   Section        0  ff.o(i.clear_lock)
    clear_lock                               0x080044e9   Thumb Code    28  ff.o(i.clear_lock)
    i.clmt_clust                             0x08004508   Section        0  ff.o(i.clmt_clust)
    clmt_clust                               0x08004509   Thumb Code    36  ff.o(i.clmt_clust)
    i.clust2sect                             0x0800452c   Section        0  ff.o(i.clust2sect)
    clust2sect                               0x0800452d   Thumb Code    24  ff.o(i.clust2sect)
    i.cmp_lfn                                0x08004544   Section        0  ff.o(i.cmp_lfn)
    cmp_lfn                                  0x08004545   Thumb Code   124  ff.o(i.cmp_lfn)
    i.create_chain                           0x080045c4   Section        0  ff.o(i.create_chain)
    create_chain                             0x080045c5   Thumb Code   164  ff.o(i.create_chain)
    i.create_name                            0x08004668   Section        0  ff.o(i.create_name)
    create_name                              0x08004669   Thumb Code   560  ff.o(i.create_name)
    i.dec_lock                               0x080048ac   Section        0  ff.o(i.dec_lock)
    dec_lock                                 0x080048ad   Thumb Code    48  ff.o(i.dec_lock)
    i.dir_find                               0x080048e0   Section        0  ff.o(i.dir_find)
    dir_find                                 0x080048e1   Thumb Code   208  ff.o(i.dir_find)
    i.dir_next                               0x080049b0   Section        0  ff.o(i.dir_next)
    dir_next                                 0x080049b1   Thumb Code   244  ff.o(i.dir_next)
    i.dir_register                           0x08004aa4   Section        0  ff.o(i.dir_register)
    dir_register                             0x08004aa5   Thumb Code   480  ff.o(i.dir_register)
    i.dir_sdi                                0x08004c88   Section        0  ff.o(i.dir_sdi)
    dir_sdi                                  0x08004c89   Thumb Code   130  ff.o(i.dir_sdi)
    i.disk_initialize                        0x08004d0c   Section        0  diskio.o(i.disk_initialize)
    i.disk_ioctl                             0x08004d34   Section        0  diskio.o(i.disk_ioctl)
    i.disk_read                              0x08004d50   Section        0  diskio.o(i.disk_read)
    i.disk_status                            0x08004d6c   Section        0  diskio.o(i.disk_status)
    i.disk_write                             0x08004d84   Section        0  diskio.o(i.disk_write)
    i.f_close                                0x08004da0   Section        0  ff.o(i.f_close)
    i.f_mount                                0x08004dc8   Section        0  ff.o(i.f_mount)
    i.f_open                                 0x08004e20   Section        0  ff.o(i.f_open)
    i.f_sync                                 0x08005034   Section        0  ff.o(i.f_sync)
    i.f_write                                0x080050c2   Section        0  ff.o(i.f_write)
    i.ff_convert                             0x08005250   Section        0  cc936.o(i.ff_convert)
    i.ff_wtoupper                            0x0800529c   Section        0  cc936.o(i.ff_wtoupper)
    i.find_volume                            0x0800531c   Section        0  ff.o(i.find_volume)
    find_volume                              0x0800531d   Thumb Code   582  ff.o(i.find_volume)
    i.follow_path                            0x08005570   Section        0  ff.o(i.follow_path)
    follow_path                              0x08005571   Thumb Code   116  ff.o(i.follow_path)
    i.fputc                                  0x080055e4   Section        0  usart.o(i.fputc)
    i.free                                   0x080055fc   Section        0  malloc.o(i.free)
    i.gen_numname                            0x0800564c   Section        0  ff.o(i.gen_numname)
    gen_numname                              0x0800564d   Thumb Code   136  ff.o(i.gen_numname)
    i.get_fat                                0x080056d8   Section        0  ff.o(i.get_fat)
    get_fat                                  0x080056d9   Thumb Code   190  ff.o(i.get_fat)
    i.get_fattime                            0x08005796   Section        0  fatfs.o(i.get_fattime)
    i.get_ldnumber                           0x0800579a   Section        0  ff.o(i.get_ldnumber)
    get_ldnumber                             0x0800579b   Thumb Code    60  ff.o(i.get_ldnumber)
    i.inc_lock                               0x080057d8   Section        0  ff.o(i.inc_lock)
    inc_lock                                 0x080057d9   Thumb Code   124  ff.o(i.inc_lock)
    i.ld_clust                               0x08005858   Section        0  ff.o(i.ld_clust)
    ld_clust                                 0x08005859   Thumb Code    38  ff.o(i.ld_clust)
    i.ld_dword                               0x0800587e   Section        0  ff.o(i.ld_dword)
    ld_dword                                 0x0800587f   Thumb Code    22  ff.o(i.ld_dword)
    i.ld_word                                0x08005894   Section        0  ff.o(i.ld_word)
    ld_word                                  0x08005895   Thumb Code    10  ff.o(i.ld_word)
    i.main                                   0x080058a0   Section        0  main.o(i.main)
    i.malloc                                 0x080059ac   Section        0  malloc.o(i.malloc)
    i.mem_cpy                                0x08005a18   Section        0  ff.o(i.mem_cpy)
    mem_cpy                                  0x08005a19   Thumb Code    18  ff.o(i.mem_cpy)
    i.mem_set                                0x08005a2c   Section        0  ff.o(i.mem_set)
    mem_set                                  0x08005a2d   Thumb Code    14  ff.o(i.mem_set)
    i.move_window                            0x08005a3a   Section        0  ff.o(i.move_window)
    move_window                              0x08005a3b   Thumb Code    50  ff.o(i.move_window)
    i.put_fat                                0x08005a6c   Section        0  ff.o(i.put_fat)
    put_fat                                  0x08005a6d   Thumb Code   234  ff.o(i.put_fat)
    i.remove_chain                           0x08005b56   Section        0  ff.o(i.remove_chain)
    remove_chain                             0x08005b57   Thumb Code   116  ff.o(i.remove_chain)
    i.st_clust                               0x08005bca   Section        0  ff.o(i.st_clust)
    st_clust                                 0x08005bcb   Thumb Code    40  ff.o(i.st_clust)
    i.st_dword                               0x08005bf2   Section        0  ff.o(i.st_dword)
    st_dword                                 0x08005bf3   Thumb Code    16  ff.o(i.st_dword)
    i.st_word                                0x08005c02   Section        0  ff.o(i.st_word)
    st_word                                  0x08005c03   Thumb Code     8  ff.o(i.st_word)
    i.sum_sfn                                0x08005c0a   Section        0  ff.o(i.sum_sfn)
    sum_sfn                                  0x08005c0b   Thumb Code    26  ff.o(i.sum_sfn)
    i.sync_fs                                0x08005c24   Section        0  ff.o(i.sync_fs)
    sync_fs                                  0x08005c25   Thumb Code   126  ff.o(i.sync_fs)
    i.sync_window                            0x08005cac   Section        0  ff.o(i.sync_window)
    sync_window                              0x08005cad   Thumb Code    82  ff.o(i.sync_window)
    i.validate                               0x08005cfe   Section        0  ff.o(i.validate)
    validate                                 0x08005cff   Thumb Code    52  ff.o(i.validate)
    .constdata                               0x08005d34   Section       20  usbh_diskio.o(.constdata)
    .constdata                               0x08005d48   Section        8  stm32f4xx_hal_dma.o(.constdata)
    flagBitshiftOffset                       0x08005d48   Data           8  stm32f4xx_hal_dma.o(.constdata)
    .constdata                               0x08005d50   Section       16  system_stm32f4xx.o(.constdata)
    .constdata                               0x08005d60   Section        8  system_stm32f4xx.o(.constdata)
    .constdata                               0x08005d68   Section       42  ff.o(.constdata)
    LfnOfs                                   0x08005d68   Data          13  ff.o(.constdata)
    cst                                      0x08005d76   Data          14  ff.o(.constdata)
    cst32                                    0x08005d84   Data          14  ff.o(.constdata)
    .constdata                               0x08005d92   Section    175030  cc936.o(.constdata)
    uni2oem                                  0x08005d92   Data       87172  cc936.o(.constdata)
    oem2uni                                  0x0801b216   Data       87172  cc936.o(.constdata)
    cvt1                                     0x0803069a   Data         498  cc936.o(.constdata)
    cvt2                                     0x0803088c   Data         188  cc936.o(.constdata)
    .conststring                             0x08030948   Section        4  usbh_msc.o(.conststring)
    .data                                    0x20000000   Section        5  fatfs.o(.data)
    .data                                    0x20000005   Section        1  usart.o(.data)
    .data                                    0x20000006   Section        1  usb_host.o(.data)
    .data                                    0x20000008   Section        4  stm32f4xx_ll_usb.o(.data)
    tmpreg                                   0x20000008   Data           4  stm32f4xx_ll_usb.o(.data)
    .data                                    0x2000000c   Section       12  stm32f4xx_hal.o(.data)
    .data                                    0x20000018   Section        4  system_stm32f4xx.o(.data)
    .data                                    0x2000001c   Section        8  ff.o(.data)
    Fsid                                     0x2000001c   Data           2  ff.o(.data)
    FatFs                                    0x20000020   Data           4  ff.o(.data)
    .data                                    0x20000024   Section       32  usbh_msc.o(.data)
    .data                                    0x20000044   Section        4  stdout.o(.data)
    .data                                    0x20000048   Section        4  mvars.o(.data)
    .data                                    0x2000004c   Section        4  mvars.o(.data)
    .bss                                     0x20000050   Section      564  fatfs.o(.bss)
    .bss                                     0x20000284   Section      560  fatfs.o(.bss)
    .bss                                     0x200004b4   Section     1024  usart.o(.bss)
    .bss                                     0x200008b4   Section      160  usart.o(.bss)
    .bss                                     0x20000954   Section      972  usb_host.o(.bss)
    .bss                                     0x20000d20   Section      708  usbh_conf.o(.bss)
    .bss                                     0x20000fe4   Section       32  ff.o(.bss)
    Files                                    0x20000fe4   Data          32  ff.o(.bss)
    .bss                                     0x20001004   Section       12  ff_gen_drv.o(.bss)
    HEAP                                     0x20001010   Section      512  startup_stm32f429xx.o(HEAP)
    STACK                                    0x20001210   Section     1024  startup_stm32f429xx.o(STACK)

    Global Symbols

    Symbol Name                              Value     Ov Type        Size  Object(Section)

    BuildAttributes$$THM_ISAv4$E$P$D$K$B$S$7EM$VFPi3$EXTD16$VFPS$VFMA$PE$A:L22UL41UL21$X:L11$S22US41US21$IEEE1$IW$USESV6$~STKCKD$USESV7$~SHL$OSPACE$ROPI$EBA8$MICROLIB$REQ8$PRES8$EABIv2 0x00000000   Number         0  anon$$obj.o ABSOLUTE
    __ARM_use_no_argv                        0x00000000   Number         0  main.o ABSOLUTE
    __cpp_initialize__aeabi_                  - Undefined Weak Reference
    __cxa_finalize                            - Undefined Weak Reference
    __decompress                              - Undefined Weak Reference
    _clock_init                               - Undefined Weak Reference
    _microlib_exit                            - Undefined Weak Reference
    __Vectors_Size                           0x000001ac   Number         0  startup_stm32f429xx.o ABSOLUTE
    __Vectors                                0x08000000   Data           4  startup_stm32f429xx.o(RESET)
    __Vectors_End                            0x080001ac   Data           0  startup_stm32f429xx.o(RESET)
    __main                                   0x080001ad   Thumb Code     0  entry.o(.ARM.Collect$$$$00000000)
    _main_stk                                0x080001ad   Thumb Code     0  entry2.o(.ARM.Collect$$$$00000001)
    _main_scatterload                        0x080001b1   Thumb Code     0  entry5.o(.ARM.Collect$$$$00000004)
    __main_after_scatterload                 0x080001b5   Thumb Code     0  entry5.o(.ARM.Collect$$$$00000004)
    _main_clock                              0x080001b5   Thumb Code     0  entry7b.o(.ARM.Collect$$$$00000008)
    _main_cpp_init                           0x080001b5   Thumb Code     0  entry8b.o(.ARM.Collect$$$$0000000A)
    _main_init                               0x080001b5   Thumb Code     0  entry9a.o(.ARM.Collect$$$$0000000B)
    __rt_final_cpp                           0x080001bd   Thumb Code     0  entry10a.o(.ARM.Collect$$$$0000000D)
    __rt_final_exit                          0x080001bd   Thumb Code     0  entry11a.o(.ARM.Collect$$$$0000000F)
    Reset_Handler                            0x080001c1   Thumb Code     8  startup_stm32f429xx.o(.text)
    ADC_IRQHandler                           0x080001db   Thumb Code     0  startup_stm32f429xx.o(.text)
    CAN1_RX0_IRQHandler                      0x080001db   Thumb Code     0  startup_stm32f429xx.o(.text)
    CAN1_RX1_IRQHandler                      0x080001db   Thumb Code     0  startup_stm32f429xx.o(.text)
    CAN1_SCE_IRQHandler                      0x080001db   Thumb Code     0  startup_stm32f429xx.o(.text)
    CAN1_TX_IRQHandler                       0x080001db   Thumb Code     0  startup_stm32f429xx.o(.text)
    CAN2_RX0_IRQHandler                      0x080001db   Thumb Code     0  startup_stm32f429xx.o(.text)
    CAN2_RX1_IRQHandler                      0x080001db   Thumb Code     0  startup_stm32f429xx.o(.text)
    CAN2_SCE_IRQHandler                      0x080001db   Thumb Code     0  startup_stm32f429xx.o(.text)
    CAN2_TX_IRQHandler                       0x080001db   Thumb Code     0  startup_stm32f429xx.o(.text)
    DCMI_IRQHandler                          0x080001db   Thumb Code     0  startup_stm32f429xx.o(.text)
    DMA1_Stream0_IRQHandler                  0x080001db   Thumb Code     0  startup_stm32f429xx.o(.text)
    DMA1_Stream1_IRQHandler                  0x080001db   Thumb Code     0  startup_stm32f429xx.o(.text)
    DMA1_Stream2_IRQHandler                  0x080001db   Thumb Code     0  startup_stm32f429xx.o(.text)
    DMA1_Stream3_IRQHandler                  0x080001db   Thumb Code     0  startup_stm32f429xx.o(.text)
    DMA1_Stream4_IRQHandler                  0x080001db   Thumb Code     0  startup_stm32f429xx.o(.text)
    DMA1_Stream5_IRQHandler                  0x080001db   Thumb Code     0  startup_stm32f429xx.o(.text)
    DMA1_Stream6_IRQHandler                  0x080001db   Thumb Code     0  startup_stm32f429xx.o(.text)
    DMA1_Stream7_IRQHandler                  0x080001db   Thumb Code     0  startup_stm32f429xx.o(.text)
    DMA2D_IRQHandler                         0x080001db   Thumb Code     0  startup_stm32f429xx.o(.text)
    DMA2_Stream0_IRQHandler                  0x080001db   Thumb Code     0  startup_stm32f429xx.o(.text)
    DMA2_Stream1_IRQHandler                  0x080001db   Thumb Code     0  startup_stm32f429xx.o(.text)
    DMA2_Stream3_IRQHandler                  0x080001db   Thumb Code     0  startup_stm32f429xx.o(.text)
    DMA2_Stream4_IRQHandler                  0x080001db   Thumb Code     0  startup_stm32f429xx.o(.text)
    DMA2_Stream5_IRQHandler                  0x080001db   Thumb Code     0  startup_stm32f429xx.o(.text)
    DMA2_Stream6_IRQHandler                  0x080001db   Thumb Code     0  startup_stm32f429xx.o(.text)
    DMA2_Stream7_IRQHandler                  0x080001db   Thumb Code     0  startup_stm32f429xx.o(.text)
    ETH_IRQHandler                           0x080001db   Thumb Code     0  startup_stm32f429xx.o(.text)
    ETH_WKUP_IRQHandler                      0x080001db   Thumb Code     0  startup_stm32f429xx.o(.text)
    EXTI0_IRQHandler                         0x080001db   Thumb Code     0  startup_stm32f429xx.o(.text)
    EXTI15_10_IRQHandler                     0x080001db   Thumb Code     0  startup_stm32f429xx.o(.text)
    EXTI1_IRQHandler                         0x080001db   Thumb Code     0  startup_stm32f429xx.o(.text)
    EXTI2_IRQHandler                         0x080001db   Thumb Code     0  startup_stm32f429xx.o(.text)
    EXTI3_IRQHandler                         0x080001db   Thumb Code     0  startup_stm32f429xx.o(.text)
    EXTI4_IRQHandler                         0x080001db   Thumb Code     0  startup_stm32f429xx.o(.text)
    EXTI9_5_IRQHandler                       0x080001db   Thumb Code     0  startup_stm32f429xx.o(.text)
    FLASH_IRQHandler                         0x080001db   Thumb Code     0  startup_stm32f429xx.o(.text)
    FMC_IRQHandler                           0x080001db   Thumb Code     0  startup_stm32f429xx.o(.text)
    FPU_IRQHandler                           0x080001db   Thumb Code     0  startup_stm32f429xx.o(.text)
    HASH_RNG_IRQHandler                      0x080001db   Thumb Code     0  startup_stm32f429xx.o(.text)
    I2C1_ER_IRQHandler                       0x080001db   Thumb Code     0  startup_stm32f429xx.o(.text)
    I2C1_EV_IRQHandler                       0x080001db   Thumb Code     0  startup_stm32f429xx.o(.text)
    I2C2_ER_IRQHandler                       0x080001db   Thumb Code     0  startup_stm32f429xx.o(.text)
    I2C2_EV_IRQHandler                       0x080001db   Thumb Code     0  startup_stm32f429xx.o(.text)
    I2C3_ER_IRQHandler                       0x080001db   Thumb Code     0  startup_stm32f429xx.o(.text)
    I2C3_EV_IRQHandler                       0x080001db   Thumb Code     0  startup_stm32f429xx.o(.text)
    LTDC_ER_IRQHandler                       0x080001db   Thumb Code     0  startup_stm32f429xx.o(.text)
    LTDC_IRQHandler                          0x080001db   Thumb Code     0  startup_stm32f429xx.o(.text)
    OTG_FS_IRQHandler                        0x080001db   Thumb Code     0  startup_stm32f429xx.o(.text)
    OTG_FS_WKUP_IRQHandler                   0x080001db   Thumb Code     0  startup_stm32f429xx.o(.text)
    OTG_HS_EP1_IN_IRQHandler                 0x080001db   Thumb Code     0  startup_stm32f429xx.o(.text)
    OTG_HS_EP1_OUT_IRQHandler                0x080001db   Thumb Code     0  startup_stm32f429xx.o(.text)
    OTG_HS_WKUP_IRQHandler                   0x080001db   Thumb Code     0  startup_stm32f429xx.o(.text)
    PVD_IRQHandler                           0x080001db   Thumb Code     0  startup_stm32f429xx.o(.text)
    RCC_IRQHandler                           0x080001db   Thumb Code     0  startup_stm32f429xx.o(.text)
    RTC_Alarm_IRQHandler                     0x080001db   Thumb Code     0  startup_stm32f429xx.o(.text)
    RTC_WKUP_IRQHandler                      0x080001db   Thumb Code     0  startup_stm32f429xx.o(.text)
    SAI1_IRQHandler                          0x080001db   Thumb Code     0  startup_stm32f429xx.o(.text)
    SDIO_IRQHandler                          0x080001db   Thumb Code     0  startup_stm32f429xx.o(.text)
    SPI1_IRQHandler                          0x080001db   Thumb Code     0  startup_stm32f429xx.o(.text)
    SPI2_IRQHandler                          0x080001db   Thumb Code     0  startup_stm32f429xx.o(.text)
    SPI3_IRQHandler                          0x080001db   Thumb Code     0  startup_stm32f429xx.o(.text)
    SPI4_IRQHandler                          0x080001db   Thumb Code     0  startup_stm32f429xx.o(.text)
    SPI5_IRQHandler                          0x080001db   Thumb Code     0  startup_stm32f429xx.o(.text)
    SPI6_IRQHandler                          0x080001db   Thumb Code     0  startup_stm32f429xx.o(.text)
    TAMP_STAMP_IRQHandler                    0x080001db   Thumb Code     0  startup_stm32f429xx.o(.text)
    TIM1_BRK_TIM9_IRQHandler                 0x080001db   Thumb Code     0  startup_stm32f429xx.o(.text)
    TIM1_CC_IRQHandler                       0x080001db   Thumb Code     0  startup_stm32f429xx.o(.text)
    TIM1_TRG_COM_TIM11_IRQHandler            0x080001db   Thumb Code     0  startup_stm32f429xx.o(.text)
    TIM1_UP_TIM10_IRQHandler                 0x080001db   Thumb Code     0  startup_stm32f429xx.o(.text)
    TIM2_IRQHandler                          0x080001db   Thumb Code     0  startup_stm32f429xx.o(.text)
    TIM3_IRQHandler                          0x080001db   Thumb Code     0  startup_stm32f429xx.o(.text)
    TIM4_IRQHandler                          0x080001db   Thumb Code     0  startup_stm32f429xx.o(.text)
    TIM5_IRQHandler                          0x080001db   Thumb Code     0  startup_stm32f429xx.o(.text)
    TIM6_DAC_IRQHandler                      0x080001db   Thumb Code     0  startup_stm32f429xx.o(.text)
    TIM7_IRQHandler                          0x080001db   Thumb Code     0  startup_stm32f429xx.o(.text)
    TIM8_BRK_TIM12_IRQHandler                0x080001db   Thumb Code     0  startup_stm32f429xx.o(.text)
    TIM8_CC_IRQHandler                       0x080001db   Thumb Code     0  startup_stm32f429xx.o(.text)
    TIM8_TRG_COM_TIM14_IRQHandler            0x080001db   Thumb Code     0  startup_stm32f429xx.o(.text)
    TIM8_UP_TIM13_IRQHandler                 0x080001db   Thumb Code     0  startup_stm32f429xx.o(.text)
    UART4_IRQHandler                         0x080001db   Thumb Code     0  startup_stm32f429xx.o(.text)
    UART5_IRQHandler                         0x080001db   Thumb Code     0  startup_stm32f429xx.o(.text)
    UART7_IRQHandler                         0x080001db   Thumb Code     0  startup_stm32f429xx.o(.text)
    UART8_IRQHandler                         0x080001db   Thumb Code     0  startup_stm32f429xx.o(.text)
    USART2_IRQHandler                        0x080001db   Thumb Code     0  startup_stm32f429xx.o(.text)
    USART3_IRQHandler                        0x080001db   Thumb Code     0  startup_stm32f429xx.o(.text)
    USART6_IRQHandler                        0x080001db   Thumb Code     0  startup_stm32f429xx.o(.text)
    WWDG_IRQHandler                          0x080001db   Thumb Code     0  startup_stm32f429xx.o(.text)
    __aeabi_uldivmod                         0x080001e5   Thumb Code    98  uldiv.o(.text)
    __aeabi_memcpy                           0x08000247   Thumb Code    36  memcpya.o(.text)
    __aeabi_memcpy4                          0x08000247   Thumb Code     0  memcpya.o(.text)
    __aeabi_memcpy8                          0x08000247   Thumb Code     0  memcpya.o(.text)
    __aeabi_memset                           0x0800026b   Thumb Code    14  memseta.o(.text)
    __aeabi_memset4                          0x0800026b   Thumb Code     0  memseta.o(.text)
    __aeabi_memset8                          0x0800026b   Thumb Code     0  memseta.o(.text)
    __aeabi_memclr                           0x08000279   Thumb Code     4  memseta.o(.text)
    __aeabi_memclr4                          0x08000279   Thumb Code     0  memseta.o(.text)
    __aeabi_memclr8                          0x08000279   Thumb Code     0  memseta.o(.text)
    _memset$wrapper                          0x0800027d   Thumb Code    18  memseta.o(.text)
    __aeabi_llsl                             0x0800028f   Thumb Code    30  llshl.o(.text)
    _ll_shift_l                              0x0800028f   Thumb Code     0  llshl.o(.text)
    __aeabi_llsr                             0x080002ad   Thumb Code    32  llushr.o(.text)
    _ll_ushift_r                             0x080002ad   Thumb Code     0  llushr.o(.text)
    __scatterload                            0x080002cd   Thumb Code    28  init.o(.text)
    __scatterload_rt2                        0x080002cd   Thumb Code     0  init.o(.text)
    BusFault_Handler                         0x080002f1   Thumb Code     2  stm32f4xx_it.o(i.BusFault_Handler)
    DMA2_Stream2_IRQHandler                  0x080002f5   Thumb Code     6  stm32f4xx_it.o(i.DMA2_Stream2_IRQHandler)
    DebugMon_Handler                         0x080003ed   Thumb Code     2  stm32f4xx_it.o(i.DebugMon_Handler)
    Error_Handler                            0x080003f1   Thumb Code     6  main.o(i.Error_Handler)
    FATFS_LinkDriver                         0x08000401   Thumb Code     6  ff_gen_drv.o(i.FATFS_LinkDriver)
    FATFS_LinkDriverEx                       0x08000409   Thumb Code    58  ff_gen_drv.o(i.FATFS_LinkDriverEx)
    HAL_DMA_Abort                            0x08000449   Thumb Code   142  stm32f4xx_hal_dma.o(i.HAL_DMA_Abort)
    HAL_DMA_Abort_IT                         0x080004d7   Thumb Code    36  stm32f4xx_hal_dma.o(i.HAL_DMA_Abort_IT)
    HAL_DMA_IRQHandler                       0x080004fd   Thumb Code   412  stm32f4xx_hal_dma.o(i.HAL_DMA_IRQHandler)
    HAL_DMA_Init                             0x0800069d   Thumb Code   206  stm32f4xx_hal_dma.o(i.HAL_DMA_Init)
    HAL_DMA_Start_IT                         0x08000771   Thumb Code   120  stm32f4xx_hal_dma.o(i.HAL_DMA_Start_IT)
    HAL_Delay                                0x080007e9   Thumb Code    32  stm32f4xx_hal.o(i.HAL_Delay)
    HAL_GPIO_Init                            0x0800080d   Thumb Code   408  stm32f4xx_hal_gpio.o(i.HAL_GPIO_Init)
    HAL_GPIO_WritePin                        0x080009d9   Thumb Code    10  stm32f4xx_hal_gpio.o(i.HAL_GPIO_WritePin)
    HAL_GetTick                              0x080009e5   Thumb Code     6  stm32f4xx_hal.o(i.HAL_GetTick)
    HAL_HCD_Connect_Callback                 0x080009f1   Thumb Code     8  usbh_conf.o(i.HAL_HCD_Connect_Callback)
    HAL_HCD_Disconnect_Callback              0x080009f9   Thumb Code     8  usbh_conf.o(i.HAL_HCD_Disconnect_Callback)
    HAL_HCD_GetCurrentFrame                  0x08000a01   Thumb Code     6  stm32f4xx_hal_hcd.o(i.HAL_HCD_GetCurrentFrame)
    HAL_HCD_GetCurrentSpeed                  0x08000a07   Thumb Code     6  stm32f4xx_hal_hcd.o(i.HAL_HCD_GetCurrentSpeed)
    HAL_HCD_HC_GetURBState                   0x08000a0d   Thumb Code    14  stm32f4xx_hal_hcd.o(i.HAL_HCD_HC_GetURBState)
    HAL_HCD_HC_GetXferCount                  0x08000a1b   Thumb Code    12  stm32f4xx_hal_hcd.o(i.HAL_HCD_HC_GetXferCount)
    HAL_HCD_HC_Halt                          0x08000a27   Thumb Code    36  stm32f4xx_hal_hcd.o(i.HAL_HCD_HC_Halt)
    HAL_HCD_HC_Init                          0x08000a4b   Thumb Code   114  stm32f4xx_hal_hcd.o(i.HAL_HCD_HC_Init)
    HAL_HCD_HC_NotifyURBChange_Callback      0x08000abd   Thumb Code     2  usbh_conf.o(i.HAL_HCD_HC_NotifyURBChange_Callback)
    HAL_HCD_HC_SubmitRequest                 0x08000abf   Thumb Code   142  stm32f4xx_hal_hcd.o(i.HAL_HCD_HC_SubmitRequest)
    HAL_HCD_IRQHandler                       0x08000b4d   Thumb Code   306  stm32f4xx_hal_hcd.o(i.HAL_HCD_IRQHandler)
    HAL_HCD_Init                             0x08000c7f   Thumb Code   104  stm32f4xx_hal_hcd.o(i.HAL_HCD_Init)
    HAL_HCD_MspInit                          0x08000ce9   Thumb Code   106  usbh_conf.o(i.HAL_HCD_MspInit)
    HAL_HCD_PortDisabled_Callback            0x08000d61   Thumb Code     8  usbh_conf.o(i.HAL_HCD_PortDisabled_Callback)
    HAL_HCD_PortEnabled_Callback             0x08000d69   Thumb Code     8  usbh_conf.o(i.HAL_HCD_PortEnabled_Callback)
    HAL_HCD_ResetPort                        0x08000d71   Thumb Code     6  stm32f4xx_hal_hcd.o(i.HAL_HCD_ResetPort)
    HAL_HCD_SOF_Callback                     0x08000d77   Thumb Code     8  usbh_conf.o(i.HAL_HCD_SOF_Callback)
    HAL_HCD_Start                            0x08000d7f   Thumb Code    44  stm32f4xx_hal_hcd.o(i.HAL_HCD_Start)
    HAL_HCD_Stop                             0x08000dab   Thumb Code    36  stm32f4xx_hal_hcd.o(i.HAL_HCD_Stop)
    HAL_IncTick                              0x08000dd1   Thumb Code    12  stm32f4xx_hal.o(i.HAL_IncTick)
    HAL_Init                                 0x08000de1   Thumb Code    48  stm32f4xx_hal.o(i.HAL_Init)
    HAL_InitTick                             0x08000e15   Thumb Code    54  stm32f4xx_hal.o(i.HAL_InitTick)
    HAL_MspInit                              0x08000e55   Thumb Code    42  stm32f4xx_hal_msp.o(i.HAL_MspInit)
    HAL_NVIC_EnableIRQ                       0x08000e85   Thumb Code    26  stm32f4xx_hal_cortex.o(i.HAL_NVIC_EnableIRQ)
    HAL_NVIC_SetPriority                     0x08000ea1   Thumb Code    60  stm32f4xx_hal_cortex.o(i.HAL_NVIC_SetPriority)
    HAL_NVIC_SetPriorityGrouping             0x08000ee1   Thumb Code    26  stm32f4xx_hal_cortex.o(i.HAL_NVIC_SetPriorityGrouping)
    HAL_RCC_ClockConfig                      0x08000f05   Thumb Code   286  stm32f4xx_hal_rcc.o(i.HAL_RCC_ClockConfig)
    HAL_RCC_GetPCLK1Freq                     0x08001035   Thumb Code    20  stm32f4xx_hal_rcc.o(i.HAL_RCC_GetPCLK1Freq)
    HAL_RCC_GetPCLK2Freq                     0x08001055   Thumb Code    20  stm32f4xx_hal_rcc.o(i.HAL_RCC_GetPCLK2Freq)
    HAL_RCC_GetSysClockFreq                  0x08001075   Thumb Code    88  stm32f4xx_hal_rcc.o(i.HAL_RCC_GetSysClockFreq)
    HAL_RCC_OscConfig                        0x080010d9   Thumb Code   770  stm32f4xx_hal_rcc.o(i.HAL_RCC_OscConfig)
    HAL_SYSTICK_Config                       0x080013f5   Thumb Code    40  stm32f4xx_hal_cortex.o(i.HAL_SYSTICK_Config)
    HAL_UART_DMAStop                         0x0800141d   Thumb Code    88  stm32f4xx_hal_uart.o(i.HAL_UART_DMAStop)
    HAL_UART_ErrorCallback                   0x08001475   Thumb Code     2  stm32f4xx_hal_uart.o(i.HAL_UART_ErrorCallback)
    HAL_UART_IRQHandler                      0x08001479   Thumb Code   266  stm32f4xx_hal_uart.o(i.HAL_UART_IRQHandler)
    HAL_UART_Init                            0x08001589   Thumb Code    98  stm32f4xx_hal_uart.o(i.HAL_UART_Init)
    HAL_UART_MspInit                         0x080015ed   Thumb Code   162  usart.o(i.HAL_UART_MspInit)
    HAL_UART_Receive_DMA                     0x080016a5   Thumb Code   138  stm32f4xx_hal_uart.o(i.HAL_UART_Receive_DMA)
    HAL_UART_RxCpltCallback                  0x0800173d   Thumb Code     2  stm32f4xx_hal_uart.o(i.HAL_UART_RxCpltCallback)
    HAL_UART_RxHalfCpltCallback              0x0800173f   Thumb Code     2  stm32f4xx_hal_uart.o(i.HAL_UART_RxHalfCpltCallback)
    HAL_UART_Transmit                        0x08001741   Thumb Code   186  stm32f4xx_hal_uart.o(i.HAL_UART_Transmit)
    HAL_UART_TxCpltCallback                  0x080017fb   Thumb Code     2  stm32f4xx_hal_uart.o(i.HAL_UART_TxCpltCallback)
    HardFault_Handler                        0x08001d95   Thumb Code     2  stm32f4xx_it.o(i.HardFault_Handler)
    MX_DMA_Init                              0x08001d99   Thumb Code    40  dma.o(i.MX_DMA_Init)
    MX_FATFS_Init                            0x08001dc5   Thumb Code    18  fatfs.o(i.MX_FATFS_Init)
    MX_GPIO_Init                             0x08001de1   Thumb Code   100  gpio.o(i.MX_GPIO_Init)
    MX_USART1_UART_Init                      0x08001e4d   Thumb Code    48  usart.o(i.MX_USART1_UART_Init)
    MX_USB_HOST_Init                         0x08001e85   Thumb Code    52  usb_host.o(i.MX_USB_HOST_Init)
    MX_USB_HOST_Process                      0x08001ec5   Thumb Code     6  usb_host.o(i.MX_USB_HOST_Process)
    MemManage_Handler                        0x08001ed1   Thumb Code     2  stm32f4xx_it.o(i.MemManage_Handler)
    NMI_Handler                              0x08001ed3   Thumb Code     2  stm32f4xx_it.o(i.NMI_Handler)
    OTG_HS_IRQHandler                        0x08001ed5   Thumb Code     6  stm32f4xx_it.o(i.OTG_HS_IRQHandler)
    PendSV_Handler                           0x08001ee1   Thumb Code     2  stm32f4xx_it.o(i.PendSV_Handler)
    SVC_Handler                              0x08001ee3   Thumb Code     2  stm32f4xx_it.o(i.SVC_Handler)
    SysTick_Handler                          0x08001ee5   Thumb Code     4  stm32f4xx_it.o(i.SysTick_Handler)
    SystemClock_Config                       0x08001ee9   Thumb Code   144  main.o(i.SystemClock_Config)
    SystemInit                               0x08001f85   Thumb Code    66  system_stm32f4xx.o(i.SystemInit)
    USART1_IRQHandler                        0x080024b1   Thumb Code    52  stm32f4xx_it.o(i.USART1_IRQHandler)
    USBH_AllocPipe                           0x080024f1   Thumb Code    52  usbh_pipes.o(i.USBH_AllocPipe)
    USBH_BulkReceiveData                     0x08002525   Thumb Code    32  usbh_ioreq.o(i.USBH_BulkReceiveData)
    USBH_BulkSendData                        0x08002545   Thumb Code    40  usbh_ioreq.o(i.USBH_BulkSendData)
    USBH_ClosePipe                           0x0800256d   Thumb Code    10  usbh_pipes.o(i.USBH_ClosePipe)
    USBH_ClrFeature                          0x08002577   Thumb Code    30  usbh_ctlreq.o(i.USBH_ClrFeature)
    USBH_CtlReceiveData                      0x08002595   Thumb Code    30  usbh_ioreq.o(i.USBH_CtlReceiveData)
    USBH_CtlReq                              0x080025b3   Thumb Code    58  usbh_ctlreq.o(i.USBH_CtlReq)
    USBH_CtlSendData                         0x080025ed   Thumb Code    40  usbh_ioreq.o(i.USBH_CtlSendData)
    USBH_CtlSendSetup                        0x08002615   Thumb Code    30  usbh_ioreq.o(i.USBH_CtlSendSetup)
    USBH_Delay                               0x08002633   Thumb Code     4  usbh_conf.o(i.USBH_Delay)
    USBH_FindInterface                       0x08002639   Thumb Code    68  usbh_core.o(i.USBH_FindInterface)
    USBH_FreePipe                            0x0800267d   Thumb Code    24  usbh_pipes.o(i.USBH_FreePipe)
    USBH_GetDescriptor                       0x08002695   Thumb Code    52  usbh_ctlreq.o(i.USBH_GetDescriptor)
    USBH_GetNextDesc                         0x080026c9   Thumb Code    14  usbh_ctlreq.o(i.USBH_GetNextDesc)
    USBH_Get_CfgDesc                         0x080026d7   Thumb Code    44  usbh_ctlreq.o(i.USBH_Get_CfgDesc)
    USBH_Get_DevDesc                         0x08002703   Thumb Code   144  usbh_ctlreq.o(i.USBH_Get_DevDesc)
    USBH_Get_StringDesc                      0x08002793   Thumb Code    72  usbh_ctlreq.o(i.USBH_Get_StringDesc)
    USBH_Get_USB_Status                      0x080027db   Thumb Code    24  usbh_conf.o(i.USBH_Get_USB_Status)
    USBH_Init                                0x08002a6f   Thumb Code    48  usbh_core.o(i.USBH_Init)
    USBH_LL_ClosePipe                        0x08002a9f   Thumb Code    18  usbh_conf.o(i.USBH_LL_ClosePipe)
    USBH_LL_Connect                          0x08002ab1   Thumb Code    42  usbh_core.o(i.USBH_LL_Connect)
    USBH_LL_Disconnect                       0x08002adb   Thumb Code    56  usbh_core.o(i.USBH_LL_Disconnect)
    USBH_LL_DriverVBUS                       0x08002b13   Thumb Code    12  usbh_conf.o(i.USBH_LL_DriverVBUS)
    USBH_LL_GetLastXferSize                  0x08002b1f   Thumb Code     8  usbh_conf.o(i.USBH_LL_GetLastXferSize)
    USBH_LL_GetSpeed                         0x08002b27   Thumb Code    34  usbh_conf.o(i.USBH_LL_GetSpeed)
    USBH_LL_GetToggle                        0x08002b49   Thumb Code    30  usbh_conf.o(i.USBH_LL_GetToggle)
    USBH_LL_GetURBState                      0x08002b67   Thumb Code     8  usbh_conf.o(i.USBH_LL_GetURBState)
    USBH_LL_IncTimer                         0x08002b6f   Thumb Code    30  usbh_core.o(i.USBH_LL_IncTimer)
    USBH_LL_Init                             0x08002b8d   Thumb Code    76  usbh_conf.o(i.USBH_LL_Init)
    USBH_LL_OpenPipe                         0x08002be1   Thumb Code    28  usbh_conf.o(i.USBH_LL_OpenPipe)
    USBH_LL_PortDisabled                     0x08002bfd   Thumb Code     8  usbh_core.o(i.USBH_LL_PortDisabled)
    USBH_LL_PortEnabled                      0x08002c05   Thumb Code     8  usbh_core.o(i.USBH_LL_PortEnabled)
    USBH_LL_ResetPort                        0x08002c0d   Thumb Code    18  usbh_conf.o(i.USBH_LL_ResetPort)
    USBH_LL_SetTimer                         0x08002c1f   Thumb Code     6  usbh_core.o(i.USBH_LL_SetTimer)
    USBH_LL_SetToggle                        0x08002c25   Thumb Code    32  usbh_conf.o(i.USBH_LL_SetToggle)
    USBH_LL_Start                            0x08002c45   Thumb Code    18  usbh_conf.o(i.USBH_LL_Start)
    USBH_LL_Stop                             0x08002c57   Thumb Code    18  usbh_conf.o(i.USBH_LL_Stop)
    USBH_LL_SubmitURB                        0x08002c69   Thumb Code    34  usbh_conf.o(i.USBH_LL_SubmitURB)
    USBH_MSC_BOT_Init                        0x08002ca9   Thumb Code    26  usbh_msc_bot.o(i.USBH_MSC_BOT_Init)
    USBH_MSC_BOT_Process                     0x08002ccd   Thumb Code   470  usbh_msc_bot.o(i.USBH_MSC_BOT_Process)
    USBH_MSC_BOT_REQ_GetMaxLUN               0x08002ea9   Thumb Code    22  usbh_msc_bot.o(i.USBH_MSC_BOT_REQ_GetMaxLUN)
    USBH_MSC_BOT_REQ_Reset                   0x08002ebf   Thumb Code    22  usbh_msc_bot.o(i.USBH_MSC_BOT_REQ_Reset)
    USBH_MSC_GetLUNInfo                      0x08002f4d   Thumb Code    46  usbh_msc.o(i.USBH_MSC_GetLUNInfo)
    USBH_MSC_Read                            0x0800341f   Thumb Code   138  usbh_msc.o(i.USBH_MSC_Read)
    USBH_MSC_SCSI_Inquiry                    0x080034a9   Thumb Code   212  usbh_msc_scsi.o(i.USBH_MSC_SCSI_Inquiry)
    USBH_MSC_SCSI_Read                       0x0800357d   Thumb Code   128  usbh_msc_scsi.o(i.USBH_MSC_SCSI_Read)
    USBH_MSC_SCSI_ReadCapacity               0x080035fd   Thumb Code   122  usbh_msc_scsi.o(i.USBH_MSC_SCSI_ReadCapacity)
    USBH_MSC_SCSI_RequestSense               0x08003677   Thumb Code   146  usbh_msc_scsi.o(i.USBH_MSC_SCSI_RequestSense)
    USBH_MSC_SCSI_TestUnitReady              0x08003709   Thumb Code    76  usbh_msc_scsi.o(i.USBH_MSC_SCSI_TestUnitReady)
    USBH_MSC_SCSI_Write                      0x08003755   Thumb Code   128  usbh_msc_scsi.o(i.USBH_MSC_SCSI_Write)
    USBH_MSC_UnitIsReady                     0x080037d9   Thumb Code    38  usbh_msc.o(i.USBH_MSC_UnitIsReady)
    USBH_MSC_Write                           0x080037ff   Thumb Code   138  usbh_msc.o(i.USBH_MSC_Write)
    USBH_OpenPipe                            0x08003889   Thumb Code    20  usbh_pipes.o(i.USBH_OpenPipe)
    USBH_Process                             0x08003979   Thumb Code   416  usbh_core.o(i.USBH_Process)
    USBH_RegisterClass                       0x08003b19   Thumb Code    28  usbh_core.o(i.USBH_RegisterClass)
    USBH_SelectInterface                     0x08003b35   Thumb Code    22  usbh_core.o(i.USBH_SelectInterface)
    USBH_SetAddress                          0x08003b4b   Thumb Code    28  usbh_ctlreq.o(i.USBH_SetAddress)
    USBH_SetCfg                              0x08003b67   Thumb Code    28  usbh_ctlreq.o(i.USBH_SetCfg)
    USBH_SetFeature                          0x08003b83   Thumb Code    28  usbh_ctlreq.o(i.USBH_SetFeature)
    USBH_Start                               0x08003b9f   Thumb Code    20  usbh_core.o(i.USBH_Start)
    USBH_initialize                          0x08003bd5   Thumb Code     4  usbh_diskio.o(i.USBH_initialize)
    USBH_ioctl                               0x08003bd9   Thumb Code    96  usbh_diskio.o(i.USBH_ioctl)
    USBH_read                                0x08003c3d   Thumb Code    62  usbh_diskio.o(i.USBH_read)
    USBH_status                              0x08003c81   Thumb Code    20  usbh_diskio.o(i.USBH_status)
    USBH_write                               0x08003c99   Thumb Code    70  usbh_diskio.o(i.USBH_write)
    USB_CoreInit                             0x08003ce5   Thumb Code   112  stm32f4xx_ll_usb.o(i.USB_CoreInit)
    USB_DisableGlobalInt                     0x08003d91   Thumb Code    12  stm32f4xx_ll_usb.o(i.USB_DisableGlobalInt)
    USB_DoPing                               0x08003d9d   Thumb Code    30  stm32f4xx_ll_usb.o(i.USB_DoPing)
    USB_DriveVbus                            0x08003dc1   Thumb Code    44  stm32f4xx_ll_usb.o(i.USB_DriveVbus)
    USB_EnableGlobalInt                      0x08003ded   Thumb Code    12  stm32f4xx_ll_usb.o(i.USB_EnableGlobalInt)
    USB_FlushRxFifo                          0x08003df9   Thumb Code    28  stm32f4xx_ll_usb.o(i.USB_FlushRxFifo)
    USB_FlushTxFifo                          0x08003e19   Thumb Code    32  stm32f4xx_ll_usb.o(i.USB_FlushTxFifo)
    USB_GetCurrentFrame                      0x08003e3d   Thumb Code     8  stm32f4xx_ll_usb.o(i.USB_GetCurrentFrame)
    USB_GetHostSpeed                         0x08003e45   Thumb Code    14  stm32f4xx_ll_usb.o(i.USB_GetHostSpeed)
    USB_GetMode                              0x08003e53   Thumb Code     8  stm32f4xx_ll_usb.o(i.USB_GetMode)
    USB_HC_Halt                              0x08003e5b   Thumb Code   194  stm32f4xx_ll_usb.o(i.USB_HC_Halt)
    USB_HC_Init                              0x08003f1d   Thumb Code   240  stm32f4xx_ll_usb.o(i.USB_HC_Init)
    USB_HC_ReadInterrupt                     0x0800400d   Thumb Code     8  stm32f4xx_ll_usb.o(i.USB_HC_ReadInterrupt)
    USB_HC_StartXfer                         0x08004015   Thumb Code   330  stm32f4xx_ll_usb.o(i.USB_HC_StartXfer)
    USB_HostInit                             0x08004165   Thumb Code   194  stm32f4xx_ll_usb.o(i.USB_HostInit)
    USB_InitFSLSPClkSel                      0x0800423d   Thumb Code    54  stm32f4xx_ll_usb.o(i.USB_InitFSLSPClkSel)
    USB_ReadInterrupts                       0x08004273   Thumb Code     8  stm32f4xx_ll_usb.o(i.USB_ReadInterrupts)
    USB_ReadPacket                           0x0800427b   Thumb Code    28  stm32f4xx_ll_usb.o(i.USB_ReadPacket)
    USB_ResetPort                            0x08004297   Thumb Code    50  stm32f4xx_ll_usb.o(i.USB_ResetPort)
    USB_SetCurrentMode                       0x080042c9   Thumb Code    46  stm32f4xx_ll_usb.o(i.USB_SetCurrentMode)
    USB_StopHost                             0x080042f9   Thumb Code   126  stm32f4xx_ll_usb.o(i.USB_StopHost)
    USB_WritePacket                          0x08004377   Thumb Code    36  stm32f4xx_ll_usb.o(i.USB_WritePacket)
    UsageFault_Handler                       0x0800439b   Thumb Code     2  stm32f4xx_it.o(i.UsageFault_Handler)
    __0printf$bare                           0x0800439d   Thumb Code     8  printfb.o(i.__0printf$bare)
    __1printf$bare                           0x0800439d   Thumb Code     0  printfb.o(i.__0printf$bare)
    __2printf                                0x0800439d   Thumb Code     0  printfb.o(i.__0printf$bare)
    __scatterload_copy                       0x080043cd   Thumb Code    14  handlers.o(i.__scatterload_copy)
    __scatterload_null                       0x080043db   Thumb Code     2  handlers.o(i.__scatterload_null)
    __scatterload_zeroinit                   0x080043dd   Thumb Code    14  handlers.o(i.__scatterload_zeroinit)
    disk_initialize                          0x08004d0d   Thumb Code    36  diskio.o(i.disk_initialize)
    disk_ioctl                               0x08004d35   Thumb Code    24  diskio.o(i.disk_ioctl)
    disk_read                                0x08004d51   Thumb Code    24  diskio.o(i.disk_read)
    disk_status                              0x08004d6d   Thumb Code    18  diskio.o(i.disk_status)
    disk_write                               0x08004d85   Thumb Code    24  diskio.o(i.disk_write)
    f_close                                  0x08004da1   Thumb Code    40  ff.o(i.f_close)
    f_mount                                  0x08004dc9   Thumb Code    84  ff.o(i.f_mount)
    f_open                                   0x08004e21   Thumb Code   528  ff.o(i.f_open)
    f_sync                                   0x08005035   Thumb Code   142  ff.o(i.f_sync)
    f_write                                  0x080050c3   Thumb Code   398  ff.o(i.f_write)
    ff_convert                               0x08005251   Thumb Code    68  cc936.o(i.ff_convert)
    ff_wtoupper                              0x0800529d   Thumb Code   120  cc936.o(i.ff_wtoupper)
    fputc                                    0x080055e5   Thumb Code    18  usart.o(i.fputc)
    free                                     0x080055fd   Thumb Code    76  malloc.o(i.free)
    get_fattime                              0x08005797   Thumb Code     4  fatfs.o(i.get_fattime)
    main                                     0x080058a1   Thumb Code   152  main.o(i.main)
    malloc                                   0x080059ad   Thumb Code    92  malloc.o(i.malloc)
    USBH_Driver                              0x08005d34   Data          20  usbh_diskio.o(.constdata)
    AHBPrescTable                            0x08005d50   Data          16  system_stm32f4xx.o(.constdata)
    APBPrescTable                            0x08005d60   Data           8  system_stm32f4xx.o(.constdata)
    Region$$Table$$Base                      0x0803094c   Number         0  anon$$obj.o(Region$$Table)
    Region$$Table$$Limit                     0x0803096c   Number         0  anon$$obj.o(Region$$Table)
    retUSBH                                  0x20000000   Data           1  fatfs.o(.data)
    USBHPath                                 0x20000001   Data           4  fatfs.o(.data)
    uart_recv_flag                           0x20000005   Data           1  usart.o(.data)
    Appli_state                              0x20000006   Data           1  usb_host.o(.data)
    uwTickFreq                               0x2000000c   Data           1  stm32f4xx_hal.o(.data)
    uwTickPrio                               0x20000010   Data           4  stm32f4xx_hal.o(.data)
    uwTick                                   0x20000014   Data           4  stm32f4xx_hal.o(.data)
    SystemCoreClock                          0x20000018   Data           4  system_stm32f4xx.o(.data)
    USBH_msc                                 0x20000024   Data          32  usbh_msc.o(.data)
    __stdout                                 0x20000044   Data           4  stdout.o(.data)
    __microlib_freelist                      0x20000048   Data           4  mvars.o(.data)
    __microlib_freelist_initialised          0x2000004c   Data           4  mvars.o(.data)
    USBHFatFS                                0x20000050   Data         564  fatfs.o(.bss)
    USBHFile                                 0x20000284   Data         560  fatfs.o(.bss)
    uart_recv_buf                            0x200004b4   Data        1024  usart.o(.bss)
    huart1                                   0x200008b4   Data          64  usart.o(.bss)
    hdma_usart1_rx                           0x200008f4   Data          96  usart.o(.bss)
    hUsbHostHS                               0x20000954   Data         972  usb_host.o(.bss)
    hhcd_USB_OTG_HS                          0x20000d20   Data         708  usbh_conf.o(.bss)
    disk                                     0x20001004   Data          12  ff_gen_drv.o(.bss)
    __heap_base                              0x20001010   Data           0  startup_stm32f429xx.o(HEAP)
    __heap_limit                             0x20001210   Data           0  startup_stm32f429xx.o(HEAP)
    __initial_sp                             0x20001610   Data           0  startup_stm32f429xx.o(STACK)



==============================================================================

Memory Map of the image

  Image Entry point : 0x080001ad

  Load Region LR_IROM1 (Base: 0x08000000, Size: 0x000309bc, Max: 0x00100000, ABSOLUTE)

    Execution Region ER_IROM1 (Exec base: 0x08000000, Load base: 0x08000000, Size: 0x0003096c, Max: 0x00100000, ABSOLUTE)

    Exec Addr    Load Addr    Size         Type   Attr      Idx    E Section Name        Object

    0x08000000   0x08000000   0x000001ac   Data   RO            3    RESET               startup_stm32f429xx.o
    0x080001ac   0x080001ac   0x00000000   Code   RO         3889  * .ARM.Collect$$$$00000000  mc_w.l(entry.o)
    0x080001ac   0x080001ac   0x00000004   Code   RO         4188    .ARM.Collect$$$$00000001  mc_w.l(entry2.o)
    0x080001b0   0x080001b0   0x00000004   Code   RO         4191    .ARM.Collect$$$$00000004  mc_w.l(entry5.o)
    0x080001b4   0x080001b4   0x00000000   Code   RO         4193    .ARM.Collect$$$$00000008  mc_w.l(entry7b.o)
    0x080001b4   0x080001b4   0x00000000   Code   RO         4195    .ARM.Collect$$$$0000000A  mc_w.l(entry8b.o)
    0x080001b4   0x080001b4   0x00000008   Code   RO         4196    .ARM.Collect$$$$0000000B  mc_w.l(entry9a.o)
    0x080001bc   0x080001bc   0x00000000   Code   RO         4198    .ARM.Collect$$$$0000000D  mc_w.l(entry10a.o)
    0x080001bc   0x080001bc   0x00000000   Code   RO         4200    .ARM.Collect$$$$0000000F  mc_w.l(entry11a.o)
    0x080001bc   0x080001bc   0x00000004   Code   RO         4189    .ARM.Collect$$$$00002712  mc_w.l(entry2.o)
    0x080001c0   0x080001c0   0x00000024   Code   RO            4    .text               startup_stm32f429xx.o
    0x080001e4   0x080001e4   0x00000062   Code   RO         3892    .text               mc_w.l(uldiv.o)
    0x08000246   0x08000246   0x00000024   Code   RO         3894    .text               mc_w.l(memcpya.o)
    0x0800026a   0x0800026a   0x00000024   Code   RO         3896    .text               mc_w.l(memseta.o)
    0x0800028e   0x0800028e   0x0000001e   Code   RO         4205    .text               mc_w.l(llshl.o)
    0x080002ac   0x080002ac   0x00000020   Code   RO         4207    .text               mc_w.l(llushr.o)
    0x080002cc   0x080002cc   0x00000024   Code   RO         4222    .text               mc_w.l(init.o)
    0x080002f0   0x080002f0   0x00000002   Code   RO          631    i.BusFault_Handler  stm32f4xx_it.o
    0x080002f2   0x080002f2   0x00000002   PAD
    0x080002f4   0x080002f4   0x0000000c   Code   RO          632    i.DMA2_Stream2_IRQHandler  stm32f4xx_it.o
    0x08000300   0x08000300   0x00000028   Code   RO         2098    i.DMA_CalcBaseAndBitshift  stm32f4xx_hal_dma.o
    0x08000328   0x08000328   0x00000054   Code   RO         2099    i.DMA_CheckFifoParam  stm32f4xx_hal_dma.o
    0x0800037c   0x0800037c   0x00000028   Code   RO         2100    i.DMA_SetConfig     stm32f4xx_hal_dma.o
    0x080003a4   0x080003a4   0x00000048   Code   RO         3358    i.DeInitStateMachine  usbh_core.o
    0x080003ec   0x080003ec   0x00000002   Code   RO          633    i.DebugMon_Handler  stm32f4xx_it.o
    0x080003ee   0x080003ee   0x00000002   PAD
    0x080003f0   0x080003f0   0x00000010   Code   RO           13    i.Error_Handler     main.o
    0x08000400   0x08000400   0x00000006   Code   RO         3252    i.FATFS_LinkDriver  ff_gen_drv.o
    0x08000406   0x08000406   0x00000002   PAD
    0x08000408   0x08000408   0x00000040   Code   RO         3253    i.FATFS_LinkDriverEx  ff_gen_drv.o
    0x08000448   0x08000448   0x0000008e   Code   RO         2101    i.HAL_DMA_Abort     stm32f4xx_hal_dma.o
    0x080004d6   0x080004d6   0x00000024   Code   RO         2102    i.HAL_DMA_Abort_IT  stm32f4xx_hal_dma.o
    0x080004fa   0x080004fa   0x00000002   PAD
    0x080004fc   0x080004fc   0x000001a0   Code   RO         2106    i.HAL_DMA_IRQHandler  stm32f4xx_hal_dma.o
    0x0800069c   0x0800069c   0x000000d4   Code   RO         2107    i.HAL_DMA_Init      stm32f4xx_hal_dma.o
    0x08000770   0x08000770   0x00000078   Code   RO         2111    i.HAL_DMA_Start_IT  stm32f4xx_hal_dma.o
    0x080007e8   0x080007e8   0x00000024   Code   RO         2538    i.HAL_Delay         stm32f4xx_hal.o
    0x0800080c   0x0800080c   0x000001cc   Code   RO         1994    i.HAL_GPIO_Init     stm32f4xx_hal_gpio.o
    0x080009d8   0x080009d8   0x0000000a   Code   RO         1998    i.HAL_GPIO_WritePin  stm32f4xx_hal_gpio.o
    0x080009e2   0x080009e2   0x00000002   PAD
    0x080009e4   0x080009e4   0x0000000c   Code   RO         2546    i.HAL_GetTick       stm32f4xx_hal.o
    0x080009f0   0x080009f0   0x00000008   Code   RO          453    i.HAL_HCD_Connect_Callback  usbh_conf.o
    0x080009f8   0x080009f8   0x00000008   Code   RO          454    i.HAL_HCD_Disconnect_Callback  usbh_conf.o
    0x08000a00   0x08000a00   0x00000006   Code   RO          752    i.HAL_HCD_GetCurrentFrame  stm32f4xx_hal_hcd.o
    0x08000a06   0x08000a06   0x00000006   Code   RO          753    i.HAL_HCD_GetCurrentSpeed  stm32f4xx_hal_hcd.o
    0x08000a0c   0x08000a0c   0x0000000e   Code   RO          756    i.HAL_HCD_HC_GetURBState  stm32f4xx_hal_hcd.o
    0x08000a1a   0x08000a1a   0x0000000c   Code   RO          757    i.HAL_HCD_HC_GetXferCount  stm32f4xx_hal_hcd.o
    0x08000a26   0x08000a26   0x00000024   Code   RO          758    i.HAL_HCD_HC_Halt   stm32f4xx_hal_hcd.o
    0x08000a4a   0x08000a4a   0x00000072   Code   RO          759    i.HAL_HCD_HC_Init   stm32f4xx_hal_hcd.o
    0x08000abc   0x08000abc   0x00000002   Code   RO          455    i.HAL_HCD_HC_NotifyURBChange_Callback  usbh_conf.o
    0x08000abe   0x08000abe   0x0000008e   Code   RO          761    i.HAL_HCD_HC_SubmitRequest  stm32f4xx_hal_hcd.o
    0x08000b4c   0x08000b4c   0x00000132   Code   RO          762    i.HAL_HCD_IRQHandler  stm32f4xx_hal_hcd.o
    0x08000c7e   0x08000c7e   0x00000068   Code   RO          763    i.HAL_HCD_Init      stm32f4xx_hal_hcd.o
    0x08000ce6   0x08000ce6   0x00000002   PAD
    0x08000ce8   0x08000ce8   0x00000078   Code   RO          457    i.HAL_HCD_MspInit   usbh_conf.o
    0x08000d60   0x08000d60   0x00000008   Code   RO          458    i.HAL_HCD_PortDisabled_Callback  usbh_conf.o
    0x08000d68   0x08000d68   0x00000008   Code   RO          459    i.HAL_HCD_PortEnabled_Callback  usbh_conf.o
    0x08000d70   0x08000d70   0x00000006   Code   RO          768    i.HAL_HCD_ResetPort  stm32f4xx_hal_hcd.o
    0x08000d76   0x08000d76   0x00000008   Code   RO          460    i.HAL_HCD_SOF_Callback  usbh_conf.o
    0x08000d7e   0x08000d7e   0x0000002c   Code   RO          770    i.HAL_HCD_Start     stm32f4xx_hal_hcd.o
    0x08000daa   0x08000daa   0x00000024   Code   RO          771    i.HAL_HCD_Stop      stm32f4xx_hal_hcd.o
    0x08000dce   0x08000dce   0x00000002   PAD
    0x08000dd0   0x08000dd0   0x00000010   Code   RO         2552    i.HAL_IncTick       stm32f4xx_hal.o
    0x08000de0   0x08000de0   0x00000034   Code   RO         2553    i.HAL_Init          stm32f4xx_hal.o
    0x08000e14   0x08000e14   0x00000040   Code   RO         2554    i.HAL_InitTick      stm32f4xx_hal.o
    0x08000e54   0x08000e54   0x00000030   Code   RO          725    i.HAL_MspInit       stm32f4xx_hal_msp.o
    0x08000e84   0x08000e84   0x0000001a   Code   RO         2401    i.HAL_NVIC_EnableIRQ  stm32f4xx_hal_cortex.o
    0x08000e9e   0x08000e9e   0x00000002   PAD
    0x08000ea0   0x08000ea0   0x00000040   Code   RO         2407    i.HAL_NVIC_SetPriority  stm32f4xx_hal_cortex.o
    0x08000ee0   0x08000ee0   0x00000024   Code   RO         2408    i.HAL_NVIC_SetPriorityGrouping  stm32f4xx_hal_cortex.o
    0x08000f04   0x08000f04   0x00000130   Code   RO         1588    i.HAL_RCC_ClockConfig  stm32f4xx_hal_rcc.o
    0x08001034   0x08001034   0x00000020   Code   RO         1595    i.HAL_RCC_GetPCLK1Freq  stm32f4xx_hal_rcc.o
    0x08001054   0x08001054   0x00000020   Code   RO         1596    i.HAL_RCC_GetPCLK2Freq  stm32f4xx_hal_rcc.o
    0x08001074   0x08001074   0x00000064   Code   RO         1597    i.HAL_RCC_GetSysClockFreq  stm32f4xx_hal_rcc.o
    0x080010d8   0x080010d8   0x0000031c   Code   RO         1600    i.HAL_RCC_OscConfig  stm32f4xx_hal_rcc.o
    0x080013f4   0x080013f4   0x00000028   Code   RO         2412    i.HAL_SYSTICK_Config  stm32f4xx_hal_cortex.o
    0x0800141c   0x0800141c   0x00000058   Code   RO         1280    i.HAL_UART_DMAStop  stm32f4xx_hal_uart.o
    0x08001474   0x08001474   0x00000002   Code   RO         1282    i.HAL_UART_ErrorCallback  stm32f4xx_hal_uart.o
    0x08001476   0x08001476   0x00000002   PAD
    0x08001478   0x08001478   0x00000110   Code   RO         1285    i.HAL_UART_IRQHandler  stm32f4xx_hal_uart.o
    0x08001588   0x08001588   0x00000062   Code   RO         1286    i.HAL_UART_Init     stm32f4xx_hal_uart.o
    0x080015ea   0x080015ea   0x00000002   PAD
    0x080015ec   0x080015ec   0x000000b8   Code   RO          365    i.HAL_UART_MspInit  usart.o
    0x080016a4   0x080016a4   0x00000098   Code   RO         1290    i.HAL_UART_Receive_DMA  stm32f4xx_hal_uart.o
    0x0800173c   0x0800173c   0x00000002   Code   RO         1292    i.HAL_UART_RxCpltCallback  stm32f4xx_hal_uart.o
    0x0800173e   0x0800173e   0x00000002   Code   RO         1293    i.HAL_UART_RxHalfCpltCallback  stm32f4xx_hal_uart.o
    0x08001740   0x08001740   0x000000ba   Code   RO         1294    i.HAL_UART_Transmit  stm32f4xx_hal_uart.o
    0x080017fa   0x080017fa   0x00000002   Code   RO         1297    i.HAL_UART_TxCpltCallback  stm32f4xx_hal_uart.o
    0x080017fc   0x080017fc   0x0000022c   Code   RO          772    i.HCD_HC_IN_IRQHandler  stm32f4xx_hal_hcd.o
    0x08001a28   0x08001a28   0x00000244   Code   RO          773    i.HCD_HC_OUT_IRQHandler  stm32f4xx_hal_hcd.o
    0x08001c6c   0x08001c6c   0x000000b8   Code   RO          774    i.HCD_Port_IRQHandler  stm32f4xx_hal_hcd.o
    0x08001d24   0x08001d24   0x00000070   Code   RO          775    i.HCD_RXQLVL_IRQHandler  stm32f4xx_hal_hcd.o
    0x08001d94   0x08001d94   0x00000002   Code   RO          634    i.HardFault_Handler  stm32f4xx_it.o
    0x08001d96   0x08001d96   0x00000002   PAD
    0x08001d98   0x08001d98   0x0000002c   Code   RO          247    i.MX_DMA_Init       dma.o
    0x08001dc4   0x08001dc4   0x0000001c   Code   RO          326    i.MX_FATFS_Init     fatfs.o
    0x08001de0   0x08001de0   0x0000006c   Code   RO          223    i.MX_GPIO_Init      gpio.o
    0x08001e4c   0x08001e4c   0x00000038   Code   RO          366    i.MX_USART1_UART_Init  usart.o
    0x08001e84   0x08001e84   0x00000040   Code   RO          414    i.MX_USB_HOST_Init  usb_host.o
    0x08001ec4   0x08001ec4   0x0000000c   Code   RO          415    i.MX_USB_HOST_Process  usb_host.o
    0x08001ed0   0x08001ed0   0x00000002   Code   RO          635    i.MemManage_Handler  stm32f4xx_it.o
    0x08001ed2   0x08001ed2   0x00000002   Code   RO          636    i.NMI_Handler       stm32f4xx_it.o
    0x08001ed4   0x08001ed4   0x0000000c   Code   RO          637    i.OTG_HS_IRQHandler  stm32f4xx_it.o
    0x08001ee0   0x08001ee0   0x00000002   Code   RO          638    i.PendSV_Handler    stm32f4xx_it.o
    0x08001ee2   0x08001ee2   0x00000002   Code   RO          639    i.SVC_Handler       stm32f4xx_it.o
    0x08001ee4   0x08001ee4   0x00000004   Code   RO          640    i.SysTick_Handler   stm32f4xx_it.o
    0x08001ee8   0x08001ee8   0x0000009c   Code   RO           14    i.SystemClock_Config  main.o
    0x08001f84   0x08001f84   0x00000054   Code   RO         2799    i.SystemInit        system_stm32f4xx.o
    0x08001fd8   0x08001fd8   0x00000010   Code   RO         1299    i.UART_DMAAbortOnError  stm32f4xx_hal_uart.o
    0x08001fe8   0x08001fe8   0x0000004a   Code   RO         1300    i.UART_DMAError     stm32f4xx_hal_uart.o
    0x08002032   0x08002032   0x0000003c   Code   RO         1301    i.UART_DMAReceiveCplt  stm32f4xx_hal_uart.o
    0x0800206e   0x0800206e   0x0000000a   Code   RO         1303    i.UART_DMARxHalfCplt  stm32f4xx_hal_uart.o
    0x08002078   0x08002078   0x0000001c   Code   RO         1309    i.UART_EndRxTransfer  stm32f4xx_hal_uart.o
    0x08002094   0x08002094   0x00000012   Code   RO         1310    i.UART_EndTxTransfer  stm32f4xx_hal_uart.o
    0x080020a6   0x080020a6   0x00000096   Code   RO         1311    i.UART_Receive_IT   stm32f4xx_hal_uart.o
    0x0800213c   0x0800213c   0x000002ac   Code   RO         1312    i.UART_SetConfig    stm32f4xx_hal_uart.o
    0x080023e8   0x080023e8   0x00000062   Code   RO         1313    i.UART_Transmit_IT  stm32f4xx_hal_uart.o
    0x0800244a   0x0800244a   0x00000064   Code   RO         1314    i.UART_WaitOnFlagUntilTimeout  stm32f4xx_hal_uart.o
    0x080024ae   0x080024ae   0x00000002   PAD
    0x080024b0   0x080024b0   0x00000040   Code   RO          641    i.USART1_IRQHandler  stm32f4xx_it.o
    0x080024f0   0x080024f0   0x00000034   Code   RO         3658    i.USBH_AllocPipe    usbh_pipes.o
    0x08002524   0x08002524   0x00000020   Code   RO         3586    i.USBH_BulkReceiveData  usbh_ioreq.o
    0x08002544   0x08002544   0x00000028   Code   RO         3587    i.USBH_BulkSendData  usbh_ioreq.o
    0x0800256c   0x0800256c   0x0000000a   Code   RO         3659    i.USBH_ClosePipe    usbh_pipes.o
    0x08002576   0x08002576   0x0000001e   Code   RO         3492    i.USBH_ClrFeature   usbh_ctlreq.o
    0x08002594   0x08002594   0x0000001e   Code   RO         3588    i.USBH_CtlReceiveData  usbh_ioreq.o
    0x080025b2   0x080025b2   0x0000003a   Code   RO         3493    i.USBH_CtlReq       usbh_ctlreq.o
    0x080025ec   0x080025ec   0x00000028   Code   RO         3589    i.USBH_CtlSendData  usbh_ioreq.o
    0x08002614   0x08002614   0x0000001e   Code   RO         3590    i.USBH_CtlSendSetup  usbh_ioreq.o
    0x08002632   0x08002632   0x00000004   Code   RO          461    i.USBH_Delay        usbh_conf.o
    0x08002636   0x08002636   0x00000002   PAD
    0x08002638   0x08002638   0x00000044   Code   RO         3360    i.USBH_FindInterface  usbh_core.o
    0x0800267c   0x0800267c   0x00000018   Code   RO         3660    i.USBH_FreePipe     usbh_pipes.o
    0x08002694   0x08002694   0x00000034   Code   RO         3494    i.USBH_GetDescriptor  usbh_ctlreq.o
    0x080026c8   0x080026c8   0x0000000e   Code   RO         3495    i.USBH_GetNextDesc  usbh_ctlreq.o
    0x080026d6   0x080026d6   0x0000002c   Code   RO         3496    i.USBH_Get_CfgDesc  usbh_ctlreq.o
    0x08002702   0x08002702   0x00000090   Code   RO         3497    i.USBH_Get_DevDesc  usbh_ctlreq.o
    0x08002792   0x08002792   0x00000048   Code   RO         3498    i.USBH_Get_StringDesc  usbh_ctlreq.o
    0x080027da   0x080027da   0x00000018   Code   RO          462    i.USBH_Get_USB_Status  usbh_conf.o
    0x080027f2   0x080027f2   0x0000018a   Code   RO         3499    i.USBH_HandleControl  usbh_ctlreq.o
    0x0800297c   0x0800297c   0x000000f2   Code   RO         3363    i.USBH_HandleEnum   usbh_core.o
    0x08002a6e   0x08002a6e   0x00000030   Code   RO         3364    i.USBH_Init         usbh_core.o
    0x08002a9e   0x08002a9e   0x00000012   Code   RO          463    i.USBH_LL_ClosePipe  usbh_conf.o
    0x08002ab0   0x08002ab0   0x0000002a   Code   RO         3366    i.USBH_LL_Connect   usbh_core.o
    0x08002ada   0x08002ada   0x00000038   Code   RO         3367    i.USBH_LL_Disconnect  usbh_core.o
    0x08002b12   0x08002b12   0x0000000c   Code   RO          465    i.USBH_LL_DriverVBUS  usbh_conf.o
    0x08002b1e   0x08002b1e   0x00000008   Code   RO          466    i.USBH_LL_GetLastXferSize  usbh_conf.o
    0x08002b26   0x08002b26   0x00000022   Code   RO          467    i.USBH_LL_GetSpeed  usbh_conf.o
    0x08002b48   0x08002b48   0x0000001e   Code   RO          468    i.USBH_LL_GetToggle  usbh_conf.o
    0x08002b66   0x08002b66   0x00000008   Code   RO          469    i.USBH_LL_GetURBState  usbh_conf.o
    0x08002b6e   0x08002b6e   0x0000001e   Code   RO         3368    i.USBH_LL_IncTimer  usbh_core.o
    0x08002b8c   0x08002b8c   0x00000054   Code   RO          470    i.USBH_LL_Init      usbh_conf.o
    0x08002be0   0x08002be0   0x0000001c   Code   RO          471    i.USBH_LL_OpenPipe  usbh_conf.o
    0x08002bfc   0x08002bfc   0x00000008   Code   RO         3369    i.USBH_LL_PortDisabled  usbh_core.o
    0x08002c04   0x08002c04   0x00000008   Code   RO         3370    i.USBH_LL_PortEnabled  usbh_core.o
    0x08002c0c   0x08002c0c   0x00000012   Code   RO          472    i.USBH_LL_ResetPort  usbh_conf.o
    0x08002c1e   0x08002c1e   0x00000006   Code   RO         3371    i.USBH_LL_SetTimer  usbh_core.o
    0x08002c24   0x08002c24   0x00000020   Code   RO          473    i.USBH_LL_SetToggle  usbh_conf.o
    0x08002c44   0x08002c44   0x00000012   Code   RO          474    i.USBH_LL_Start     usbh_conf.o
    0x08002c56   0x08002c56   0x00000012   Code   RO          475    i.USBH_LL_Stop      usbh_conf.o
    0x08002c68   0x08002c68   0x00000022   Code   RO          476    i.USBH_LL_SubmitURB  usbh_conf.o
    0x08002c8a   0x08002c8a   0x0000001e   Code   RO         3791    i.USBH_MSC_BOT_Abort  usbh_msc_bot.o
    0x08002ca8   0x08002ca8   0x00000024   Code   RO         3792    i.USBH_MSC_BOT_Init  usbh_msc_bot.o
    0x08002ccc   0x08002ccc   0x000001dc   Code   RO         3793    i.USBH_MSC_BOT_Process  usbh_msc_bot.o
    0x08002ea8   0x08002ea8   0x00000016   Code   RO         3794    i.USBH_MSC_BOT_REQ_GetMaxLUN  usbh_msc_bot.o
    0x08002ebe   0x08002ebe   0x00000016   Code   RO         3795    i.USBH_MSC_BOT_REQ_Reset  usbh_msc_bot.o
    0x08002ed4   0x08002ed4   0x00000078   Code   RO         3700    i.USBH_MSC_ClassRequest  usbh_msc.o
    0x08002f4c   0x08002f4c   0x0000002e   Code   RO         3701    i.USBH_MSC_GetLUNInfo  usbh_msc.o
    0x08002f7a   0x08002f7a   0x0000004a   Code   RO         3703    i.USBH_MSC_InterfaceDeInit  usbh_msc.o
    0x08002fc4   0x08002fc4   0x0000014c   Code   RO         3704    i.USBH_MSC_InterfaceInit  usbh_msc.o
    0x08003110   0x08003110   0x0000027e   Code   RO         3706    i.USBH_MSC_Process  usbh_msc.o
    0x0800338e   0x0800338e   0x00000002   PAD
    0x08003390   0x08003390   0x0000008e   Code   RO         3707    i.USBH_MSC_RdWrProcess  usbh_msc.o
    0x0800341e   0x0800341e   0x0000008a   Code   RO         3708    i.USBH_MSC_Read     usbh_msc.o
    0x080034a8   0x080034a8   0x000000d4   Code   RO         3838    i.USBH_MSC_SCSI_Inquiry  usbh_msc_scsi.o
    0x0800357c   0x0800357c   0x00000080   Code   RO         3839    i.USBH_MSC_SCSI_Read  usbh_msc_scsi.o
    0x080035fc   0x080035fc   0x0000007a   Code   RO         3840    i.USBH_MSC_SCSI_ReadCapacity  usbh_msc_scsi.o
    0x08003676   0x08003676   0x00000092   Code   RO         3841    i.USBH_MSC_SCSI_RequestSense  usbh_msc_scsi.o
    0x08003708   0x08003708   0x0000004c   Code   RO         3842    i.USBH_MSC_SCSI_TestUnitReady  usbh_msc_scsi.o
    0x08003754   0x08003754   0x00000080   Code   RO         3843    i.USBH_MSC_SCSI_Write  usbh_msc_scsi.o
    0x080037d4   0x080037d4   0x00000004   Code   RO         3709    i.USBH_MSC_SOFProcess  usbh_msc.o
    0x080037d8   0x080037d8   0x00000026   Code   RO         3710    i.USBH_MSC_UnitIsReady  usbh_msc.o
    0x080037fe   0x080037fe   0x0000008a   Code   RO         3711    i.USBH_MSC_Write    usbh_msc.o
    0x08003888   0x08003888   0x00000014   Code   RO         3661    i.USBH_OpenPipe     usbh_pipes.o
    0x0800389c   0x0800389c   0x000000dc   Code   RO         3500    i.USBH_ParseCfgDesc  usbh_ctlreq.o
    0x08003978   0x08003978   0x000001a0   Code   RO         3372    i.USBH_Process      usbh_core.o
    0x08003b18   0x08003b18   0x0000001c   Code   RO         3374    i.USBH_RegisterClass  usbh_core.o
    0x08003b34   0x08003b34   0x00000016   Code   RO         3375    i.USBH_SelectInterface  usbh_core.o
    0x08003b4a   0x08003b4a   0x0000001c   Code   RO         3501    i.USBH_SetAddress   usbh_ctlreq.o
    0x08003b66   0x08003b66   0x0000001c   Code   RO         3502    i.USBH_SetCfg       usbh_ctlreq.o
    0x08003b82   0x08003b82   0x0000001c   Code   RO         3503    i.USBH_SetFeature   usbh_ctlreq.o
    0x08003b9e   0x08003b9e   0x00000014   Code   RO         3376    i.USBH_Start        usbh_core.o
    0x08003bb2   0x08003bb2   0x00000002   PAD
    0x08003bb4   0x08003bb4   0x00000020   Code   RO          416    i.USBH_UserProcess  usb_host.o
    0x08003bd4   0x08003bd4   0x00000004   Code   RO          271    i.USBH_initialize   usbh_diskio.o
    0x08003bd8   0x08003bd8   0x00000064   Code   RO          272    i.USBH_ioctl        usbh_diskio.o
    0x08003c3c   0x08003c3c   0x00000044   Code   RO          273    i.USBH_read         usbh_diskio.o
    0x08003c80   0x08003c80   0x00000018   Code   RO          274    i.USBH_status       usbh_diskio.o
    0x08003c98   0x08003c98   0x0000004c   Code   RO          275    i.USBH_write        usbh_diskio.o
    0x08003ce4   0x08003ce4   0x00000074   Code   RO          930    i.USB_CoreInit      stm32f4xx_ll_usb.o
    0x08003d58   0x08003d58   0x00000038   Code   RO          931    i.USB_CoreReset     stm32f4xx_ll_usb.o
    0x08003d90   0x08003d90   0x0000000c   Code   RO          938    i.USB_DisableGlobalInt  stm32f4xx_ll_usb.o
    0x08003d9c   0x08003d9c   0x00000024   Code   RO          939    i.USB_DoPing        stm32f4xx_ll_usb.o
    0x08003dc0   0x08003dc0   0x0000002c   Code   RO          940    i.USB_DriveVbus     stm32f4xx_ll_usb.o
    0x08003dec   0x08003dec   0x0000000c   Code   RO          946    i.USB_EnableGlobalInt  stm32f4xx_ll_usb.o
    0x08003df8   0x08003df8   0x00000020   Code   RO          947    i.USB_FlushRxFifo   stm32f4xx_ll_usb.o
    0x08003e18   0x08003e18   0x00000024   Code   RO          948    i.USB_FlushTxFifo   stm32f4xx_ll_usb.o
    0x08003e3c   0x08003e3c   0x00000008   Code   RO          949    i.USB_GetCurrentFrame  stm32f4xx_ll_usb.o
    0x08003e44   0x08003e44   0x0000000e   Code   RO          951    i.USB_GetHostSpeed  stm32f4xx_ll_usb.o
    0x08003e52   0x08003e52   0x00000008   Code   RO          952    i.USB_GetMode       stm32f4xx_ll_usb.o
    0x08003e5a   0x08003e5a   0x000000c2   Code   RO          953    i.USB_HC_Halt       stm32f4xx_ll_usb.o
    0x08003f1c   0x08003f1c   0x000000f0   Code   RO          954    i.USB_HC_Init       stm32f4xx_ll_usb.o
    0x0800400c   0x0800400c   0x00000008   Code   RO          955    i.USB_HC_ReadInterrupt  stm32f4xx_ll_usb.o
    0x08004014   0x08004014   0x00000150   Code   RO          956    i.USB_HC_StartXfer  stm32f4xx_ll_usb.o
    0x08004164   0x08004164   0x000000d8   Code   RO          957    i.USB_HostInit      stm32f4xx_ll_usb.o
    0x0800423c   0x0800423c   0x00000036   Code   RO          958    i.USB_InitFSLSPClkSel  stm32f4xx_ll_usb.o
    0x08004272   0x08004272   0x00000008   Code   RO          963    i.USB_ReadInterrupts  stm32f4xx_ll_usb.o
    0x0800427a   0x0800427a   0x0000001c   Code   RO          964    i.USB_ReadPacket    stm32f4xx_ll_usb.o
    0x08004296   0x08004296   0x00000032   Code   RO          965    i.USB_ResetPort     stm32f4xx_ll_usb.o
    0x080042c8   0x080042c8   0x0000002e   Code   RO          966    i.USB_SetCurrentMode  stm32f4xx_ll_usb.o
    0x080042f6   0x080042f6   0x00000002   PAD
    0x080042f8   0x080042f8   0x0000007e   Code   RO          971    i.USB_StopHost      stm32f4xx_ll_usb.o
    0x08004376   0x08004376   0x00000024   Code   RO          972    i.USB_WritePacket   stm32f4xx_ll_usb.o
    0x0800439a   0x0800439a   0x00000002   Code   RO          642    i.UsageFault_Handler  stm32f4xx_it.o
    0x0800439c   0x0800439c   0x00000010   Code   RO         3901    i.__0printf$bare    mc_w.l(printfb.o)
    0x080043ac   0x080043ac   0x00000020   Code   RO         2414    i.__NVIC_SetPriority  stm32f4xx_hal_cortex.o
    0x080043cc   0x080043cc   0x0000000e   Code   RO         4230    i.__scatterload_copy  mc_w.l(handlers.o)
    0x080043da   0x080043da   0x00000002   Code   RO         4231    i.__scatterload_null  mc_w.l(handlers.o)
    0x080043dc   0x080043dc   0x0000000e   Code   RO         4232    i.__scatterload_zeroinit  mc_w.l(handlers.o)
    0x080043ea   0x080043ea   0x00000022   Code   RO         3908    i._printf_core      mc_w.l(printfb.o)
    0x0800440c   0x0800440c   0x00000070   Code   RO         2891    i.check_fs          ff.o
    0x0800447c   0x0800447c   0x00000010   Code   RO         2892    i.chk_chr           ff.o
    0x0800448c   0x0800448c   0x0000005c   Code   RO         2893    i.chk_lock          ff.o
    0x080044e8   0x080044e8   0x00000020   Code   RO         2894    i.clear_lock        ff.o
    0x08004508   0x08004508   0x00000024   Code   RO         2895    i.clmt_clust        ff.o
    0x0800452c   0x0800452c   0x00000018   Code   RO         2896    i.clust2sect        ff.o
    0x08004544   0x08004544   0x00000080   Code   RO         2897    i.cmp_lfn           ff.o
    0x080045c4   0x080045c4   0x000000a4   Code   RO         2898    i.create_chain      ff.o
    0x08004668   0x08004668   0x00000244   Code   RO         2899    i.create_name       ff.o
    0x080048ac   0x080048ac   0x00000034   Code   RO         2900    i.dec_lock          ff.o
    0x080048e0   0x080048e0   0x000000d0   Code   RO         2901    i.dir_find          ff.o
    0x080049b0   0x080049b0   0x000000f4   Code   RO         2902    i.dir_next          ff.o
    0x08004aa4   0x08004aa4   0x000001e4   Code   RO         2904    i.dir_register      ff.o
    0x08004c88   0x08004c88   0x00000082   Code   RO         2906    i.dir_sdi           ff.o
    0x08004d0a   0x08004d0a   0x00000002   PAD
    0x08004d0c   0x08004d0c   0x00000028   Code   RO         2836    i.disk_initialize   diskio.o
    0x08004d34   0x08004d34   0x0000001c   Code   RO         2837    i.disk_ioctl        diskio.o
    0x08004d50   0x08004d50   0x0000001c   Code   RO         2838    i.disk_read         diskio.o
    0x08004d6c   0x08004d6c   0x00000018   Code   RO         2839    i.disk_status       diskio.o
    0x08004d84   0x08004d84   0x0000001c   Code   RO         2840    i.disk_write        diskio.o
    0x08004da0   0x08004da0   0x00000028   Code   RO         2907    i.f_close           ff.o
    0x08004dc8   0x08004dc8   0x00000058   Code   RO         2914    i.f_mount           ff.o
    0x08004e20   0x08004e20   0x00000214   Code   RO         2915    i.f_open            ff.o
    0x08005034   0x08005034   0x0000008e   Code   RO         2924    i.f_sync            ff.o
    0x080050c2   0x080050c2   0x0000018e   Code   RO         2927    i.f_write           ff.o
    0x08005250   0x08005250   0x0000004c   Code   RO         3326    i.ff_convert        cc936.o
    0x0800529c   0x0800529c   0x00000080   Code   RO         3327    i.ff_wtoupper       cc936.o
    0x0800531c   0x0800531c   0x00000254   Code   RO         2928    i.find_volume       ff.o
    0x08005570   0x08005570   0x00000074   Code   RO         2929    i.follow_path       ff.o
    0x080055e4   0x080055e4   0x00000018   Code   RO          367    i.fputc             usart.o
    0x080055fc   0x080055fc   0x00000050   Code   RO         4160    i.free              mc_w.l(malloc.o)
    0x0800564c   0x0800564c   0x0000008c   Code   RO         2930    i.gen_numname       ff.o
    0x080056d8   0x080056d8   0x000000be   Code   RO         2931    i.get_fat           ff.o
    0x08005796   0x08005796   0x00000004   Code   RO          327    i.get_fattime       fatfs.o
    0x0800579a   0x0800579a   0x0000003c   Code   RO         2933    i.get_ldnumber      ff.o
    0x080057d6   0x080057d6   0x00000002   PAD
    0x080057d8   0x080057d8   0x00000080   Code   RO         2934    i.inc_lock          ff.o
    0x08005858   0x08005858   0x00000026   Code   RO         2935    i.ld_clust          ff.o
    0x0800587e   0x0800587e   0x00000016   Code   RO         2936    i.ld_dword          ff.o
    0x08005894   0x08005894   0x0000000a   Code   RO         2937    i.ld_word           ff.o
    0x0800589e   0x0800589e   0x00000002   PAD
    0x080058a0   0x080058a0   0x0000010c   Code   RO           15    i.main              main.o
    0x080059ac   0x080059ac   0x0000006c   Code   RO         4161    i.malloc            mc_w.l(malloc.o)
    0x08005a18   0x08005a18   0x00000012   Code   RO         2938    i.mem_cpy           ff.o
    0x08005a2a   0x08005a2a   0x00000002   PAD
    0x08005a2c   0x08005a2c   0x0000000e   Code   RO         2939    i.mem_set           ff.o
    0x08005a3a   0x08005a3a   0x00000032   Code   RO         2940    i.move_window       ff.o
    0x08005a6c   0x08005a6c   0x000000ea   Code   RO         2942    i.put_fat           ff.o
    0x08005b56   0x08005b56   0x00000074   Code   RO         2945    i.remove_chain      ff.o
    0x08005bca   0x08005bca   0x00000028   Code   RO         2946    i.st_clust          ff.o
    0x08005bf2   0x08005bf2   0x00000010   Code   RO         2947    i.st_dword          ff.o
    0x08005c02   0x08005c02   0x00000008   Code   RO         2948    i.st_word           ff.o
    0x08005c0a   0x08005c0a   0x0000001a   Code   RO         2949    i.sum_sfn           ff.o
    0x08005c24   0x08005c24   0x00000088   Code   RO         2950    i.sync_fs           ff.o
    0x08005cac   0x08005cac   0x00000052   Code   RO         2951    i.sync_window       ff.o
    0x08005cfe   0x08005cfe   0x00000034   Code   RO         2952    i.validate          ff.o
    0x08005d32   0x08005d32   0x00000002   PAD
    0x08005d34   0x08005d34   0x00000014   Data   RO          276    .constdata          usbh_diskio.o
    0x08005d48   0x08005d48   0x00000008   Data   RO         2113    .constdata          stm32f4xx_hal_dma.o
    0x08005d50   0x08005d50   0x00000010   Data   RO         2800    .constdata          system_stm32f4xx.o
    0x08005d60   0x08005d60   0x00000008   Data   RO         2801    .constdata          system_stm32f4xx.o
    0x08005d68   0x08005d68   0x0000002a   Data   RO         2954    .constdata          ff.o
    0x08005d92   0x08005d92   0x0002abb6   Data   RO         3328    .constdata          cc936.o
    0x08030948   0x08030948   0x00000004   Data   RO         3712    .conststring        usbh_msc.o
    0x0803094c   0x0803094c   0x00000020   Data   RO         4228    Region$$Table       anon$$obj.o


    Execution Region RW_IRAM1 (Exec base: 0x20000000, Load base: 0x0803096c, Size: 0x00001610, Max: 0x00030000, ABSOLUTE)

    Exec Addr    Load Addr    Size         Type   Attr      Idx    E Section Name        Object

    0x20000000   0x0803096c   0x00000005   Data   RW          330    .data               fatfs.o
    0x20000005   0x08030971   0x00000001   Data   RW          370    .data               usart.o
    0x20000006   0x08030972   0x00000001   Data   RW          418    .data               usb_host.o
    0x20000007   0x08030973   0x00000001   PAD
    0x20000008   0x08030974   0x00000004   Data   RW          973    .data               stm32f4xx_ll_usb.o
    0x2000000c   0x08030978   0x0000000c   Data   RW         2560    .data               stm32f4xx_hal.o
    0x20000018   0x08030984   0x00000004   Data   RW         2802    .data               system_stm32f4xx.o
    0x2000001c   0x08030988   0x00000008   Data   RW         2955    .data               ff.o
    0x20000024   0x08030990   0x00000020   Data   RW         3713    .data               usbh_msc.o
    0x20000044   0x080309b0   0x00000004   Data   RW         4202    .data               mc_w.l(stdout.o)
    0x20000048   0x080309b4   0x00000004   Data   RW         4209    .data               mc_w.l(mvars.o)
    0x2000004c   0x080309b8   0x00000004   Data   RW         4210    .data               mc_w.l(mvars.o)
    0x20000050        -       0x00000234   Zero   RW          328    .bss                fatfs.o
    0x20000284        -       0x00000230   Zero   RW          329    .bss                fatfs.o
    0x200004b4        -       0x00000400   Zero   RW          368    .bss                usart.o
    0x200008b4        -       0x000000a0   Zero   RW          369    .bss                usart.o
    0x20000954        -       0x000003cc   Zero   RW          417    .bss                usb_host.o
    0x20000d20        -       0x000002c4   Zero   RW          477    .bss                usbh_conf.o
    0x20000fe4        -       0x00000020   Zero   RW         2953    .bss                ff.o
    0x20001004        -       0x0000000c   Zero   RW         3256    .bss                ff_gen_drv.o
    0x20001010        -       0x00000200   Zero   RW            2    HEAP                startup_stm32f429xx.o
    0x20001210        -       0x00000400   Zero   RW            1    STACK               startup_stm32f429xx.o


==============================================================================

Image component sizes


      Code (inc. data)   RO Data    RW Data    ZI Data      Debug   Object Name

       204         26     175030          0          0       2479   cc936.o
       148         22          0          0          0       3697   diskio.o
        44          4          0          0          0        742   dma.o
        32         10          0          5       1124       1460   fatfs.o
      5594         92         42          8         32      41877   ff.o
        70          6          0          0         12       1615   ff_gen_drv.o
       108          8          0          0          0        875   gpio.o
       440        138          0          0          0     748299   main.o
        36          8        428          0       1536        832   startup_stm32f429xx.o
       180         28          0         12          0       4537   stm32f4xx_hal.o
       198         14          0          0          0      33911   stm32f4xx_hal_cortex.o
      1090         16          8          0          0       7306   stm32f4xx_hal_dma.o
       470         52          0          0          0       2424   stm32f4xx_hal_gpio.o
      2258          4          0          0          0      13553   stm32f4xx_hal_hcd.o
        48          6          0          0          0        818   stm32f4xx_hal_msp.o
      1264         80          0          0          0       5116   stm32f4xx_hal_rcc.o
      2042         28          0          0          0      13975   stm32f4xx_hal_uart.o
       108         24          0          0          0       5909   stm32f4xx_it.o
      1716         52          0          4          0      18049   stm32f4xx_ll_usb.o
         0          0          0          0          0        536   syscall.o
        84         18         24          4          0       1143   system_stm32f4xx.o
       264         36          0          1       1184       2350   usart.o
       108         22          0          1        972       2098   usb_host.o
       532         22          0          0        708      13153   usbh_conf.o
      1066         20          0          0          0      10908   usbh_core.o
      1112         12          0          0          0      10530   usbh_ctlreq.o
       272         20         20          0          0       4045   usbh_diskio.o
       172          0          0          0          0       4320   usbh_ioreq.o
      1670         10          4         32          0      10705   usbh_msc.o
       586         28          0          0          0       4793   usbh_msc_bot.o
       812          0          0          0          0       6267   usbh_msc_scsi.o
       106          0          0          0          0       3330   usbh_pipes.o

    ----------------------------------------------------------------------
     22876        806     175588         68       5568     981652   Object Totals
         0          0         32          0          0          0   (incl. Generated)
        42          0          0          1          0          0   (incl. Padding)

    ----------------------------------------------------------------------

      Code (inc. data)   RO Data    RW Data    ZI Data      Debug   Library Member Name

         0          0          0          0          0          0   entry.o
         0          0          0          0          0          0   entry10a.o
         0          0          0          0          0          0   entry11a.o
         8          4          0          0          0          0   entry2.o
         4          0          0          0          0          0   entry5.o
         0          0          0          0          0          0   entry7b.o
         0          0          0          0          0          0   entry8b.o
         8          4          0          0          0          0   entry9a.o
        30          0          0          0          0          0   handlers.o
        36          8          0          0          0         68   init.o
        30          0          0          0          0         68   llshl.o
        32          0          0          0          0         68   llushr.o
       188         20          0          0          0        160   malloc.o
        36          0          0          0          0         68   memcpya.o
        36          0          0          0          0        108   memseta.o
         0          0          0          8          0          0   mvars.o
        50          8          0          0          0        152   printfb.o
         0          0          0          4          0          0   stdout.o
        98          0          0          0          0         92   uldiv.o

    ----------------------------------------------------------------------
       556         44          0         12          0        784   Library Totals
         0          0          0          0          0          0   (incl. Padding)

    ----------------------------------------------------------------------

      Code (inc. data)   RO Data    RW Data    ZI Data      Debug   Library Name

       556         44          0         12          0        784   mc_w.l

    ----------------------------------------------------------------------
       556         44          0         12          0        784   Library Totals

    ----------------------------------------------------------------------

==============================================================================


      Code (inc. data)   RO Data    RW Data    ZI Data      Debug   

     23432        850     175588         80       5568     958976   Grand Totals
     23432        850     175588         80       5568     958976   ELF Image Totals
     23432        850     175588         80          0          0   ROM Totals

==============================================================================

    Total RO  Size (Code + RO Data)               199020 ( 194.36kB)
    Total RW  Size (RW Data + ZI Data)              5648 (   5.52kB)
    Total ROM Size (Code + RO Data + RW Data)     199100 ( 194.43kB)

==============================================================================

